D/dalvikvm( 9504): GC_CONCURRENT freed 1392K, 22% free 21290K/26952K, paused 3ms+3ms, total 63ms
D/dalvikvm( 9504): WAIT_FOR_CONCURRENT_GC blocked 43ms
I/SELinux ( 9576): Function: selinux_android_load_priority [0], There is no sepolicy file.
I/SELinux ( 9576):  
I/SELinux ( 9576): Function: selinux_android_load_priority [1], There is no sepolicy version file.
I/SELinux ( 9576):  
I/SELinux ( 9576): Function: selinux_android_load_priority , loading version is VE=SEPF_SAMSUNG-SGH-I537_4.4.2_0026
I/SELinux ( 9576):  
I/SELinux ( 9576):  
I/SELinux ( 9576): selinux_android_seapp_context_reload: seapp_contexts file is loaded from /seapp_contexts
I/dalvikvm( 9576): Enabling JNI app bug workarounds for target SDK version 9...
D/CityIdHandsetState( 9576): Icon should not be shown. Hide to make sure it is not visible
E/EnterpriseContainerManager(  824): ContainerPolicy Service is not yet ready!!!
D/EnterpriseDeviceManager(  824): ContainerId: 0
E/EnterpriseContainerManager(  824): ContainerPolicy Service is not yet ready!!!
W/LicenseLogService(  824): log() failed
E/EnterpriseContainerManager(  824): ContainerPolicy Service is not yet ready!!!
D/CityIdHandsetState( 9576): Icon should not be shown. Hide to make sure it is not visible
E/EnterpriseContainerManager(  824): ContainerPolicy Service is not yet ready!!!
D/EnterpriseDeviceManager(  824): ContainerId: 0
E/EnterpriseContainerManager(  824): ContainerPolicy Service is not yet ready!!!
W/LicenseLogService(  824): log() failed
E/EnterpriseContainerManager(  824): ContainerPolicy Service is not yet ready!!!
I/SELinux ( 9591): Function: selinux_android_load_priority [0], There is no sepolicy file.
I/SELinux ( 9591):  
I/SELinux ( 9591): Function: selinux_android_load_priority [1], There is no sepolicy version file.
I/SELinux ( 9591):  
I/SELinux ( 9591): Function: selinux_android_load_priority , loading version is VE=SEPF_SAMSUNG-SGH-I537_4.4.2_0026
I/SELinux ( 9591):  
I/SELinux ( 9591):  
I/SELinux ( 9591): selinux_android_seapp_context_reload: seapp_contexts file is loaded from /seapp_contexts
I/SELinux ( 9591): Function: selinux_android_load_priority [0], There is no sepolicy file.
I/SELinux ( 9591):  
I/SELinux ( 9591): Function: selinux_android_load_priority [1], There is no sepolicy version file.
I/SELinux ( 9591):  
I/SELinux ( 9591): Function: selinux_android_load_priority , loading version is VE=SEPF_SAMSUNG-SGH-I537_4.4.2_0026
I/SELinux ( 9591):  
I/SELinux ( 9591):  
I/SELinux ( 9591): get_selabel_handle: file_contexts is loaded from /file_contexts
D/MediaProvider( 9591): Attached volume: internal
D/ContentApp( 9591): ContentApp()
D/ContentApp( 9591): create cache if media mounted.. media : mounted
W/linker  ( 9591): libfacerecognition.so has text relocations. This is wasting memory and is a security risk. Please fix.
D/MediaProvider( 9591): new PersonDataBaseHelper()
D/MediaScanner( 9591): Scanner initMutex res = 0
E/MP-Decision( 1823): num online cores: 4 reqd : 3 available : 4 rq_depth:1.100000 hotplug_avg_load_dw: 86
E/MP-Decision( 1823): DOWN cpu:3 core_idx:3 Ns:3.100000 Ts:240 rq:1.100000 seq:243.000000
D/MediaProvider( 9591): Attached volume: external
I/SELinux ( 9609): Function: selinux_android_load_priority [0], There is no sepolicy file.
I/SELinux ( 9609):  
I/SELinux ( 9609): Function: selinux_android_load_priority [1], There is no sepolicy version file.
I/SELinux ( 9609):  
I/SELinux ( 9609): Function: selinux_android_load_priority , loading version is VE=SEPF_SAMSUNG-SGH-I537_4.4.2_0026
I/SELinux ( 9609):  
I/SELinux ( 9609):  
I/SELinux ( 9609): selinux_android_seapp_context_reload: seapp_contexts file is loaded from /seapp_contexts
D/STATUSBAR-NetworkController( 1193): refreshSignalCluster: data=0 bt=false
I/SA      ( 9609): [SSP] onCreated
I/SA      ( 9609): [TPM] There is no property file
I/SA      ( 9609): [SCU] isHaveSA() - false
I/SA      ( 9609): [TPM] getModelProperty : null
I/SA      ( 9609): [TPM] getCSCProperty : null
I/SA      ( 9609): [DM] init START
I/SA      ( 9609): [DM] This device is not a Vodafone
I/SA      ( 9609): [DM] getCountryCodeFromCSC : US
I/SA      ( 9609): support phone number id : false
I/SA      ( 9609): [DM] init END
I/SA      ( 9609): [OR] onReceive log=[SA = 1.5.0375 V = 19 HWD = 1920X1080 3.0 dpi = 480  SIZE = 2 LOCALE = en_US CSC = ATT MCC = 310 MNC 410 T = user DEVICE = jactivelteatt P = jactivelteuc I = KOT49H M = SAMSUNG-SGH-I537 OKLEFT false DIS KOT49H.I537UCUCNH3 PSS = 4.978872676241149  ]
I/SA      ( 9609): [BDLM] already registered in spp
I/SA      ( 9609): [OR] onReceive Intent=[ conn.CONNECTIVITY_CHANGE. ]
I/SA      ( 9609): [OR] == ACTION_CONNECTIVITY_CHANGE ==
I/SA      ( 9609): [SLFUCHKMGR] constructor called
I/SA      ( 9609): [TPMU]  strSIMState 	:SIM_STATE_READY
I/SA      ( 9609): [TPMU] getMccFromUsim : 310
I/SA      ( 9609): [SCU] saveMccToPreferece Start
I/SA      ( 9609): [SCU] RegionMCC : 310
I/SA      ( 9609): [SSP] query invoked
I/SA      ( 9609): [TPMU] GetMccFromDB : null
I/SA      ( 9609): [SCU] getMccFromPreferece mcc = 310
I/SA      ( 9609): [SCU] saveMccToPreferece End
I/SA      ( 9609): [OR] onReceive END
I/SELinux ( 9629): Function: selinux_android_load_priority [0], There is no sepolicy file.
I/SELinux ( 9629):  
I/SELinux ( 9629): Function: selinux_android_load_priority [1], There is no sepolicy version file.
I/SELinux ( 9629):  
I/SELinux ( 9629): Function: selinux_android_load_priority , loading version is VE=SEPF_SAMSUNG-SGH-I537_4.4.2_0026
I/SELinux ( 9629):  
I/SELinux ( 9629):  
I/SELinux ( 9629): selinux_android_seapp_context_reload: seapp_contexts file is loaded from /seapp_contexts
D/MobileConnectivityChangeReceiver( 9629): onReceive Intent { act=android.net.conn.CONNECTIVITY_CHANGE flg=0x4000010 cmp=com.google.android.setupwizard/.MobileConnectivityChangeReceiver (has extras) }
D/MobileConnectivityChangeReceiver( 9629): onReceive CONNECTIVITY_CHANGE networkType=1
E/PhoneMonitor( 9629): onOtaspChanged old =0, new =3
V/PhoneMonitor( 9629): mOtaspPhoneStateListener#onOtaspChanged, mOtaspMode=3
I/SELinux ( 9642): Function: selinux_android_load_priority [0], There is no sepolicy file.
I/SELinux ( 9642):  
I/SELinux ( 9642): Function: selinux_android_load_priority [1], There is no sepolicy version file.
I/SELinux ( 9642):  
I/SELinux ( 9642): Function: selinux_android_load_priority , loading version is VE=SEPF_SAMSUNG-SGH-I537_4.4.2_0026
I/SELinux ( 9642):  
I/SELinux ( 9642):  
I/SELinux ( 9642): selinux_android_seapp_context_reload: seapp_contexts file is loaded from /seapp_contexts
I/CheckinService( 4111): Checking schedule, now: 1434574807040 next: 1434573213604
I/CheckinService( 4111): active receiver: enabled
E/EnterpriseContainerManager(  824): ContainerPolicy Service is not yet ready!!!
D/EnterpriseDeviceManager(  824): ContainerId: 0
E/EnterpriseContainerManager(  824): ContainerPolicy Service is not yet ready!!!
W/LicenseLogService(  824): log() failed
E/EnterpriseContainerManager(  824): ContainerPolicy Service is not yet ready!!!
D/EnterpriseDeviceManagerService(  824): Creating context as user 0
I/CheckinService( 4111): Preparing to send checkin request
I/EventLogService( 4111): Accumulating logs since 1434574465207
D/PushModule( 9642): [PushClientApplication] (main) PushClientApplication.onCreate()
I/PushModule( 9642): [PushClientApplication] (main) PushModule version: 0.9.01.12
D/PushModule( 9642): [PushClientApplication] (main) Discovered public push client. disable in app push client.
D/ChatON  ( 9642): [1][isApplicationInstalled] com.android.mms was installed
W/ContextImpl( 9642): Implicit intents with startService are not safe: Intent { act=com.sec.chaton.push.PUSH_CLIENT_SERVICE_ACTION } android.content.ContextWrapper.startService:506 com.sec.chaton.global.GlobalApplication.onCreate:358 android.app.Instrumentation.callApplicationOnCreate:1025 
W/ActivityManager(  824): Unable to start service Intent { act=com.sec.chaton.push.PUSH_CLIENT_SERVICE_ACTION } U=0: not found
D/ChatON  ( 9642): [1][a] ChatONV isn't installed.
D/ChatON  ( 9642): [1][a] ChatONVPlugIn.isAvailable()
I/GoogleURLConnFactory( 4111): Using platform SSLCertificateSocketFactory
I/CheckinRequestBuilder( 4111): Checkin reason type: 8 attempt count: 1
W/EDMNativeHelper(  265): EDMNativeHelperService is published
I/SELinux ( 9659): Function: selinux_android_load_priority [0], There is no sepolicy file.
I/SELinux ( 9659):  
I/SELinux ( 9659): Function: selinux_android_load_priority [1], There is no sepolicy version file.
I/SELinux ( 9659):  
I/SELinux ( 9659): Function: selinux_android_load_priority , loading version is VE=SEPF_SAMSUNG-SGH-I537_4.4.2_0026
I/SELinux ( 9659):  
I/SELinux ( 9659):  
I/SELinux ( 9659): selinux_android_seapp_context_reload: seapp_contexts file is loaded from /seapp_contexts
D/dalvikvm(  824): GC_EXPLICIT freed 8375K, 24% free 57259K/75076K, paused 5ms+14ms, total 210ms
I/SELinux ( 9672): Function: selinux_android_load_priority [0], There is no sepolicy file.
I/SELinux ( 9672):  
I/SELinux ( 9672): Function: selinux_android_load_priority [1], There is no sepolicy version file.
I/SELinux ( 9672):  
I/SELinux ( 9672): Function: selinux_android_load_priority , loading version is VE=SEPF_SAMSUNG-SGH-I537_4.4.2_0026
I/SELinux ( 9672):  
I/SELinux ( 9672):  
I/SELinux ( 9672): selinux_android_seapp_context_reload: seapp_contexts file is loaded from /seapp_contexts
I/ActivityManager(  824): Killing 8093:com.sec.android.provider.badge/u0a14 (adj 15): empty #31
I/GLSUser ( 1505): [GLSUser] getTokenFromCache: [account: <ELLIDED:-23668>, callingPkg: com.google.android.gms, service: AndroidCheckInServer]
E/SPPClientService( 9672): ============PushLog. commonIsShipBuild. stop!
E/SPPClientService( 9672): [PushClientApplication] Push log off : This is Ship build version
E/SPPClientService( 9672): [SystemStateMoniter] Action Name : android.net.conn.CONNECTIVITY_CHANGE
E/SPPClientService( 9672): [SystemStateMoniter] Current Time : 1733069
E/SPPClientService( 9672): [SystemStateMoniter] No Connect : false
D/SPPClientService( 9672): PushLog.txt file is not deleted.
D/SPPClientService( 9672): PushLog.txt file is not deleted.
D/SPPClientService( 9672): ============PushLog. stop!
I/SELinux ( 9686): Function: selinux_android_load_priority [0], There is no sepolicy file.
I/SELinux ( 9686):  
I/SELinux ( 9686): Function: selinux_android_load_priority [1], There is no sepolicy version file.
I/SELinux ( 9686):  
I/SELinux ( 9686): Function: selinux_android_load_priority , loading version is VE=SEPF_SAMSUNG-SGH-I537_4.4.2_0026
I/SELinux ( 9686):  
I/SELinux ( 9686):  
I/SELinux ( 9686): selinux_android_seapp_context_reload: seapp_contexts file is loaded from /seapp_contexts
I/ActivityManager(  824): Killing 8068:com.android.exchange/u0a136 (adj 15): empty #31
D/InputReader(  824): Input event: value=1 when=926592097000
I/InputReader(  824): Touch event's action is 0x0 (deviceType=0) [pCnt=1, s=0.19 ] when=926592188000
I/InputDispatcher(  824): Delivering touch to: action: 0x4
I/InputDispatcher(  824): Delivering touch to: action: 0x0
I/InputDispatcher(  824): Delivering touch to: action: 0x0
I/GLSUser ( 1505): [GLSUser] getTokenFromCache: [account: <ELLIDED:-29374>, callingPkg: com.google.android.gms, service: AndroidCheckInServer]
I/SELinux ( 9703): Function: selinux_android_load_priority [0], There is no sepolicy file.
I/SELinux ( 9703):  
I/SELinux ( 9703): Function: selinux_android_load_priority [1], There is no sepolicy version file.
I/SELinux ( 9703):  
I/SELinux ( 9703): Function: selinux_android_load_priority , loading version is VE=SEPF_SAMSUNG-SGH-I537_4.4.2_0026
I/SELinux ( 9703):  
I/SELinux ( 9703):  
I/SELinux ( 9703): selinux_android_seapp_context_reload: seapp_contexts file is loaded from /seapp_contexts
D/InputReader(  824): Input event: value=0 when=926702021000
I/InputReader(  824): Touch event's action is 0x1 (deviceType=0) [pCnt=1, s=] when=926702021000
I/InputDispatcher(  824): Delivering touch to: action: 0x1
I/InputDispatcher(  824): Delivering touch to: action: 0x1
E/DatabaseUtils(  824): Writing exception to parcel
E/DatabaseUtils(  824): java.lang.SecurityException: Permission Denial: get/set setting for user asks to run as user -2 but is calling from user 0; this requires android.permission.INTERACT_ACROSS_USERS_FULL
E/DatabaseUtils(  824): 	at com.android.server.am.ActivityManagerService.handleIncomingUser(ActivityManagerService.java:14614)
E/DatabaseUtils(  824): 	at android.app.ActivityManager.handleIncomingUser(ActivityManager.java:2258)
E/DatabaseUtils(  824): 	at com.android.providers.settings.SettingsProvider.call(SettingsProvider.java:663)
E/DatabaseUtils(  824): 	at android.content.ContentProvider$Transport.call(ContentProvider.java:325)
E/DatabaseUtils(  824): 	at android.content.ContentProviderNative.onTransact(ContentProviderNative.java:275)
E/DatabaseUtils(  824): 	at android.os.Binder.execTransact(Binder.java:404)
E/DatabaseUtils(  824): 	at dalvik.system.NativeStart.run(Native Method)
W/ActivityManager(  824): Permission Denial: get/set setting for user asks to run as user -2 but is calling from user 0; this requires android.permission.INTERACT_ACROSS_USERS_FULL
E/EnterpriseContainerManager(  824): ContainerPolicy Service is not yet ready!!!
D/EnterpriseDeviceManager(  824): ContainerId: 0
W/dalvikvm( 9703): VFY: unable to resolve static field 629 (PR_SET_DUMPABLE) in Landroid/system/OsConstants;
D/dalvikvm( 9703): VFY: replacing opcode 0x60 at 0x000b
D/PointerIcon(  824): setMouseIconStyle1 pointerType: 1001iconType:101 flag:0
D/PointerIcon(  824): setMouseCustomIcon IconType is same.101
D/PointerIcon(  824): setHoveringSpenIconStyle1 pointerType: 10001iconType:1 flag:0
D/PointerIcon(  824): setHoveringSpenCustomIcon IconType is same.1
I/MultiDex( 9703): VM with version 1.6.0 does not have multidex support
I/MultiDex( 9703): install
I/MultiDex( 9703): MultiDexExtractor.load(/data/app/com.google.android.gms-13.apk, false)
W/ActivityManager(  824): mDVFSHelper.acquire()
W/ContextImpl(  824): Calling a method in the system process without a qualified user: android.app.ContextImpl.sendBroadcast:1482 com.android.server.am.ActivityStack.startPausingLocked:1006 com.android.server.am.ActivityStackSupervisor.pauseBackStacks:696 com.android.server.am.ActivityStack.resumeTopActivityLocked:1942 com.android.server.am.ActivityStackSupervisor.resumeTopActivitiesLocked:3132 
V/SmartFaceService - 3rd party pause(  824): onReceive [android.intent.action.ACTIVITY_STATE/com.sec.android.app.launcher/pause]
I/MultiDex( 9703): loading existing secondary dex files
I/MultiDex( 9703): load found 3 secondary dex files
D/Launcher.HomeView( 1470): onPause
D/STATUSBAR-NetworkController( 1193): refreshSignalCluster: data=0 bt=false
I/SELinux ( 9721): Function: selinux_android_load_priority [0], There is no sepolicy file.
I/SELinux ( 9721):  
I/SELinux ( 9721): Function: selinux_android_load_priority [1], There is no sepolicy version file.
I/SELinux ( 9721):  
I/SELinux ( 9721): Function: selinux_android_load_priority , loading version is VE=SEPF_SAMSUNG-SGH-I537_4.4.2_0026
I/SELinux ( 9721):  
I/SELinux ( 9721):  
I/SELinux ( 9721): selinux_android_seapp_context_reload: seapp_contexts file is loaded from /seapp_contexts
I/MultiDex( 9703): install done
D/Launcher.Workspace( 1470): exitWidgetResizeMode State: NORMAL, newDragStarted: false
D/SSRMv2:AirViewOnOff(  824): DeviceInfo:: 00000000000
D/SSRMv2:AirViewOnOff(  824): SettingsAirViewInfo:: 000100000
D/dalvikvm(  280): GC_EXPLICIT freed 43K, 38% free 16762K/26952K, paused 2ms+3ms, total 26ms
V/WindowOrientationListener(  824): mSContextAutoRotationListener.getProposedRotation, mbResultFaceDectection: false
V/WindowOrientationListener(  824): mSContextAutoRotationListener.getProposedRotation, Rotation: -1
V/WindowOrientationListener(  824): mSContextAutoRotationListener.getProposedRotation, mbResultFaceDectection: false
V/WindowOrientationListener(  824): mSContextAutoRotationListener.getProposedRotation, Rotation: -1
V/WindowManager(  824): rotationForOrientationLw(orient=-1, last=0); user=0  sensorRotation=-1 mLidState=-1 mDockMode=0 mHdmiPlugged=false mAccelerometerDefault=false gripRotationLock=false
W/ContextImpl(  824): Calling a method in the system process without a qualified user: android.app.ContextImpl.sendBroadcast:1482 com.android.server.am.ActivityStack.resumeTopActivityLocked:2183 com.android.server.am.ActivityStackSupervisor.resumeTopActivitiesLocked:3132 com.android.server.am.ActivityStack.completePauseLocked:1231 com.android.server.am.ActivityStack.activityPausedLocked:1092 
D/KeyguardViewMediator( 1193): setHidden false
D/KeyguardUpdateMonitor( 1193): sendKeyguardVisibilityChanged(true)
D/KeyguardUpdateMonitor( 1193): handleKeyguardVisibilityChanged(1)
D/dalvikvm(  280): GC_EXPLICIT freed <1K, 38% free 16762K/26952K, paused 2ms+2ms, total 22ms
D/KeyguardViewMediator( 1193): setHidden false
D/KeyguardUpdateMonitor( 1193): sendKeyguardVisibilityChanged(true)
D/KeyguardUpdateMonitor( 1193): handleKeyguardVisibilityChanged(1)
V/SmartFaceService - 3rd party pause(  824): onReceive [android.intent.action.ACTIVITY_STATE/com.android.chrome/resume]
D/dalvikvm(  280): GC_EXPLICIT freed <1K, 38% free 16762K/26952K, paused 2ms+2ms, total 22ms
I/ProviderInstaller( 9703): Insert disabled by gate 'gms:security:enable_conscrypt_in_gms_application'
W/WifiP2pStateTracker(  824): WifiP2pStateReceiver : android.net.wifi.LINK_CONFIGURATION_CHANGED
D/NetworkChangeNotifierAutoDetect( 8000): Network connectivity changed, type is: 2
D/ConnectivityService(  824): handleConnectivityChange: addresses changed linkProperty[1]: resetMask=0
D/ConnectivityService(  824):    car=removed=[] added=[fe80::420e:85ff:fef9:2a8c/64,]
D/ConnectivityService(  824): handleConnectivityChange: setting default proxy info 
D/ConnectivityService(  824): updateSourceRoutes : no source routing conditions
I/SurfaceFlinger(  279): id=44 createSurf (1080x1845),4 flag=404, TurfaceView
D/KeyguardViewMediator( 1193): setHidden false
D/KeyguardUpdateMonitor( 1193): sendKeyguardVisibilityChanged(true)
D/KeyguardUpdateMonitor( 1193): handleKeyguardVisibilityChanged(1)
I/MultiDex( 9721): VM with version 1.6.0 does not have multidex support
I/MultiDex( 9721): install
I/dalvikvm( 9703): Could not find method android.content.pm.PackageManager.getPackageInstaller, referenced from method com.google.android.gms.common.ij.a
W/dalvikvm( 9703): VFY: unable to resolve virtual method 449: Landroid/content/pm/PackageManager;.getPackageInstaller ()Landroid/content/pm/PackageInstaller;
D/dalvikvm( 9703): VFY: replacing opcode 0x6e at 0x000d
I/MultiDex( 9721): MultiDexExtractor.load(/data/app/com.tripadvisor.tripadvisor-6.apk, false)
I/SurfaceFlinger(  279): id=45 createSurf (1080x1920),1 flag=4, DhromeTabbe
I/SpenGestureManager(  824): setFocusWindow21010
D/KeyguardViewMediator( 1193): setHidden false
D/KeyguardUpdateMonitor( 1193): sendKeyguardVisibilityChanged(true)
D/KeyguardUpdateMonitor( 1193): handleKeyguardVisibilityChanged(1)
D/STATUSBAR-StatusBarManagerService(  824): manageDisableList what=0x0 pkg=WindowManager.LayoutParams
D/EnterpriseDeviceManager(  824): ContainerId: 0
D/PointerIcon(  824): setMouseIconStyle1 pointerType: 1001iconType:101 flag:0
D/PointerIcon(  824): setMouseCustomIcon IconType is same.101
D/PointerIcon(  824): setHoveringSpenIconStyle1 pointerType: 10001iconType:1 flag:0
D/PointerIcon(  824): setHoveringSpenCustomIcon IconType is same.1
I/dalvikvm( 9703): Could not find method android.app.Notification$Builder.setLocalOnly, referenced from method com.google.android.gms.common.ij.b
W/dalvikvm( 9703): VFY: unable to resolve virtual method 154: Landroid/app/Notification$Builder;.setLocalOnly (Z)Landroid/app/Notification$Builder;
D/dalvikvm( 9703): VFY: replacing opcode 0x6e at 0x0201
D/KeyguardViewMediator( 1193): setHidden false
D/KeyguardUpdateMonitor( 1193): sendKeyguardVisibilityChanged(true)
D/KeyguardUpdateMonitor( 1193): handleKeyguardVisibilityChanged(1)
I/MultiDex( 9721): loading existing secondary dex files
I/MultiDex( 9721): load found 1 secondary dex files
I/MultiDex( 9721): install done
D/KeyguardViewMediator( 1193): setHidden false
D/KeyguardUpdateMonitor( 1193): sendKeyguardVisibilityChanged(true)
D/KeyguardUpdateMonitor( 1193): handleKeyguardVisibilityChanged(1)
E/EnterpriseContainerManager(  824): ContainerPolicy Service is not yet ready!!!
D/EnterpriseDeviceManager(  824): ContainerId: 0
W/LicenseLogService(  824): log() failed
D/ConnectivityService(  824): handleInetConditionHoldEnd: net=1, condition=0, published condition=0
D/STATUSBAR-NetworkController( 1193): onReceive() - CONNECTIVITY_ACTION, INET_CONDITION_ACTION
W/ContextImpl(  824): Calling a method in the system process without a qualified user: android.app.ContextImpl.sendBroadcast:1468 com.android.server.InputMethodManagerService$4.run:2802 java.lang.Thread.run:841 <bottom of call stack> <bottom of call stack> 
D/STATUSBAR-NetworkController( 1193): Nothing, mRoamingIconId = 0
E/WifiStateMachine(  824): CAPTIVE_PORTAL_EVENT_AUTHENTICATED
D/WVCdm   (  283): Instantiating CDM.
I/WVCdm   (  283): Level3 Library Nov 20 2013 18:09:31
D/DrmWidevineDash(  283): calling OEMCrypto_Initialize, g_qsee_apps_version = 6
D/DrmWidevineDash(  283): Service_Initialize: tzapps image is already open!
D/DrmWidevineDash(  283): OEMCrypto_Initialize sion_buffer g_wv_fhandle->ion_sbuffer  0x0xb30ce000
E/DrmWidevineDash(  283): sion_buffer g_wv_fhandle->ion_sbuffer  0x0xb30ce000
D/DrmWidevineDash(  283): OEMCrypto_Initialize exit returns 0
D/DrmWidevineDash(  283): calling OEMCrypto_APIVersion...
D/DrmWidevineDash(  283): OEMCrypto_APIVersion = 8
D/DrmWidevineDash(  283): calling OEMCrypto_IsKeyboxValid...
D/KeyguardViewMediator( 1193): setHidden false
D/KeyguardUpdateMonitor( 1193): sendKeyguardVisibilityChanged(true)
D/KeyguardUpdateMonitor( 1193): handleKeyguardVisibilityChanged(1)
D/KeyguardViewMediator( 1193): setHidden false
D/KeyguardUpdateMonitor( 1193): sendKeyguardVisibilityChanged(true)
D/KeyguardUpdateMonitor( 1193): handleKeyguardVisibilityChanged(1)
D/DrmWidevineDash(  283): OEMCrypto_IsKeyboxValid returns 0
D/WVCdm   (  283): OEMCrypto_Initialize Level 1 success. I will use level 1.
I/WVCdm   (  283): CdmEngine::OpenSession
D/DrmWidevineDash(  283): calling OEMCrypto_OpenSession...
D/KeyguardViewMediator( 1193): setHidden false
D/KeyguardUpdateMonitor( 1193): sendKeyguardVisibilityChanged(true)
D/KeyguardUpdateMonitor( 1193): handleKeyguardVisibilityChanged(1)
D/SurfaceWidgetView( 1470): destroyHardwareResources():1118086200
D/STATUSBAR-StatusBarManagerService(  824): manageDisableList what=0x0 pkg=WindowManager.LayoutParams
D/EnterpriseDeviceManager(  824): ContainerId: 0
D/KeyguardViewMediator( 1193): setHidden false
D/KeyguardUpdateMonitor( 1193): sendKeyguardVisibilityChanged(true)
D/KeyguardUpdateMonitor( 1193): handleKeyguardVisibilityChanged(1)
D/KeyguardViewMediator( 1193): setHidden false
D/KeyguardUpdateMonitor( 1193): sendKeyguardVisibilityChanged(true)
D/DrmWidevineDash(  283): OEMCrypto_OpenSession SID = 1
D/DrmWidevineDash(  283): OEMCrypto_OpenSession returns 0
I/WVCdm   (  283): CdmEngine::QueryKeyControlInfo
I/WVCdm   (  283): CdmEngine::GenerateKeyRequest
D/DrmWidevineDash(  283): calling OEMCrypto_LoadDeviceRSAKey. SID = 1
D/KeyguardViewMediator( 1193): setHidden false
D/KeyguardUpdateMonitor( 1193): sendKeyguardVisibilityChanged(true)
D/KeyguardViewMediator( 1193): setHidden false
D/KeyguardUpdateMonitor( 1193): sendKeyguardVisibilityChanged(true)
D/KeyguardUpdateMonitor( 1193): handleKeyguardVisibilityChanged(1)
D/KeyguardUpdateMonitor( 1193): handleKeyguardVisibilityChanged(1)
D/KeyguardUpdateMonitor( 1193): handleKeyguardVisibilityChanged(1)
D/PhoneStatusBar( 1193): setCarrierLabelVibibility : true
D/DrmWidevineDash(  283): OEMCrypto_LoadDeviceRSAKey returns 0
D/DrmWidevineDash(  283): calling OEMCrypto_GetDeviceID...
D/STATUSBAR-IconMerger( 1193): checkOverflow(288), More:false, Req:false Child:0
D/DrmWidevineDash(  283): OEMCrypto_GetDeviceID returns 0
D/DrmWidevineDash(  283): calling OEMCrypto_GenerateNonce. SID = 1
D/DrmWidevineDash(  283): OEMCrypto_GenerateNonce returns 0
D/WVCdm   (  283): PrepareKeyRequest: nonce=4112492619
D/DrmWidevineDash(  283): calling OEMCrypto_GenerateRSASignature. SID = 1
W/EDMNativeHelper(  265): EDMNativeHelperService is published
D/DrmWidevineDash(  283): OEMCrypto_GenerateRSASignature needs buffer size = 256
D/DrmWidevineDash(  283): OEMCrypto_GenerateRSASignature returns 7
D/DrmWidevineDash(  283): calling OEMCrypto_GenerateRSASignature. SID = 1
D/DrmWidevineDash(  283): OEMCrypto_GenerateRSASignature returns 0
I/WVCdm   (  283): CdmEngine::CloseSession
D/DrmWidevineDash(  283): calling OEMCrypto_CloseSession. SID = 1
D/DrmWidevineDash(  283): OEMCrypto_CloseSession returns 0
D/dalvikvm( 9703): Trying to load lib /data/data/com.google.android.gms/app_dg_cache/81FC9EB85C4CF3D3ECB9BA6C40A43C3F98413CB0/lib/libd647774630C83.so 0x42a456b8
D/dalvikvm( 9703): Added shared lib /data/data/com.google.android.gms/app_dg_cache/81FC9EB85C4CF3D3ECB9BA6C40A43C3F98413CB0/lib/libd647774630C83.so 0x42a456b8
D/dalvikvm( 9703): No JNI_OnLoad found in /data/data/com.google.android.gms/app_dg_cache/81FC9EB85C4CF3D3ECB9BA6C40A43C3F98413CB0/lib/libd647774630C83.so 0x42a456b8, skipping init
D/Launcher.HomeView( 1470): onStop
D/KeyguardViewMediator( 1193): setHidden false
D/KeyguardUpdateMonitor( 1193): sendKeyguardVisibilityChanged(true)
I/SurfaceFlinger(  279): id=42 Removed Mauncher (8/14)
D/SurfaceWidgetClient$ISurfaceWidgetStub( 1921): [123491/1] Surface widget visibility changed visibility = false on instance = 1
D/Launcher( 1470): onTrimMemory. Level: 20
W/ActivityManager(  824): mDVFSHelper.release()
D/KeyguardViewMediator( 1193): setHidden false
D/KeyguardUpdateMonitor( 1193): sendKeyguardVisibilityChanged(true)
D/KeyguardViewMediator( 1193): setHidden false
D/KeyguardUpdateMonitor( 1193): sendKeyguardVisibilityChanged(true)
D/KeyguardUpdateMonitor( 1193): handleKeyguardVisibilityChanged(1)
D/KeyguardUpdateMonitor( 1193): handleKeyguardVisibilityChanged(1)
D/KeyguardUpdateMonitor( 1193): handleKeyguardVisibilityChanged(1)
D/WVMDrmPlugIn(  281): WVMDrmPlugin::onInitialize : 678
D/WVMDrmPlugIn(  281): WVMDrmPlugin::onSetOnInfoListener : add 678
I/PrGenericPlugin(  281): [A] ENTER onInitialize : 0x2a6
I/PrGenericPlugin(  281): [A] LEAVE onInitialize : 0x2a6
D/WVMDrmPlugIn(  281): WVMDrmPlugin::onGetSupportInfo : 0
I/PrGenericPlugin(  281): [A] ENTER onGetSupportInfo : 0
I/PrGenericPlugin(  281): [A] LEAVE onGetSupportInfo : 0
I/WVCdm   (  283): CdmEngine::OpenSession
D/DrmWidevineDash(  283): calling OEMCrypto_OpenSession...
D/DrmWidevineDash(  283): OEMCrypto_OpenSession SID = 1
D/DrmWidevineDash(  283): OEMCrypto_OpenSession returns 0
I/WVCdm   (  283): CdmEngine::QueryKeyControlInfo
I/WVCdm   (  283): CdmEngine::GenerateKeyRequest
D/DrmWidevineDash(  283): calling OEMCrypto_LoadDeviceRSAKey. SID = 1
D/DrmWidevineDash(  283): OEMCrypto_LoadDeviceRSAKey returns 0
D/DrmWidevineDash(  283): calling OEMCrypto_GetDeviceID...
D/DrmWidevineDash(  283): OEMCrypto_GetDeviceID returns 0
D/DrmWidevineDash(  283): calling OEMCrypto_GenerateNonce. SID = 1
D/DrmWidevineDash(  283): OEMCrypto_GenerateNonce returns 0
D/WVCdm   (  283): PrepareKeyRequest: nonce=3223734145
D/DrmWidevineDash(  283): calling OEMCrypto_GenerateRSASignature. SID = 1
D/DrmWidevineDash(  283): OEMCrypto_GenerateRSASignature needs buffer size = 256
D/DrmWidevineDash(  283): OEMCrypto_GenerateRSASignature returns 7
D/DrmWidevineDash(  283): calling OEMCrypto_GenerateRSASignature. SID = 1
D/InputReader(  824): Input event: value=1 when=927710108000
D/InputReader(  824): !@notifyKey(172), action=0
D/InputManager-JNI(  824): !@interceptKeyBeforeQueueing(172), action=0
D/InputManager-JNI(  824): !@handleInterceptActions(172), action=0
E/EnterpriseContainerManager(  824): ContainerPolicy Service is not yet ready!!!
D/EnterpriseDeviceManager(  824): ContainerId: 0
W/ApplicationPackageManager( 1193): getCSCPackageItemText()
E/EnterpriseContainerManager( 1193): ContainerPolicy Service is not yet ready!!!
D/EnterpriseDeviceManager( 1193): ContainerId: 0
D/STATUSBAR-NetworkController( 1193): onSignalStrengthsChanged signalStrength=SignalStrength: 99 -1 -1 -1 -1 -1 -1 22 -105 -20 -16 -1 2147483647 gsm|lte 0x2 level=2
D/STATUSBAR-NetworkController( 1193): update carrier label
D/STATUSBAR-IconMerger( 1193): checkOverflow(288), More:false, Req:false Child:0
D/DrmWidevineDash(  283): OEMCrypto_GenerateRSASignature returns 0
I/WVCdm   (  283): CdmEngine::CloseSession
D/DrmWidevineDash(  283): calling OEMCrypto_CloseSession. SID = 1
I/SELinux ( 9755): Function: selinux_android_load_priority [0], There is no sepolicy file.
I/SELinux ( 9755):  
I/SELinux ( 9755): Function: selinux_android_load_priority [1], There is no sepolicy version file.
I/SELinux ( 9755):  
I/SELinux ( 9755): Function: selinux_android_load_priority , loading version is VE=SEPF_SAMSUNG-SGH-I537_4.4.2_0026
I/SELinux ( 9755):  
I/SELinux ( 9755):  
I/SELinux ( 9755): selinux_android_seapp_context_reload: seapp_contexts file is loaded from /seapp_contexts
D/DrmWidevineDash(  283): OEMCrypto_CloseSession returns 0
D/InputReader(  824): Input event: value=0 when=927840449000
D/InputReader(  824): !@notifyKey(172), action=1
D/InputManager-JNI(  824): !@interceptKeyBeforeQueueing(172), action=1
D/InputManager-JNI(  824): !@handleInterceptActions(172), action=1
D/VoIPInterfaceManager(  824): isVoIPRinging()...
D/VoIPInterfaceManager(  824): isVoIPRunningAndDeregi()...
D/VoIPInterfaceManager(  824): Not exist call session
I/dalvikvm( 9755): Could not find method android.os.PowerManager.isInteractive, referenced from method com.google.apps.dots.android.newsstand.util.AndroidUtil.isDeviceInteractive
W/dalvikvm( 9755): VFY: unable to resolve virtual method 1168: Landroid/os/PowerManager;.isInteractive ()Z
D/dalvikvm( 9755): VFY: replacing opcode 0x6e at 0x000a
I/dalvikvm( 9755): Could not find method android.accounts.AccountManager.getPreviousName, referenced from method com.google.apps.dots.android.newsstand.auth.AccountManagerDelegate.getPreviousName
W/dalvikvm( 9755): VFY: unable to resolve virtual method 8: Landroid/accounts/AccountManager;.getPreviousName (Landroid/accounts/Account;)Ljava/lang/String;
D/dalvikvm( 9755): VFY: replacing opcode 0x6e at 0x0002
I/dalvikvm( 9755): Could not find method android.os.Environment.isExternalStorageEmulated, referenced from method com.google.apps.dots.android.newsstand.diskcache.StorageHelper.isExternalStorageEmulated
W/dalvikvm( 9755): VFY: unable to resolve static method 1079: Landroid/os/Environment;.isExternalStorageEmulated (Ljava/io/File;)Z
D/dalvikvm( 9755): VFY: replacing opcode 0x71 at 0x0009
D/dalvikvm( 9703): DexOpt: --- BEGIN 'f.apk' (bootstrap=0) ---
E/cutils  (  255): Failed to mkdirat(/storage/extSdCard/Android): Read-only file system
W/ContextImpl( 9755): Failed to ensure directory: /storage/extSdCard/Android/data/com.google.android.apps.magazines/cache
W/Vold    (  255): Returning OperationFailed - no handler for errno 30
W/ApplicationPackageManager( 9755): getCSCPackageItemText()
E/cutils  (  255): Failed to mkdirat(/storage/extSdCard/Android): Read-only file system
W/ContextImpl( 9755): Failed to ensure directory: /storage/extSdCard/Android/data/com.google.android.apps.magazines/files
W/Vold    (  255): Returning OperationFailed - no handler for errno 30
V/AlarmManager(  824): waitForAlarm result :8
E/cutils  (  255): Failed to mkdirat(/storage/extSdCard/Android): Read-only file system
W/ContextImpl( 9755): Failed to ensure directory: /storage/extSdCard/Android/data/com.google.android.apps.magazines/cache
E/cutils  (  255): Failed to mkdirat(/storage/extSdCard/Android): Read-only file system
W/Vold    (  255): Returning OperationFailed - no handler for errno 30
W/Vold    (  255): Returning OperationFailed - no handler for errno 30
W/ContextImpl( 9755): Failed to ensure directory: /storage/extSdCard/Android/data/com.google.android.apps.magazines/files
I/dalvikvm( 9755): Could not find method android.os.PowerManager.isPowerSaveMode, referenced from method com.google.apps.dots.android.newsstand.net.NSConnectivityManager.isPowerSaveMode
W/dalvikvm( 9755): VFY: unable to resolve virtual method 1169: Landroid/os/PowerManager;.isPowerSaveMode ()Z
D/dalvikvm( 9755): VFY: replacing opcode 0x6e at 0x000e
D/dalvikvm( 9775): DexOpt: load 4ms, verify+opt 5ms, 128132 bytes
D/dalvikvm( 9703): DexOpt: --- END 'f.apk' (success) ---
D/dalvikvm( 9703): DEX prep '/data/data/com.google.android.gms/app_fb/f.apk': unzip in 0ms, rewrite 134ms
I/Adreno-EGL( 9703): <qeglDrvAPI_eglInitialize:381>: EGL 1.4 QUALCOMM build:  (CL3869936)
I/Adreno-EGL( 9703): OpenGL ES Shader Compiler Version: 17.01.11.SPL
I/Adreno-EGL( 9703): Build Date: 01/17/14 Fri
I/Adreno-EGL( 9703): Local Branch: 
I/Adreno-EGL( 9703): Remote Branch: 
I/Adreno-EGL( 9703): Local Patches: 
I/Adreno-EGL( 9703): Reconstruct Branch: 
V/WebViewChromium( 9755): Binding Chromium to the main looper Looper (main, tid 1) {429ab7e8}
I/chromium( 9755): [INFO:library_loader_hooks.cc(112)] Chromium logging enabled: level = 0, default verbosity = 0
I/BrowserProcessMain( 9755): Initializing chromium process, renderers=0
D/PowerManagerService(  824): [api] [s] userActivity : event: 0 flags: 0 (uid: 1000 pid: 824)
V/Scroll/Pause Worker(  824): onReceive: android.intent.action.CLOSE_SYSTEM_DIALOGS
D/KeyguardViewMediator( 1193): setHidden false
D/KeyguardUpdateMonitor( 1193): sendKeyguardVisibilityChanged(true)
D/STATUSBAR-AirplaneModeQuickSettingButton( 1193): onReceive : android.intent.action.CLOSE_SYSTEM_DIALOGS
W/EDMNativeHelper(  265): EDMNativeHelperService is published
W/chromium( 9755): [WARNING:proxy_service.cc(888)] PAC support disabled because there is no system implementation
D/KeyguardUpdateMonitor( 1193): handleKeyguardVisibilityChanged(1)
W/ActivityManager(  824): mDVFSHelper.acquire()
W/ApplicationPackageManager( 9755): getCSCPackageItemText()
D/PointerIcon(  824): setMouseIconStyle1 pointerType: 1001iconType:101 flag:0
D/PointerIcon(  824): setMouseCustomIcon IconType is same.101
D/PointerIcon(  824): setHoveringSpenIconStyle1 pointerType: 10001iconType:1 flag:0
D/PointerIcon(  824): setHoveringSpenCustomIcon IconType is same.1
I/Adreno-EGL( 9755): <qeglDrvAPI_eglInitialize:381>: EGL 1.4 QUALCOMM build:  (CL3869936)
I/Adreno-EGL( 9755): OpenGL ES Shader Compiler Version: 17.01.11.SPL
I/Adreno-EGL( 9755): Build Date: 01/17/14 Fri
I/Adreno-EGL( 9755): Local Branch: 
I/Adreno-EGL( 9755): Remote Branch: 
I/Adreno-EGL( 9755): Local Patches: 
I/Adreno-EGL( 9755): Reconstruct Branch: 
D/dalvikvm(  824): JIT code cache reset in 3 ms (1535916 bytes 1/0)
D/dalvikvm(  824): GC_FOR_ALLOC freed 3891K, 25% free 56327K/75076K, paused 177ms, total 177ms
D/KeyguardViewMediator( 1193): setHidden false
D/KeyguardUpdateMonitor( 1193): sendKeyguardVisibilityChanged(true)
D/KeyguardUpdateMonitor( 1193): handleKeyguardVisibilityChanged(1)
W/ContextImpl(  824): Calling a method in the system process without a qualified user: android.app.ContextImpl.sendBroadcast:1482 com.android.server.am.ActivityStack.startPausingLocked:1006 com.android.server.am.ActivityStackSupervisor.pauseBackStacks:696 com.android.server.am.ActivityStack.resumeTopActivityLocked:1942 com.android.server.am.ActivityStackSupervisor.resumeTopActivitiesLocked:3132 
V/SmartFaceService - 3rd party pause(  824): onReceive [android.intent.action.ACTIVITY_STATE/com.android.chrome/pause]
I/NSApplication( 9755): Starting up...
D/SSRMv2:AirViewOnOff(  824): DeviceInfo:: 00000000000
D/SSRMv2:AirViewOnOff(  824): SettingsAirViewInfo:: 000100000
E/Watchdog(  824): !@Sync 30
W/qdhwcomposer(  279): Excessive delay reading vsync: took 3376 ms
V/WindowOrientationListener(  824): mSContextAutoRotationListener.getProposedRotation, mbResultFaceDectection: false
V/WindowOrientationListener(  824): mSContextAutoRotationListener.getProposedRotation, Rotation: -1
V/WindowOrientationListener(  824): mSContextAutoRotationListener.getProposedRotation, mbResultFaceDectection: false
V/WindowOrientationListener(  824): mSContextAutoRotationListener.getProposedRotation, Rotation: -1
V/WindowManager(  824): rotationForOrientationLw(orient=1, last=0); user=0  sensorRotation=-1 mLidState=-1 mDockMode=0 mHdmiPlugged=false mAccelerometerDefault=false gripRotationLock=false
W/ContextImpl(  824): Calling a method in the system process without a qualified user: android.app.ContextImpl.sendBroadcast:1482 com.android.server.am.ActivityStack.resumeTopActivityLocked:2183 com.android.server.am.ActivityStackSupervisor.resumeTopActivitiesLocked:3132 com.android.server.am.ActivityStack.completePauseLocked:1231 com.android.server.am.ActivityStack.activityPausedLocked:1092 
D/SurfaceWidgetView( 1470): destroyHardwareResources():1118086200
D/KeyguardViewMediator( 1193): setHidden false
D/KeyguardUpdateMonitor( 1193): sendKeyguardVisibilityChanged(true)
D/KeyguardUpdateMonitor( 1193): handleKeyguardVisibilityChanged(1)
D/KeyguardViewMediator( 1193): setHidden false
D/KeyguardUpdateMonitor( 1193): sendKeyguardVisibilityChanged(true)
D/KeyguardUpdateMonitor( 1193): handleKeyguardVisibilityChanged(1)
D/Launcher.Workspace( 1470): exitWidgetResizeMode State: NORMAL, newDragStarted: false
D/Launcher( 1470): onRestart, Launcher: 1118101672
D/Launcher( 1470): onStart, Launcher: 1118101672
D/Launcher.HomeView( 1470): onStart
D/Launcher( 1470): onResume, Launcher: 1118101672
D/Launcher.HomeView( 1470): onResume
D/MenuAppsGridFragment( 1470): onResume
D/STATUSBAR-NetworkController( 1193): onReceive() - RSSI_CHANGED_ACTION, WIFI_STATE, NETWORK_STATE
V/SmartFaceService - 3rd party pause(  824): onReceive [android.intent.action.ACTIVITY_STATE/com.sec.android.app.launcher/resume]
D/STATUSBAR-NetworkController( 1193): update carrier label
D/SurfaceWidgetClient$ISurfaceWidgetStub( 1921): [123491/1] Surface widget visibility changed visibility = true on instance = 1
I/CheckinRequestBuilder( 4111): Classify the device as Phone.
D/SurfaceWidget.Renderer( 1921): [123491/1] SurfaceWidgetRenderer waiting done: 1 (Thread[Thread-100,5,main])
D/SurfaceWidget.Renderer( 1921): [123491/1] SurfaceWidget drawing first frame
D/SurfaceWidget.Renderer( 1921): [123491/1] SurfaceWidgetRenderer waiting: 1 (Thread[Thread-100,5,main])
I/SELinux ( 9813): Function: selinux_android_load_priority [0], There is no sepolicy file.
I/SELinux ( 9813):  
I/SELinux ( 9813): Function: selinux_android_load_priority [1], There is no sepolicy version file.
I/SELinux ( 9813):  
I/SELinux ( 9813): Function: selinux_android_load_priority , loading version is VE=SEPF_SAMSUNG-SGH-I537_4.4.2_0026
I/SELinux ( 9813):  
I/SELinux ( 9813):  
I/SELinux ( 9813): selinux_android_seapp_context_reload: seapp_contexts file is loaded from /seapp_contexts
D/STATUSBAR-IconMerger( 1193): checkOverflow(288), More:false, Req:false Child:0
I/SurfaceFlinger(  279): id=46 createSurf (1080x1920),1 flag=4, Mauncher
I/SpenGestureManager(  824): setFocusWindow21010
I/ActivityManager(  824): Killing 8200:com.google.android.partnersetup/u0a66 (adj 15): empty #31
E/ActivityThread( 4111): Failed to find provider info for com.google.android.wearable.settings
D/STATUSBAR-StatusBarManagerService(  824): manageDisableList what=0x0 pkg=WindowManager.LayoutParams
D/EnterpriseDeviceManager(  824): ContainerId: 0
D/KeyguardViewMediator( 1193): setHidden false
D/KeyguardUpdateMonitor( 1193): sendKeyguardVisibilityChanged(true)
D/KeyguardUpdateMonitor( 1193): handleKeyguardVisibilityChanged(1)
D/PointerIcon(  824): setMouseIconStyle1 pointerType: 1001iconType:101 flag:0
D/PointerIcon(  824): setMouseCustomIcon IconType is same.101
D/PointerIcon(  824): setHoveringSpenIconStyle1 pointerType: 10001iconType:1 flag:0
D/PointerIcon(  824): setHoveringSpenCustomIcon IconType is same.1
D/KeyguardViewMediator( 1193): setHidden false
D/KeyguardUpdateMonitor( 1193): sendKeyguardVisibilityChanged(true)
D/KeyguardUpdateMonitor( 1193): handleKeyguardVisibilityChanged(1)
E/EnterpriseContainerManager(  824): ContainerPolicy Service is not yet ready!!!
D/EnterpriseDeviceManager(  824): ContainerId: 0
W/LicenseLogService(  824): log() failed
W/IInputConnectionWrapper( 8000): showStatusIcon on inactive InputConnection
W/ContextImpl(  824): Calling a method in the system process without a qualified user: android.app.ContextImpl.sendBroadcast:1468 com.android.server.InputMethodManagerService$4.run:2802 java.lang.Thread.run:841 <bottom of call stack> <bottom of call stack> 
D/KeyguardViewMediator( 1193): setHidden false
D/KeyguardUpdateMonitor( 1193): sendKeyguardVisibilityChanged(true)
D/KeyguardUpdateMonitor( 1193): handleKeyguardVisibilityChanged(1)
D/KeyguardViewMediator( 1193): setHidden false
D/KeyguardUpdateMonitor( 1193): sendKeyguardVisibilityChanged(true)
D/KeyguardUpdateMonitor( 1193): handleKeyguardVisibilityChanged(1)
D/EnterpriseDeviceManager(  824): ContainerId: 0
D/KeyguardViewMediator( 1193): setHidden false
D/KeyguardUpdateMonitor( 1193): sendKeyguardVisibilityChanged(true)
D/KeyguardViewMediator( 1193): setHidden false
D/KeyguardUpdateMonitor( 1193): sendKeyguardVisibilityChanged(true)
D/STATUSBAR-StatusBarManagerService(  824): manageDisableList what=0x0 pkg=WindowManager.LayoutParams
D/KeyguardViewMediator( 1193): setHidden false
D/KeyguardUpdateMonitor( 1193): sendKeyguardVisibilityChanged(true)
D/KeyguardUpdateMonitor( 1193): handleKeyguardVisibilityChanged(1)
D/KeyguardUpdateMonitor( 1193): handleKeyguardVisibilityChanged(1)
D/KeyguardViewMediator( 1193): setHidden false
D/KeyguardUpdateMonitor( 1193): sendKeyguardVisibilityChanged(true)
D/KeyguardUpdateMonitor( 1193): handleKeyguardVisibilityChanged(1)
D/KeyguardUpdateMonitor( 1193): handleKeyguardVisibilityChanged(1)
D/KeyguardViewMediator( 1193): setHidden false
D/KeyguardUpdateMonitor( 1193): sendKeyguardVisibilityChanged(true)
W/ActivityManager(  824): mDVFSHelper.release()
D/KeyguardUpdateMonitor( 1193): handleKeyguardVisibilityChanged(1)
D/dalvikvm( 9813): Trying to load lib /data/app-lib/com.google.android.apps.maps-5/libcrashreporter.so 0x429b36b0
D/dalvikvm( 9813): Added shared lib /data/app-lib/com.google.android.apps.maps-5/libcrashreporter.so 0x429b36b0
D/dalvikvm( 9813): Trying to load lib /data/app-lib/com.google.android.apps.maps-5/libgmm-jni.so 0x429b36b0
D/dalvikvm( 9813): Added shared lib /data/app-lib/com.google.android.apps.maps-5/libgmm-jni.so 0x429b36b0
D/StrictMode( 9813): StrictMode policy violation; ~duration=191 ms: android.os.StrictMode$StrictModeDiskReadViolation: policy=31 violation=2
D/StrictMode( 9813): 	at android.os.StrictMode$AndroidBlockGuardPolicy.onReadFromDisk(StrictMode.java:1146)
D/StrictMode( 9813): 	at libcore.io.BlockGuardOs.open(BlockGuardOs.java:106)
D/StrictMode( 9813): 	at libcore.io.IoUtils.canOpenReadOnly(IoUtils.java:163)
D/StrictMode( 9813): 	at dalvik.system.DexPathList.findLibrary(DexPathList.java:384)
D/StrictMode( 9813): 	at dalvik.system.BaseDexClassLoader.findLibrary(BaseDexClassLoader.java:95)
D/StrictMode( 9813): 	at java.lang.Runtime.loadLibrary(Runtime.java:356)
D/StrictMode( 9813): 	at java.lang.System.loadLibrary(System.java:526)
D/StrictMode( 9813): 	at com.google.android.libraries.social.jni.crashreporter.NativeCrashHandler.a(PG:182)
D/StrictMode( 9813): 	at com.google.android.libraries.social.jni.crashreporter.NativeCrashHandler.a(PG:81)
D/StrictMode( 9813): 	at com.google.android.apps.gmm.base.app.b.<init>(PG:452)
D/StrictMode( 9813): 	at com.google.android.apps.gmm.base.app.GoogleMapsApplication.onCreate(PG:84)
D/StrictMode( 9813): 	at android.app.Instrumentation.callApplicationOnCreate(Instrumentation.java:1025)
D/StrictMode( 9813): 	at android.app.ActivityThread.handleBindApplication(ActivityThread.java:4581)
D/StrictMode( 9813): 	at android.app.ActivityThread.access$1600(ActivityThread.java:161)
D/StrictMode( 9813): 	at android.app.ActivityThread$H.handleMessage(ActivityThread.java:1325)
D/StrictMode( 9813): 	at android.os.Handler.dispatchMessage(Handler.java:102)
D/StrictMode( 9813): 	at android.os.Looper.loop(Looper.java:157)
D/StrictMode( 9813): 	at android.app.ActivityThread.main(ActivityThread.java:5356)
D/StrictMode( 9813): 	at java.lang.reflect.Method.invokeNative(Native Method)
D/StrictMode( 9813): 	at java.lang.reflect.Method.invoke(Method.java:515)
D/StrictMode( 9813): 	at com.android.internal.os.ZygoteInit$MethodAndArgsCaller.run(ZygoteInit.java:1265)
D/StrictMode( 9813): 	at com.android.internal.os.ZygoteInit.main(ZygoteInit.java:1081)
D/StrictMode( 9813): 	at dalvik.system.NativeStart.main(Native Method)
D/StrictMode( 9813): StrictMode policy violation; ~duration=177 ms: android.os.StrictMode$StrictModeDiskReadViolation: policy=31 violation=2
D/StrictMode( 9813): 	at android.os.StrictMode$AndroidBlockGuardPolicy.onReadFromDisk(StrictMode.java:1146)
D/StrictMode( 9813): 	at android.app.SharedPreferencesImpl.awaitLoadedLocked(SharedPreferencesImpl.java:203)
D/StrictMode( 9813): 	at android.app.SharedPreferencesImpl.getBoolean(SharedPreferencesImpl.java:260)
D/StrictMode( 9813): 	at android.preference.PreferenceManager.setDefaultValues(PreferenceManager.java:481)
D/StrictMode( 9813): 	at com.google.android.apps.gmm.shared.b.a.a(PG:661)
D/StrictMode( 9813): 	at com.google.android.apps.gmm.base.app.b.<init>(PG:468)
D/StrictMode( 9813): 	at com.google.android.apps.gmm.base.app.GoogleMapsApplication.onCreate(PG:84)
D/StrictMode( 9813): 	at android.app.Instrumentation.callApplicationOnCreate(Instrumentation.java:1025)
D/StrictMode( 9813): 	at android.app.ActivityThread.handleBindApplication(ActivityThread.java:4581)
D/StrictMode( 9813): 	at android.app.ActivityThread.access$1600(ActivityThread.java:161)
D/StrictMode( 9813): 	at android.app.ActivityThread$H.handleMessage(ActivityThread.java:1325)
D/StrictMode( 9813): 	at android.os.Handler.dispatchMessage(Handler.java:102)
D/StrictMode( 9813): 	at android.os.Looper.loop(Looper.java:157)
D/StrictMode( 9813): 	at android.app.ActivityThread.main(ActivityThread.java:5356)
D/StrictMode( 9813): 	at java.lang.reflect.Method.invokeNative(Native Method)
D/StrictMode( 9813): 	at java.lang.reflect.Method.invoke(Method.java:515)
D/StrictMode( 9813): 	at com.android.internal.os.ZygoteInit$MethodAndArgsCaller.run(ZygoteInit.java:1265)
D/StrictMode( 9813): 	at com.android.internal.os.ZygoteInit.main(ZygoteInit.java:1081)
D/StrictMode( 9813): 	at dalvik.system.NativeStart.main(Native Method)
D/StrictMode( 9813): StrictMode policy violation; ~duration=159 ms: android.os.StrictMode$StrictModeDiskReadViolation: policy=31 violation=2
D/StrictMode( 9813): 	at android.os.StrictMode$AndroidBlockGuardPolicy.onReadFromDisk(StrictMode.java:1146)
D/StrictMode( 9813): 	at libcore.io.BlockGuardOs.open(BlockGuardOs.java:106)
D/StrictMode( 9813): 	at libcore.io.IoUtils.canOpenReadOnly(IoUtils.java:163)
D/StrictMode( 9813): 	at dalvik.system.DexPathList.findLibrary(DexPathList.java:384)
D/StrictMode( 9813): 	at dalvik.system.BaseDexClassLoader.findLibrary(BaseDexClassLoader.java:95)
D/StrictMode( 9813): 	at java.lang.Runtime.loadLibrary(Runtime.java:356)
D/StrictMode( 9813): 	at java.lang.System.loadLibrary(System.java:526)
D/StrictMode( 9813): 	at com.google.android.apps.gmm.map.util.jni.NativeHelper.initialize(PG:42)
D/StrictMode( 9813): 	at com.google.android.apps.gmm.map.c.b.<clinit>(PG:73)
D/StrictMode( 9813): 	at com.google.android.apps.gmm.base.app.b.<init>(PG:468)
D/StrictMode( 9813): 	at com.google.android.apps.gmm.base.app.GoogleMapsApplication.onCreate(PG:84)
D/StrictMode( 9813): 	at android.app.Instrumentation.callApplicationOnCreate(Instrumentation.java:1025)
D/StrictMode( 9813): 	at android.app.ActivityThread.handleBindApplication(ActivityThread.java:4581)
D/StrictMode( 9813): 	at android.app.ActivityThread.access$1600(ActivityThread.java:161)
D/StrictMode( 9813): 	at android.app.ActivityThread$H.handleMessage(ActivityThread.java:1325)
D/StrictMode( 9813): 	at android.os.Handler.dispatchMessage(Handler.java:102)
D/StrictMode( 9813): 	at android.os.Looper.loop(Looper.java:157)
D/StrictMode( 9813): 	at android.app.ActivityThread.main(ActivityThread.java:5356)
D/StrictMode( 9813): 	at java.lang.reflect.Method.invokeNative(Native Method)
D/StrictMode( 9813): 	at java.lang.reflect.Method.invoke(Method.java:515)
D/StrictMode( 9813): 	at com.android.internal.os.ZygoteInit$MethodAndArgsCaller.run(ZygoteInit.java:1265)
D/StrictMode( 9813): 	at com.android.internal.os.ZygoteInit.main(ZygoteInit.java:1081)
D/StrictMode( 9813): 	at dalvik.system.NativeStart.main(Native Method)
D/StrictMode( 9813): StrictMode policy violation; ~duration=82 ms: android.os.StrictMode$StrictModeDiskReadViolation: policy=287 violation=2
D/StrictMode( 9813): 	at android.os.StrictMode$AndroidBlockGuardPolicy.onReadFromDisk(StrictMode.java:1146)
D/StrictMode( 9813): 	at android.database.sqlite.SQLiteConnection.applyBlockGuardPolicy(SQLiteConnection.java:1265)
D/StrictMode( 9813): 	at android.database.sqlite.SQLiteConnection.executeForCursorWindow(SQLiteConnection.java:1032)
D/StrictMode( 9813): 	at android.database.sqlite.SQLiteSession.executeForCursorWindow(SQLiteSession.java:836)
D/StrictMode( 9813): 	at android.database.sqlite.SQLiteQuery.fillWindow(SQLiteQuery.java:62)
D/StrictMode( 9813): 	at android.database.sqlite.SQLiteCursor.fillWindow(SQLiteCursor.java:144)
D/StrictMode( 9813): 	at android.database.sqlite.SQLiteCursor.getCount(SQLiteCursor.java:133)
D/StrictMode( 9813): 	at android.database.CursorToBulkCursorAdaptor.getBulkCursorDescriptor(CursorToBulkCursorAdaptor.java:148)
D/StrictMode( 9813): 	at android.content.ContentProviderNative.onTransact(ContentProviderNative.java:118)
D/StrictMode( 9813): 	at android.os.Binder.execTransact(Binder.java:404)
D/StrictMode( 9813): 	at dalvik.system.NativeStart.run(Native Method)
D/StrictMode( 9813): # via Binder call with stack:
D/StrictMode( 9813): android.os.StrictMode$LogStackTrace
