D/BatteryMeterView( 1193): ACTION_BATTERY_CHANGED : level:76 status:3 health:2
V/AlarmManager(  824): waitForAlarm result :4
V/AlarmManager(  824): trigger ELAPSED_REALTIME_WAKEUP or RTC_WAKEUP
D/SSRMv2:Monitor(  824): SIOP:: AP = 360, Prev AP = 360, Duration = 10058, PST = 362
V/AlarmManager(  824): waitForAlarm result :4
V/AlarmManager(  824): trigger ELAPSED_REALTIME_WAKEUP or RTC_WAKEUP
V/AlarmManager(  824): waitForAlarm result :4
V/AlarmManager(  824): trigger ELAPSED_REALTIME_WAKEUP or RTC_WAKEUP
V/AlarmManager(  824): trigger ELAPSED_REALTIME_WAKEUP or RTC_WAKEUP
V/AlarmManager(  824): trigger ELAPSED_REALTIME_WAKEUP or RTC_WAKEUP
V/AlarmManager(  824): waitForAlarm result :4
V/AlarmManager(  824): trigger ELAPSED_REALTIME_WAKEUP or RTC_WAKEUP
D/SSRMv2:Monitor(  824): SIOP:: AP = 360, Prev AP = 360, Duration = 10062, PST = 362
E/Watchdog(  824): !@Sync 25
D/SSRMv2:Monitor(  824): SIOP:: AP = 340, Prev AP = 360, Duration = 10078, PST = 358
I/PowerManagerService(  824): [PWL] Off : 105s ago
I/PowerManagerService(  824): [PWL]   PowerManagerService.WakeLocks: ref count=1
I/PowerManagerService(  824): [PWL]     mWakeLockSummary : 0x1
I/PowerManagerService(  824): [PWL]       PARTIAL_WAKE_LOCK              '*net_scheduler*' (uid=10063, pid=1505, ws=WorkSource{10063 com.google.android.gms}) (elapsedTime=15144)
I/PowerManagerService(  824): [PWL]       PARTIAL_WAKE_LOCK              'Config Service fetch' (uid=10063, pid=4111, ws=WorkSource{10063 com.google.android.gms}) (elapsedTime=15120)
D/BatteryService(  824): level:76, scale:100, status:3, health:2, present:true, voltage: 3956, temperature: 318, technology: Li-ion, AC powered:false, USB powered:false, Wireless powered:false, icon:17303394, invalid charger:0, online:1, current avg:460, charge type:0
D/BatteryService(  824): Sending ACTION_BATTERY_CHANGED.
D/STATUSBAR-PhoneStatusBar( 1193):  mBrightnessEnablebySettings = true mBrightnessEnablebyBattery = true mBrightnessEnablebyDisableFlag = true mPmsBrightnessEnablebySettings = true
D/STATUSBAR-IconMerger( 1193): checkOverflow(288), More:false, Req:false Child:0
D/PowerManagerService(  824): [api] isForceUnblankDisplay : false
D/BatteryMeterView( 1193): ACTION_BATTERY_CHANGED : level:76 status:3 health:2
D/SSRMv2:Monitor(  824): SIOP:: AP = 340, Prev AP = 340, Duration = 10056, PST = 356
V/AlarmManager(  824): waitForAlarm result :4
V/AlarmManager(  824): trigger ELAPSED_REALTIME_WAKEUP or RTC_WAKEUP
V/AlarmManager(  824): waitForAlarm result :8
D/KeyguardClockWidgetService( 1780): onReceive action=android.intent.action.TIME_TICK
V/AlarmManager(  824): ClockReceiver onReceive() ACTION_TIME_TICK
D/BatteryService(  824): level:76, scale:100, status:3, health:2, present:true, voltage: 4013, temperature: 316, technology: Li-ion, AC powered:false, USB powered:false, Wireless powered:false, icon:17303394, invalid charger:0, online:1, current avg:460, charge type:0
D/STATUSBAR-IconMerger( 1193): checkOverflow(288), More:false, Req:false Child:0
D/BatteryService(  824): Sending ACTION_BATTERY_CHANGED.
D/SSRMv2:Monitor(  824): SIOP:: AP = 340, Prev AP = 340, Duration = 12844, PST = 354
D/PowerManagerService(  824): [api] isForceUnblankDisplay : false
D/STATUSBAR-PhoneStatusBar( 1193):  mBrightnessEnablebySettings = true mBrightnessEnablebyBattery = true mBrightnessEnablebyDisableFlag = true mPmsBrightnessEnablebySettings = true
D/BatteryMeterView( 1193): ACTION_BATTERY_CHANGED : level:76 status:3 health:2
D/STATUSBAR-IconMerger( 1193): checkOverflow(288), More:false, Req:false Child:0
D/PowerManagerService(  824): [api] isForceUnblankDisplay : false
E/Watchdog(  824): !@Sync 26
D/BatteryService(  824): level:76, scale:100, status:3, health:2, present:true, voltage: 4026, temperature: 315, technology: Li-ion, AC powered:false, USB powered:false, Wireless powered:false, icon:17303394, invalid charger:0, online:1, current avg:460, charge type:0
D/BatteryService(  824): Sending ACTION_BATTERY_CHANGED.
D/STATUSBAR-PhoneStatusBar( 1193):  mBrightnessEnablebySettings = true mBrightnessEnablebyBattery = true mBrightnessEnablebyDisableFlag = true mPmsBrightnessEnablebySettings = true
D/BatteryMeterView( 1193): ACTION_BATTERY_CHANGED : level:76 status:3 health:2
D/STATUSBAR-IconMerger( 1193): checkOverflow(288), More:false, Req:false Child:0
D/PowerManagerService(  824): [api] isForceUnblankDisplay : false
V/AlarmManager(  824): waitForAlarm result :4
V/AlarmManager(  824): trigger ELAPSED_REALTIME_WAKEUP or RTC_WAKEUP
D/BatteryService(  824): level:76, scale:100, status:3, health:2, present:true, voltage: 4032, temperature: 314, technology: Li-ion, AC powered:false, USB powered:false, Wireless powered:false, icon:17303394, invalid charger:0, online:1, current avg:460, charge type:0
D/BatteryService(  824): Sending ACTION_BATTERY_CHANGED.
D/STATUSBAR-PhoneStatusBar( 1193):  mBrightnessEnablebySettings = true mBrightnessEnablebyBattery = true mBrightnessEnablebyDisableFlag = true mPmsBrightnessEnablebySettings = true
D/BatteryMeterView( 1193): ACTION_BATTERY_CHANGED : level:76 status:3 health:2
D/STATUSBAR-IconMerger( 1193): checkOverflow(288), More:false, Req:false Child:0
D/PowerManagerService(  824): [api] isForceUnblankDisplay : false
D/ConnectivityService(  824): handleInetConditionHoldEnd: net=0, condition=100, published condition=100
D/STATUSBAR-NetworkController( 1193): Nothing, mRoamingIconId = 0
D/STATUSBAR-NetworkController( 1193): onReceive() - CONNECTIVITY_ACTION, INET_CONDITION_ACTION
D/STATUSBAR-NetworkController( 1193): update carrier label
D/STATUSBAR-IconMerger( 1193): checkOverflow(288), More:false, Req:false Child:0
D/PowerManagerService(  824): [api] isForceUnblankDisplay : false
D/SSRMv2:Monitor(  824): SIOP:: AP = 340, Prev AP = 340, Duration = 11413, PST = 352
D/BatteryService(  824): level:76, scale:100, status:3, health:2, present:true, voltage: 4016, temperature: 313, technology: Li-ion, AC powered:false, USB powered:false, Wireless powered:false, icon:17303394, invalid charger:0, online:1, current avg:460, charge type:0
D/BatteryService(  824): Sending ACTION_BATTERY_CHANGED.
D/STATUSBAR-PhoneStatusBar( 1193):  mBrightnessEnablebySettings = true mBrightnessEnablebyBattery = true mBrightnessEnablebyDisableFlag = true mPmsBrightnessEnablebySettings = true
D/BatteryMeterView( 1193): ACTION_BATTERY_CHANGED : level:76 status:3 health:2
D/STATUSBAR-IconMerger( 1193): checkOverflow(288), More:false, Req:false Child:0
D/PowerManagerService(  824): [api] isForceUnblankDisplay : false
D/BatteryService(  824): level:76, scale:100, status:3, health:2, present:true, voltage: 4028, temperature: 313, technology: Li-ion, AC powered:false, USB powered:false, Wireless powered:false, icon:17303394, invalid charger:0, online:1, current avg:460, charge type:0
D/BatteryService(  824): Sending ACTION_BATTERY_CHANGED.
D/STATUSBAR-PhoneStatusBar( 1193):  mBrightnessEnablebySettings = true mBrightnessEnablebyBattery = true mBrightnessEnablebyDisableFlag = true mPmsBrightnessEnablebySettings = true
D/STATUSBAR-IconMerger( 1193): checkOverflow(288), More:false, Req:false Child:0
D/PowerManagerService(  824): [api] isForceUnblankDisplay : false
D/BatteryMeterView( 1193): ACTION_BATTERY_CHANGED : level:76 status:3 health:2
V/AlarmManager(  824): waitForAlarm result :4
V/AlarmManager(  824): trigger ELAPSED_REALTIME_WAKEUP or RTC_WAKEUP
I/PowerManagerService(  824): [PWL] Off : 151s ago
I/PowerManagerService(  824): [PWL]   PowerManagerService.WakeLocks: ref count=1
I/PowerManagerService(  824): [PWL]     mWakeLockSummary : 0x1
I/PowerManagerService(  824): [PWL]       PARTIAL_WAKE_LOCK              'diagnostics.client.Wakelock' (uid=1000, pid=824, ws=null) (elapsedTime=1165)
D/BatteryService(  824): level:76, scale:100, status:3, health:2, present:true, voltage: 4017, temperature: 310, technology: Li-ion, AC powered:false, USB powered:false, Wireless powered:false, icon:17303394, invalid charger:0, online:1, current avg:460, charge type:0
D/BatteryService(  824): Sending ACTION_BATTERY_CHANGED.
D/STATUSBAR-PhoneStatusBar( 1193):  mBrightnessEnablebySettings = true mBrightnessEnablebyBattery = true mBrightnessEnablebyDisableFlag = true mPmsBrightnessEnablebySettings = true
D/BatteryMeterView( 1193): ACTION_BATTERY_CHANGED : level:76 status:3 health:2
D/STATUSBAR-IconMerger( 1193): checkOverflow(288), More:false, Req:false Child:0
D/PowerManagerService(  824): [api] isForceUnblankDisplay : false
D/SSRMv2:Monitor(  824): SIOP:: AP = 330, Prev AP = 340, Duration = 30392, PST = 349
D/BatteryService(  824): level:76, scale:100, status:3, health:2, present:true, voltage: 4018, temperature: 309, technology: Li-ion, AC powered:false, USB powered:false, Wireless powered:false, icon:17303394, invalid charger:0, online:1, current avg:460, charge type:0
D/BatteryService(  824): Sending ACTION_BATTERY_CHANGED.
D/STATUSBAR-PhoneStatusBar( 1193):  mBrightnessEnablebySettings = true mBrightnessEnablebyBattery = true mBrightnessEnablebyDisableFlag = true mPmsBrightnessEnablebySettings = true
D/STATUSBAR-IconMerger( 1193): checkOverflow(288), More:false, Req:false Child:0
D/PowerManagerService(  824): [api] isForceUnblankDisplay : false
D/BatteryMeterView( 1193): ACTION_BATTERY_CHANGED : level:76 status:3 health:2
V/AlarmManager(  824): waitForAlarm result :4
V/AlarmManager(  824): trigger ELAPSED_REALTIME_WAKEUP or RTC_WAKEUP
V/AlarmManager(  824): waitForAlarm result :4
V/AlarmManager(  824): trigger ELAPSED_REALTIME_WAKEUP or RTC_WAKEUP
D/SSRMv2:Monitor(  824): SIOP:: AP = 330, Prev AP = 330, Duration = 16269, PST = 346
V/AlarmManager(  824): waitForAlarm result :8
D/KeyguardClockWidgetService( 1780): onReceive action=android.intent.action.TIME_TICK
V/AlarmManager(  824): ClockReceiver onReceive() ACTION_TIME_TICK
D/STATUSBAR-IconMerger( 1193): checkOverflow(288), More:false, Req:false Child:0
D/PowerManagerService(  824): [api] isForceUnblankDisplay : false
E/Watchdog(  824): !@Sync 27
D/BatteryService(  824): level:76, scale:100, status:3, health:2, present:true, voltage: 4030, temperature: 308, technology: Li-ion, AC powered:false, USB powered:false, Wireless powered:false, icon:17303394, invalid charger:0, online:1, current avg:460, charge type:0
D/BatteryService(  824): Sending ACTION_BATTERY_CHANGED.
D/STATUSBAR-PhoneStatusBar( 1193):  mBrightnessEnablebySettings = true mBrightnessEnablebyBattery = true mBrightnessEnablebyDisableFlag = true mPmsBrightnessEnablebySettings = true
D/STATUSBAR-IconMerger( 1193): checkOverflow(288), More:false, Req:false Child:0
D/PowerManagerService(  824): [api] isForceUnblankDisplay : false
D/BatteryMeterView( 1193): ACTION_BATTERY_CHANGED : level:76 status:3 health:2
V/AlarmManager(  824): waitForAlarm result :4
I/ActivityManager(  824): Killing 7364:com.blurb.checkout/u0a19 (adj 15): empty for 603s
I/ActivityManager(  824): Killing 7334:com.tripadvisor.tripadvisor/u0a168 (adj 15): empty for 603s
I/ActivityManager(  824): Killing 7322:com.lookout/u0a217 (adj 15): empty for 603s
V/AlarmManager(  824): trigger ELAPSED_REALTIME_WAKEUP or RTC_WAKEUP
D/BatteryService(  824): level:76, scale:100, status:3, health:2, present:true, voltage: 4005, temperature: 304, technology: Li-ion, AC powered:false, USB powered:false, Wireless powered:false, icon:17303394, invalid charger:0, online:1, current avg:460, charge type:0
D/BatteryService(  824): Sending ACTION_BATTERY_CHANGED.
D/STATUSBAR-PhoneStatusBar( 1193):  mBrightnessEnablebySettings = true mBrightnessEnablebyBattery = true mBrightnessEnablebyDisableFlag = true mPmsBrightnessEnablebySettings = true
D/BatteryMeterView( 1193): ACTION_BATTERY_CHANGED : level:76 status:3 health:2
D/STATUSBAR-IconMerger( 1193): checkOverflow(288), More:false, Req:false Child:0
D/PowerManagerService(  824): [api] isForceUnblankDisplay : false
D/SSRMv2:Monitor(  824): SIOP:: AP = 310, Prev AP = 330, Duration = 37061, PST = 341
V/AlarmManager(  824): waitForAlarm result :4
D/BatteryService(  824): level:76, scale:100, status:3, health:2, present:true, voltage: 4052, temperature: 304, technology: Li-ion, AC powered:false, USB powered:false, Wireless powered:false, icon:17303394, invalid charger:0, online:1, current avg:460, charge type:0
D/BatteryService(  824): Sending ACTION_BATTERY_CHANGED.
D/STATUSBAR-PhoneStatusBar( 1193):  mBrightnessEnablebySettings = true mBrightnessEnablebyBattery = true mBrightnessEnablebyDisableFlag = true mPmsBrightnessEnablebySettings = true
D/BatteryMeterView( 1193): ACTION_BATTERY_CHANGED : level:76 status:3 health:2
D/STATUSBAR-IconMerger( 1193): checkOverflow(288), More:false, Req:false Child:0
D/PowerManagerService(  824): [api] isForceUnblankDisplay : false
D/BatteryService(  824): level:76, scale:100, status:3, health:2, present:true, voltage: 4037, temperature: 303, technology: Li-ion, AC powered:false, USB powered:false, Wireless powered:false, icon:17303394, invalid charger:0, online:1, current avg:460, charge type:0
D/BatteryService(  824): Sending ACTION_BATTERY_CHANGED.
D/STATUSBAR-PhoneStatusBar( 1193):  mBrightnessEnablebySettings = true mBrightnessEnablebyBattery = true mBrightnessEnablebyDisableFlag = true mPmsBrightnessEnablebySettings = true
D/STATUSBAR-IconMerger( 1193): checkOverflow(288), More:false, Req:false Child:0
D/PowerManagerService(  824): [api] isForceUnblankDisplay : false
D/BatteryMeterView( 1193): ACTION_BATTERY_CHANGED : level:76 status:3 health:2
V/AlarmManager(  824): waitForAlarm result :4
V/AlarmManager(  824): waitForAlarm result :4
D/ConnectivityService(  824): handleInetConditionHoldEnd: net=0, condition=100, published condition=100
D/STATUSBAR-NetworkController( 1193): onReceive() - CONNECTIVITY_ACTION, INET_CONDITION_ACTION
D/STATUSBAR-NetworkController( 1193): Nothing, mRoamingIconId = 0
D/STATUSBAR-NetworkController( 1193): update carrier label
D/STATUSBAR-IconMerger( 1193): checkOverflow(288), More:false, Req:false Child:0
D/PowerManagerService(  824): [api] isForceUnblankDisplay : false
V/AlarmManager(  824): waitForAlarm result :4
V/AlarmManager(  824): trigger ELAPSED_REALTIME_WAKEUP or RTC_WAKEUP
V/AlarmManager(  824): trigger ELAPSED_REALTIME_WAKEUP or RTC_WAKEUP
D/SSRMv2:Monitor(  824): SIOP:: AP = 330, Prev AP = 310, Duration = 14889, PST = 338
D/BatteryService(  824): level:76, scale:100, status:3, health:2, present:true, voltage: 4000, temperature: 302, technology: Li-ion, AC powered:false, USB powered:false, Wireless powered:false, icon:17303394, invalid charger:0, online:1, current avg:460, charge type:0
D/BatteryService(  824): Sending ACTION_BATTERY_CHANGED.
D/STATUSBAR-PhoneStatusBar( 1193):  mBrightnessEnablebySettings = true mBrightnessEnablebyBattery = true mBrightnessEnablebyDisableFlag = true mPmsBrightnessEnablebySettings = true
D/BatteryMeterView( 1193): ACTION_BATTERY_CHANGED : level:76 status:3 health:2
D/STATUSBAR-IconMerger( 1193): checkOverflow(288), More:false, Req:false Child:0
D/PowerManagerService(  824): [api] isForceUnblankDisplay : false
V/AlarmManager(  824): waitForAlarm result :8
D/BatteryService(  824): level:76, scale:100, status:3, health:2, present:true, voltage: 4041, temperature: 301, technology: Li-ion, AC powered:false, USB powered:false, Wireless powered:false, icon:17303394, invalid charger:0, online:1, current avg:460, charge type:0
D/BatteryService(  824): Sending ACTION_BATTERY_CHANGED.
D/KeyguardClockWidgetService( 1780): onReceive action=android.intent.action.TIME_TICK
D/STATUSBAR-PhoneStatusBar( 1193):  mBrightnessEnablebySettings = true mBrightnessEnablebyBattery = true mBrightnessEnablebyDisableFlag = true mPmsBrightnessEnablebySettings = true
D/STATUSBAR-IconMerger( 1193): checkOverflow(288), More:false, Req:false Child:0
V/AlarmManager(  824): ClockReceiver onReceive() ACTION_TIME_TICK
D/PowerManagerService(  824): [api] isForceUnblankDisplay : false
D/BatteryMeterView( 1193): ACTION_BATTERY_CHANGED : level:76 status:3 health:2
D/STATUSBAR-IconMerger( 1193): checkOverflow(288), More:false, Req:false Child:0
D/PowerManagerService(  824): [api] isForceUnblankDisplay : false
I/PowerManagerService(  824): [PWL] Off : 255s ago
I/PowerManagerService(  824): [PWL]   PowerManagerService.WakeLocks: ref count=1
I/PowerManagerService(  824): [PWL]     mWakeLockSummary : 0x1
I/PowerManagerService(  824): [PWL]       PARTIAL_WAKE_LOCK              'diagnostics.client.Wakelock' (uid=1000, pid=824, ws=null) (elapsedTime=3391)
V/AlarmManager(  824): waitForAlarm result :4
D/BatteryService(  824): level:76, scale:100, status:3, health:2, present:true, voltage: 4045, temperature: 301, technology: Li-ion, AC powered:false, USB powered:false, Wireless powered:false, icon:17303394, invalid charger:0, online:1, current avg:460, charge type:0
D/BatteryService(  824): Sending ACTION_BATTERY_CHANGED.
D/STATUSBAR-PhoneStatusBar( 1193):  mBrightnessEnablebySettings = true mBrightnessEnablebyBattery = true mBrightnessEnablebyDisableFlag = true mPmsBrightnessEnablebySettings = true
D/BatteryMeterView( 1193): ACTION_BATTERY_CHANGED : level:76 status:3 health:2
D/STATUSBAR-IconMerger( 1193): checkOverflow(288), More:false, Req:false Child:0
D/PowerManagerService(  824): [api] isForceUnblankDisplay : false
V/AlarmManager(  824): waitForAlarm result :4
V/AlarmManager(  824): trigger ELAPSED_REALTIME_WAKEUP or RTC_WAKEUP
D/SSRMv2:Monitor(  824): SIOP:: AP = 310, Prev AP = 330, Duration = 23039, PST = 333
D/BatteryService(  824): level:76, scale:100, status:3, health:2, present:true, voltage: 4026, temperature: 301, technology: Li-ion, AC powered:false, USB powered:false, Wireless powered:false, icon:17303394, invalid charger:0, online:1, current avg:460, charge type:0
D/BatteryService(  824): Sending ACTION_BATTERY_CHANGED.
D/STATUSBAR-PhoneStatusBar( 1193):  mBrightnessEnablebySettings = true mBrightnessEnablebyBattery = true mBrightnessEnablebyDisableFlag = true mPmsBrightnessEnablebySettings = true
D/BatteryMeterView( 1193): ACTION_BATTERY_CHANGED : level:76 status:3 health:2
D/STATUSBAR-IconMerger( 1193): checkOverflow(288), More:false, Req:false Child:0
D/PowerManagerService(  824): [api] isForceUnblankDisplay : false
V/AlarmManager(  824): waitForAlarm result :4
V/AlarmManager(  824): trigger ELAPSED_REALTIME_WAKEUP or RTC_WAKEUP
V/AlarmManager(  824): waitForAlarm result :8
D/ConnectivityService(  824): Sampling interval elapsed, updating statistics ..
D/BatteryService(  824): level:76, scale:100, status:3, health:2, present:true, voltage: 4013, temperature: 297, technology: Li-ion, AC powered:false, USB powered:false, Wireless powered:false, icon:17303394, invalid charger:0, online:1, current avg:460, charge type:0
D/KeyguardClockWidgetService( 1780): onReceive action=android.intent.action.TIME_TICK
D/BatteryService(  824): Sending ACTION_BATTERY_CHANGED.
D/STATUSBAR-PhoneStatusBar( 1193):  mBrightnessEnablebySettings = true mBrightnessEnablebyBattery = true mBrightnessEnablebyDisableFlag = true mPmsBrightnessEnablebySettings = true
V/AlarmManager(  824): ClockReceiver onReceive() ACTION_TIME_TICK
D/STATUSBAR-IconMerger( 1193): checkOverflow(288), More:false, Req:false Child:0
D/PowerManagerService(  824): [api] isForceUnblankDisplay : false
D/BatteryMeterView( 1193): ACTION_BATTERY_CHANGED : level:76 status:3 health:2
D/ConnectivityService(  824): Done.
D/ConnectivityService(  824): Setting timer for 720seconds
W/AppOps  (  824): Bad call: specified package LocationManagerService under uid 1000 but it is really -1
D/STATUSBAR-IconMerger( 1193): checkOverflow(288), More:false, Req:false Child:0
D/PowerManagerService(  824): [api] isForceUnblankDisplay : false
W/AppOps  (  824): Bad call: specified package LocationManagerService under uid 1000 but it is really -1
E/Watchdog(  824): !@Sync 28
V/AlarmManager(  824): waitForAlarm result :8
V/AlarmManager(  824): waitForAlarm result :4
V/AlarmManager(  824): trigger ELAPSED_REALTIME_WAKEUP or RTC_WAKEUP
D/SSRMv2:Monitor(  824): SIOP:: AP = 310, Prev AP = 310, Duration = 56215, PST = 328
D/ConnectivityService(  824): handleInetConditionHoldEnd: net=0, condition=100, published condition=100
D/STATUSBAR-NetworkController( 1193): onReceive() - CONNECTIVITY_ACTION, INET_CONDITION_ACTION
D/STATUSBAR-NetworkController( 1193): Nothing, mRoamingIconId = 0
D/STATUSBAR-NetworkController( 1193): update carrier label
D/STATUSBAR-IconMerger( 1193): checkOverflow(288), More:false, Req:false Child:0
D/PowerManagerService(  824): [api] isForceUnblankDisplay : false
V/AlarmManager(  824): waitForAlarm result :4
V/AlarmManager(  824): trigger ELAPSED_REALTIME_WAKEUP or RTC_WAKEUP
D/BatteryService(  824): level:76, scale:100, status:3, health:2, present:true, voltage: 4008, temperature: 296, technology: Li-ion, AC powered:false, USB powered:false, Wireless powered:false, icon:17303394, invalid charger:0, online:1, current avg:460, charge type:0
D/BatteryService(  824): Sending ACTION_BATTERY_CHANGED.
D/STATUSBAR-PhoneStatusBar( 1193):  mBrightnessEnablebySettings = true mBrightnessEnablebyBattery = true mBrightnessEnablebyDisableFlag = true mPmsBrightnessEnablebySettings = true
D/BatteryMeterView( 1193): ACTION_BATTERY_CHANGED : level:76 status:3 health:2
D/STATUSBAR-IconMerger( 1193): checkOverflow(288), More:false, Req:false Child:0
D/PowerManagerService(  824): [api] isForceUnblankDisplay : false
D/SSRMv2:Monitor(  824): SIOP:: AP = 310, Prev AP = 310, Duration = 13997, PST = 325
D/BatteryService(  824): level:76, scale:100, status:3, health:2, present:true, voltage: 4033, temperature: 296, technology: Li-ion, AC powered:false, USB powered:false, Wireless powered:false, icon:17303394, invalid charger:0, online:1, current avg:460, charge type:0
D/BatteryService(  824): Sending ACTION_BATTERY_CHANGED.
D/STATUSBAR-PhoneStatusBar( 1193):  mBrightnessEnablebySettings = true mBrightnessEnablebyBattery = true mBrightnessEnablebyDisableFlag = true mPmsBrightnessEnablebySettings = true
D/STATUSBAR-IconMerger( 1193): checkOverflow(288), More:false, Req:false Child:0
D/PowerManagerService(  824): [api] isForceUnblankDisplay : false
D/BatteryMeterView( 1193): ACTION_BATTERY_CHANGED : level:76 status:3 health:2
V/AlarmManager(  824): waitForAlarm result :4
V/AlarmManager(  824): trigger ELAPSED_REALTIME_WAKEUP or RTC_WAKEUP
D/BatteryService(  824): level:76, scale:100, status:3, health:2, present:true, voltage: 4052, temperature: 295, technology: Li-ion, AC powered:false, USB powered:false, Wireless powered:false, icon:17303394, invalid charger:0, online:1, current avg:460, charge type:0
D/BatteryService(  824): Sending ACTION_BATTERY_CHANGED.
D/STATUSBAR-PhoneStatusBar( 1193):  mBrightnessEnablebySettings = true mBrightnessEnablebyBattery = true mBrightnessEnablebyDisableFlag = true mPmsBrightnessEnablebySettings = true
D/BatteryMeterView( 1193): ACTION_BATTERY_CHANGED : level:76 status:3 health:2
D/STATUSBAR-IconMerger( 1193): checkOverflow(288), More:false, Req:false Child:0
D/PowerManagerService(  824): [api] isForceUnblankDisplay : false
V/AlarmManager(  824): waitForAlarm result :4
V/AlarmManager(  824): trigger ELAPSED_REALTIME_WAKEUP or RTC_WAKEUP
V/AlarmManager(  824): trigger ELAPSED_REALTIME_WAKEUP or RTC_WAKEUP
D/BatteryService(  824): level:76, scale:100, status:3, health:2, present:true, voltage: 4015, temperature: 295, technology: Li-ion, AC powered:false, USB powered:false, Wireless powered:false, icon:17303394, invalid charger:0, online:1, current avg:460, charge type:0
D/BatteryService(  824): Sending ACTION_BATTERY_CHANGED.
D/STATUSBAR-PhoneStatusBar( 1193):  mBrightnessEnablebySettings = true mBrightnessEnablebyBattery = true mBrightnessEnablebyDisableFlag = true mPmsBrightnessEnablebySettings = true
D/BatteryMeterView( 1193): ACTION_BATTERY_CHANGED : level:76 status:3 health:2
D/STATUSBAR-IconMerger( 1193): checkOverflow(288), More:false, Req:false Child:0
D/PowerManagerService(  824): [api] isForceUnblankDisplay : false
D/SSRMv2:Monitor(  824): SIOP:: AP = 310, Prev AP = 310, Duration = 20842, PST = 322
D/BatteryService(  824): level:76, scale:100, status:3, health:2, present:true, voltage: 4040, temperature: 294, technology: Li-ion, AC powered:false, USB powered:false, Wireless powered:false, icon:17303394, invalid charger:0, online:1, current avg:460, charge type:0
D/BatteryService(  824): Sending ACTION_BATTERY_CHANGED.
D/STATUSBAR-PhoneStatusBar( 1193):  mBrightnessEnablebySettings = true mBrightnessEnablebyBattery = true mBrightnessEnablebyDisableFlag = true mPmsBrightnessEnablebySettings = true
D/BatteryMeterView( 1193): ACTION_BATTERY_CHANGED : level:76 status:3 health:2
D/STATUSBAR-IconMerger( 1193): checkOverflow(288), More:false, Req:false Child:0
D/PowerManagerService(  824): [api] isForceUnblankDisplay : false
E/Watchdog(  824): !@Sync 29
V/AlarmManager(  824): waitForAlarm result :8
V/AlarmManager(  824): waitForAlarm result :4
V/AlarmManager(  824): trigger ELAPSED_REALTIME_WAKEUP or RTC_WAKEUP
V/AlarmManager(  824): waitForAlarm result :8
D/KeyguardClockWidgetService( 1780): onReceive action=android.intent.action.TIME_TICK
V/AlarmManager(  824): ClockReceiver onReceive() ACTION_TIME_TICK
D/STATUSBAR-IconMerger( 1193): checkOverflow(288), More:false, Req:false Child:0
D/PowerManagerService(  824): [api] isForceUnblankDisplay : false
D/BatteryService(  824): level:76, scale:100, status:3, health:2, present:true, voltage: 3981, temperature: 291, technology: Li-ion, AC powered:false, USB powered:false, Wireless powered:false, icon:17303394, invalid charger:0, online:1, current avg:460, charge type:0
D/BatteryService(  824): Sending ACTION_BATTERY_CHANGED.
D/STATUSBAR-PhoneStatusBar( 1193):  mBrightnessEnablebySettings = true mBrightnessEnablebyBattery = true mBrightnessEnablebyDisableFlag = true mPmsBrightnessEnablebySettings = true
D/BatteryMeterView( 1193): ACTION_BATTERY_CHANGED : level:76 status:3 health:2
D/STATUSBAR-IconMerger( 1193): checkOverflow(288), More:false, Req:false Child:0
D/PowerManagerService(  824): [api] isForceUnblankDisplay : false
D/SSRMv2:Monitor(  824): SIOP:: AP = 290, Prev AP = 310, Duration = 49636, PST = 317
I/PowerManagerService(  824): [PWL] Off : 401s ago
I/PowerManagerService(  824): [PWL]   PowerManagerService.WakeLocks: ref count=1
I/PowerManagerService(  824): [PWL]     mWakeLockSummary : 0x1
I/PowerManagerService(  824): [PWL]       PARTIAL_WAKE_LOCK              'diagnostics.client.Wakelock' (uid=1000, pid=824, ws=null) (elapsedTime=2959)
D/BatteryService(  824): level:76, scale:100, status:3, health:2, present:true, voltage: 4043, temperature: 291, technology: Li-ion, AC powered:false, USB powered:false, Wireless powered:false, icon:17303394, invalid charger:0, online:1, current avg:460, charge type:0
D/BatteryService(  824): Sending ACTION_BATTERY_CHANGED.
D/STATUSBAR-PhoneStatusBar( 1193):  mBrightnessEnablebySettings = true mBrightnessEnablebyBattery = true mBrightnessEnablebyDisableFlag = true mPmsBrightnessEnablebySettings = true
D/STATUSBAR-IconMerger( 1193): checkOverflow(288), More:false, Req:false Child:0
D/PowerManagerService(  824): [api] isForceUnblankDisplay : false
D/BatteryMeterView( 1193): ACTION_BATTERY_CHANGED : level:76 status:3 health:2
D/BatteryService(  824): level:76, scale:100, status:3, health:2, present:true, voltage: 4031, temperature: 291, technology: Li-ion, AC powered:false, USB powered:false, Wireless powered:false, icon:17303394, invalid charger:0, online:1, current avg:460, charge type:0
D/BatteryService(  824): Sending ACTION_BATTERY_CHANGED.
D/STATUSBAR-PhoneStatusBar( 1193):  mBrightnessEnablebySettings = true mBrightnessEnablebyBattery = true mBrightnessEnablebyDisableFlag = true mPmsBrightnessEnablebySettings = true
D/BatteryMeterView( 1193): ACTION_BATTERY_CHANGED : level:76 status:3 health:2
D/STATUSBAR-IconMerger( 1193): checkOverflow(288), More:false, Req:false Child:0
D/PowerManagerService(  824): [api] isForceUnblankDisplay : false
V/AlarmManager(  824): waitForAlarm result :4
V/AlarmManager(  824): trigger ELAPSED_REALTIME_WAKEUP or RTC_WAKEUP
D/SSRMv2:Monitor(  824): SIOP:: AP = 310, Prev AP = 290, Duration = 17113, PST = 314
D/PowerManagerService(  824): [api] [s] wakeUpFromNative:  (uid: 1000 pid: 824)
I/PowerManagerService(  824): !@[ps] Screen__On :  wakeUpFromNative:  (uid: 1000 pid: 824)
I/PowerManagerService(  824): Waking up from sleep...
D/PowerManagerService(  824): Screen Readiness Inspection requested: mNestCount=1
D/PowerManagerService(  824): [PWL] sb acquire: PowerManagerService.Broadcasts
D/PowerManagerService(  824): [s] WAKEFULNESS_AWAKE
D/PowerManagerService(  824): [s] UserActivityState : 0 -> 1
D/DisplayPowerController(  824): animation target = 161 (PSM:true, AB limit:(-1 ~ -1) MB Limit:(-1 ~ -1) MAdj:(0, (0, 255)))
D/BatteryService(  824): level:76, scale:100, status:3, health:2, present:true, voltage: 4045, temperature: 290, technology: Li-ion, AC powered:false, USB powered:false, Wireless powered:false, icon:17303394, invalid charger:0, online:1, current avg:460, charge type:0
D/BatteryService(  824): Sending ACTION_BATTERY_CHANGED.
D/KeyguardClockWidgetService( 1780): onReceive action=android.intent.action.SCREEN_ON
D/PowerManagerService(  824): [api] [s] userActivity : event: 3 flags: 0 (uid: 10207 pid: 1193)
D/KeyguardClockWidgetProvider( 1780): refreshSingleClock :{Home} Hour = 1, Min = 59
D/KeyguardClockWidgetProvider( 1780): desc Message = It is 1:59 PM
D/KeyguardClockWidgetProvider( 1780): desc Message = It is 1:59 PM
D/STATUSBAR-NotificationService(  824): ACTION_SCREEN_ON
D/LightsService(  824): [api] [SvcLED] turnOff:: id = 4 (uid: 1000 pid: 824) 
D/LightsService(  824): [SvcLED] setSvcLedStateLocked:: SvcLEDState : 0x0 -> 0x0 | SvcLED(id=4) set Off
D/LightsService(  824): [SvcLED] Lux failed to be updated in 700ms. -> handleForcedSvcLEDTasK
D/LightsService(  824): [SvcLED]  setSvcLedLightLocked :: Current SvcLED(id=3) maintains its priority right
D/STATUSBAR-PhoneStatusBar( 1193):  mBrightnessEnablebySettings = true mBrightnessEnablebyBattery = true mBrightnessEnablebyDisableFlag = true mPmsBrightnessEnablebySettings = true
D/BatteryMeterView( 1193): ACTION_BATTERY_CHANGED : level:76 status:3 health:2
I/WindowManager(  824): Lock screen displayed!
D/PowerManagerNotifier(  824): [api] WindowManagerPolicy.ScreenOnListener : Received onScreenOn().
D/PowerManagerService(  824): Screen Readiness Inspection completed: mNestCount=0
D/DisplayPowerController(  824): animation target = 161 (PSM:true, AB limit:(-1 ~ -1) MB Limit:(-1 ~ -1) MAdj:(0, (0, 255)))
D/DisplayPowerController(  824): !@ElectronBeam exit
D/DisplayPowerController(  824): animation target = 161 (PSM:true, AB limit:(-1 ~ -1) MB Limit:(-1 ~ -1) MAdj:(0, (0, 255)))
D/PowerManagerService(  824): [s] mDisplayPowerControllerCallbacks : onStateChanged()
D/STATUSBAR-IconMerger( 1193): checkOverflow(288), More:false, Req:false Child:0
D/STATUSBAR-PhoneStatusBar( 1193): showPlmnString
D/TimaService(  824): TIMA: TimaService scheduler is intialized. 
D/TimaService(  824): TIMA: checkEvent, operation: 50000 subject: 10000
D/TimaService(  824): TimaServiceHandler.handleMessage what =1
D/STATUSBAR-IconMerger( 1193): checkOverflow(288), More:false, Req:false Child:0
D/PowerManagerService(  824): Excessive delay in nativeSetAutoSuspend(false): 335ms
D/PowerManagerService(  824): !@[s] unblankAllDisplays() : unblankAllDisplaysFromPowerManager
D/PowerManagerService(  824): SecHardwareInterface.setBatteryADC : true
D/MobileDataStateTracker(  824): default: Broadcast received: android.intent.action.ANY_DATA_STATE apnType=default
D/MobileDataStateTracker(  824): default: Received state=CONNECTED, old=CONNECTED, reason=SCREEN_ON
D/MobileDataStateTracker(  824): fota: Broadcast received: android.intent.action.ANY_DATA_STATE apnType=fota
D/MobileDataStateTracker(  824): fota: Received state=DISCONNECTED, old=DISCONNECTED, reason=SCREEN_ON
D/MobileDataStateTracker(  824): dun: Broadcast received: android.intent.action.ANY_DATA_STATE apnType=dun
D/MobileDataStateTracker(  824): dun: Received state=DISCONNECTED, old=DISCONNECTED, reason=SCREEN_ON
D/MobileDataStateTracker(  824): supl: Broadcast received: android.intent.action.ANY_DATA_STATE apnType=supl
D/MobileDataStateTracker(  824): supl: Received state=DISCONNECTED, old=DISCONNECTED, reason=SCREEN_ON
D/MobileDataStateTracker(  824): hipri: Broadcast received: android.intent.action.ANY_DATA_STATE apnType=hipri
D/MobileDataStateTracker(  824): hipri: Received state=DISCONNECTED, old=DISCONNECTED, reason=SCREEN_ON
D/MobileDataStateTracker(  824): ims: Broadcast received: android.intent.action.ANY_DATA_STATE apnType=ims
D/MobileDataStateTracker(  824): ims: Received state=DISCONNECTED, old=DISCONNECTED, reason=SCREEN_ON
D/MobileDataStateTracker(  824): mms: Broadcast received: android.intent.action.ANY_DATA_STATE apnType=mms
D/MobileDataStateTracker(  824): mms: Received state=DISCONNECTED, old=DISCONNECTED, reason=SCREEN_ON
D/MobileDataStateTracker(  824): cbs: Broadcast received: android.intent.action.ANY_DATA_STATE apnType=cbs
D/MobileDataStateTracker(  824): cbs: Received state=DISCONNECTED, old=DISCONNECTED, reason=SCREEN_ON
W/ContextImpl( 1596): Calling a method in the system process without a qualified user: android.app.ContextImpl.sendStickyBroadcast:1626 android.content.ContextWrapper.sendStickyBroadcast:439 com.samsung.android.app.gestureservice.GestureService.updateStatusBar:788 com.samsung.android.app.gestureservice.GestureService.enableService:929 com.samsung.android.app.gestureservice.GestureService.access$1700:40 
W/ContextImpl( 1596): Calling a method in the system process without a qualified user: android.app.ContextImpl.sendStickyBroadcast:1626 android.content.ContextWrapper.sendStickyBroadcast:439 com.samsung.android.app.gestureservice.GestureService.updateStatusBar:788 com.samsung.android.app.gestureservice.GestureService.access$1200:40 com.samsung.android.app.gestureservice.GestureService$2.onReceive:223 
D/SSRMv2:AirViewOnOff(  824): DeviceInfo:: 00010000000
D/SSRMv2:AirViewOnOff(  824): SettingsAirViewInfo:: 000100000
D/STATUSBAR-NetworkController( 1193): onSignalStrengthsChanged signalStrength=SignalStrength: 99 -1 -1 -1 -1 -1 -1 31 -140 -3 -200 -1 2147483647 gsm|lte 0x3 level=3
D/STATUSBAR-NetworkController( 1193): update carrier label
D/STATUSBAR-IconMerger( 1193): checkOverflow(288), More:false, Req:false Child:0
D/STATUSBAR-NetworkController( 1193): onSignalStrengthsChanged signalStrength=SignalStrength: 99 -1 -1 -1 -1 -1 -1 31 -140 -3 -200 -1 2147483647 gsm|lte 0x3 level=3
D/STATUSBAR-NetworkController( 1193): update carrier label
D/STATUSBAR-IconMerger( 1193): checkOverflow(288), More:false, Req:false Child:0
D/PowerManagerService(  824): [PWL] sb release: PowerManagerService.Broadcasts
D/MotionRecognitionService(  824): [ FLIP_COVER_ACTION_OPEN ]
D/MotionRecognitionService(  824): setFlipCoverTouchEnabled to true
D/PowerManagerService(  824): [api] [s] userActivity : event: 3 flags: 0 (uid: 10207 pid: 1193)
D/PowerManagerService(  824): [api] [s] userActivity : event: 3 flags: 0 (uid: 10207 pid: 1193)
D/PowerManagerService(  824): [api] [s] userActivity : event: 3 flags: 0 (uid: 10207 pid: 1193)
D/PowerManagerService(  824): [api] [s] userActivity : event: 3 flags: 0 (uid: 10207 pid: 1193)
D/PowerManagerService(  824): [api] [s] userActivity : event: 3 flags: 0 (uid: 10207 pid: 1193)
D/PowerManagerService(  824): [api] [s] userActivity : event: 3 flags: 0 (uid: 10207 pid: 1193)
D/PowerManagerService(  824): [api] [s] userActivity : event: 3 flags: 0 (uid: 10207 pid: 1193)
D/PowerManagerService(  824): [api] [s] userActivity : event: 3 flags: 0 (uid: 10207 pid: 1193)
D/PowerManagerService(  824): [api] [s] userActivity : event: 3 flags: 0 (uid: 10207 pid: 1193)
D/PowerManagerService(  824): [api] [s] userActivity : event: 3 flags: 0 (uid: 10207 pid: 1193)
D/PowerManagerService(  824): [api] [s] userActivity : event: 3 flags: 0 (uid: 10207 pid: 1193)
D/PowerManagerService(  824): [api] [s] userActivity : event: 3 flags: 0 (uid: 10207 pid: 1193)
D/PowerManagerService(  824): [api] [s] userActivity : event: 3 flags: 0 (uid: 10207 pid: 1193)
D/PowerManagerService(  824): [api] [s] userActivity : event: 3 flags: 0 (uid: 10207 pid: 1193)
D/PowerManagerService(  824): [api] [s] userActivity : event: 3 flags: 0 (uid: 10207 pid: 1193)
D/PowerManagerService(  824): [api] [s] userActivity : event: 3 flags: 0 (uid: 10207 pid: 1193)
D/PowerManagerService(  824): [api] [s] userActivity : event: 3 flags: 0 (uid: 10207 pid: 1193)
D/PowerManagerService(  824): [api] [s] userActivity : event: 3 flags: 0 (uid: 10207 pid: 1193)
D/PowerManagerService(  824): [api] [s] userActivity : event: 3 flags: 0 (uid: 10207 pid: 1193)
D/PowerManagerService(  824): [api] [s] userActivity : event: 3 flags: 0 (uid: 10207 pid: 1193)
D/PowerManagerService(  824): [api] [s] userActivity : event: 3 flags: 0 (uid: 10207 pid: 1193)
W/ContextImpl(  824): Calling a method in the system process without a qualified user: android.app.ContextImpl.sendBroadcast:1482 com.android.server.am.ActivityStack.resumeTopActivityLocked:2183 com.android.server.am.ActivityStackSupervisor.resumeTopActivitiesLocked:3132 com.android.server.am.ActivityStackSupervisor.resumeTopActivitiesLocked:3104 com.android.server.am.ActivityStackSupervisor.comeOutOfSleepIfNeededLocked:3456 
V/SmartFaceService - 3rd party pause(  824): onReceive [android.intent.action.ACTIVITY_STATE/com.google.android.gm/resume]
D/STATUSBAR-StatusBarManagerService(  824): manageDisableList what=0x0 pkg=com.android.keyguard
D/LightsService(  824): [api] [SvcLED] turnOff:: id = 4 (uid: 1000 pid: 824) 
D/LightsService(  824): [SvcLED] setSvcLedStateLocked:: SvcLEDState : 0x0 -> 0x0 | SvcLED(id=4) set Off
E/MotionRecognitionService(  824):   mReceiver.onReceive : ACTION_USER_PRESENT  :: UNLOCK SCREEN
D/LightsService(  824): [SvcLED] Lux failed to be updated in 700ms. -> handleForcedSvcLEDTasK
D/LightsService(  824): [SvcLED]  setSvcLedLightLocked :: Current SvcLED(id=3) maintains its priority right
D/SSRMv2:AirViewOnOff(  824): DeviceInfo:: 00000000000
D/SSRMv2:AirViewOnOff(  824): SettingsAirViewInfo:: 000100000
V/WindowManager(  824): rotationForOrientationLw(orient=-1, last=0); user=0  sensorRotation=-1 mLidState=-1 mDockMode=0 mHdmiPlugged=false mAccelerometerDefault=false gripRotationLock=false
D/STATUSBAR-StatusBarManagerService(  824): manageDisableList what=0x0 pkg=WindowManager.LayoutParams
D/PowerManagerService(  824): [api] setUserActivityTimeoutOverrideFromWindowManagerInternal: timeoutMillis: -1
D/PowerManagerService(  824): [s] getScreenOffTimeoutLocked: 10000 -> 30000
D/PowerManagerService(  824): [api] setScreenDimDurationOverrideFromWindowManagerInternal: timeoutMillis: -1
D/STATUSBAR-NetworkController( 1193): onSignalStrengthsChanged signalStrength=SignalStrength: 99 -1 -1 -1 -1 -1 -1 24 -100 -20 -18 -1 2147483647 gsm|lte 0x2 level=2
D/STATUSBAR-NetworkController( 1193): refreshSignalCluster: data=2 bt=false
D/STATUSBAR-NetworkController( 1193): update carrier label
D/STATUSBAR-NetworkController( 1193): onDataActivity: direction=2
D/STATUSBAR-NetworkController( 1193): refreshSignalCluster: data=2 bt=false
D/STATUSBAR-NetworkController( 1193): update carrier label
D/STATUSBAR-IconMerger( 1193): checkOverflow(288), More:false, Req:false Child:0
W/InputMethodManagerService(  824): Window already focused, ignoring focus gain of: com.android.internal.view.IInputMethodClient$Stub$Proxy@45a3df38 attribute=android.view.inputmethod.EditorInfo@459bd178, token = android.os.BinderProxy@42eb6858
V/KeyguardDisplayManager( 1193): hide
D/TimaService(  824): TIMA MEASUREMENT Result: TIMA_STATUS=0;MSG=Kernel Verification Success;
D/TimaService(  824): TIMA MEASUREMENT success status: TIMA_STATUS=0;MSG=Kernel Verification Success;
D/STATUSBAR-PhoneStatusBar( 1193): makeExpandedVisible
D/STATUSBAR-QuickSettingPanel( 1193): setSingleLine:true
E/SmartFaceService - 3rd party pause(  824): onReceive, ACTION_STATUS_BAR_ANIMATING: true
D/STATUSBAR-PhoneStatusBar( 1193): Mini Controller text scroll : ON
D/VibratorService(  824): ImmVibe vibratorOff()
D/LightsService(  824): [api] [SvcLED] turnOff:: id = 4 (uid: 10207 pid: 1193) 
D/LightsService(  824): [SvcLED] setSvcLedStateLocked:: SvcLEDState : 0x0 -> 0x0 | SvcLED(id=4) set Off
D/LightsService(  824): [SvcLED] Lux failed to be updated in 700ms. -> handleForcedSvcLEDTasK
D/LightsService(  824): [SvcLED]  setSvcLedLightLocked :: Current SvcLED(id=3) maintains its priority right
D/STATUSBAR-StatusBarManagerService(  824): manageDisableList what=0x0 pkg=WindowManager.LayoutParams
--------- beginning of /dev/log/main
I/InputDispatcher(  824): Delivering touch to: action: 0x1
V/PanelView( 1193): animationTick called with dtms=0; nothing to do (h=716.0 v=3703.7249)
V/PanelView( 1193): animationTick called with dtms=-1; nothing to do (h=716.0 v=3703.7249)
D/dalvikvm( 6523): GC_CONCURRENT freed 1873K, 18% free 22356K/26952K, paused 6ms+8ms, total 61ms
D/dalvikvm( 6523): GC_EXPLICIT freed 642K, 18% free 22145K/26952K, paused 4ms+6ms, total 54ms
I/ConvCursor( 6523): ConversationCursor caching complete pos=187
D/STATUSBAR-NetworkController( 1193): onDataActivity: direction=0
D/STATUSBAR-NetworkController( 1193): refreshSignalCluster: data=2 bt=false
D/STATUSBAR-NetworkController( 1193): update carrier label
D/STATUSBAR-IconMerger( 1193): checkOverflow(288), More:false, Req:false Child:0
E/SmartFaceService - 3rd party pause(  824): onReceive, ACTION_STATUS_BAR_EXPANDED: true
D/SSRMv2:AirViewOnOff(  824): DeviceInfo:: 00100000000
D/SSRMv2:AirViewOnOff(  824): SettingsAirViewInfo:: 000100000
D/PhoneStatusBarView( 1193): onPanelFullyOpened in EXPAND_NOTI_ACTION
E/MP-Decision( 1823): num online cores: 4 reqd : 3 available : 4 rq_depth:0.600000 hotplug_avg_load_dw: 117
E/MP-Decision( 1823): DOWN cpu:3 core_idx:3 Ns:3.100000 Ts:240 rq:0.600000 seq:243.000000
E/MP-Decision( 1823): num online cores: 3 reqd : 2 available : 4 rq_depth:2.000000 hotplug_avg_load_dw: 52
E/MP-Decision( 1823): DOWN cpu:2 core_idx:2 Ns:2.100000 Ts:240 rq:2.000000 seq:240.000000
W/EDMNativeHelper(  265): EDMNativeHelperService is published
E/MP-Decision( 1823): num online cores: 2 reqd : 1 available : 4 rq_depth:0.100000 hotplug_avg_load_dw: 17
E/MP-Decision( 1823): DOWN cpu:1 core_idx:1 Ns:1.100000 Ts:190 rq:0.100000 seq:44.000000
D/InputReader(  824): Input event: value=1 when=918234686000
I/InputReader(  824): Touch event's action is 0x0 (deviceType=0) [pCnt=1, s=0.16 ] when=918234838000
I/InputDispatcher(  824): Delivering touch to: action: 0x0
D/InputReader(  824): Input event: value=0 when=918303380000
I/InputReader(  824): Touch event's action is 0x1 (deviceType=0) [pCnt=1, s=] when=918303380000
I/InputDispatcher(  824): Delivering touch to: action: 0x1
E/EnterpriseContainerManager( 1193): ContainerPolicy Service is not yet ready!!!
D/EnterpriseDeviceManager( 1193): ContainerId: 0
W/LicenseLogService(  824): log() failed
I/WifiManager( 1193): setWifiEnabled : true
I/WifiService(  824): setWifiEnabled: true pid=1193, uid=10207
E/WifiHW  (  824): ##################### set firmware type 0 #####################
I/WifiHW  (  824): module is semco
E/WifiHW  (  824): ==========[WIFI] Station firmware load ===========
E/WifiHW  (  824): ==========[WIFI] SEMCO MODULE ===========
E/MP-Decision( 1823): num online cores: 1 reqd : 3 available : 4 rq_depth:3.100000 hotplug_avg_load_dw: 34
E/MP-Decision( 1823): UP cpu:1 core_idx:1 Nw:1.900000 Tw:140 rq:3.100000 seq:99.000000
E/MP-Decision( 1823): UP cpu:2 core_idx:2 Nw:2.700000 Tw:90 rq:3.100000 seq:99.000000
E/MP-Decision( 1823): num online cores: 3 reqd : 1 available : 4 rq_depth:0.000000 hotplug_avg_load_dw: 29
E/MP-Decision( 1823): DOWN cpu:2 core_idx:2 Ns:2.100000 Ts:240 rq:0.000000 seq:230.000000
E/MP-Decision( 1823): DOWN cpu:1 core_idx:1 Ns:1.100000 Ts:190 rq:0.000000 seq:230.000000
D/RippleInk_KeyguardEffect( 1193): WaterColor sound : release SoundPool
V/AlarmManager(  824): waitForAlarm result :8
D/KeyguardUpdateMonitor( 1193): received broadcast android.intent.action.TIME_TICK
D/KeyguardUpdateMonitor( 1193): handleTimeUpdate
D/KeyguardClockWidgetService( 1780): onReceive action=android.intent.action.TIME_TICK
V/AlarmManager(  824): ClockReceiver onReceive() ACTION_TIME_TICK
D/STATUSBAR-IconMerger( 1193): checkOverflow(288), More:false, Req:false Child:0
D/accuweather( 1921): [Accuweather J]>>> SWW:615 [0:0] =============== BR act = androidintentactionTIME_TICK
D/accuweather( 1921): [Accuweather J]>>> SWW:652 [0:0] renderUpdateTime : [0] = 1
D/accuweather( 1921): [Accuweather J]>>> WR:452 [0:0] =============== updateTime = 1
W/EDMNativeHelper(  265): EDMNativeHelperService is published
D/Tethering(  824): setOemDunRequired
I/ConnectivityService(  824): defaultVal : 1, tetherEnabledInSettings : true
D/Tethering(  824): Query databases to find dun type
W/Settings(  824): Setting tether_dun_required has moved from android.provider.Settings.System to android.provider.Settings.Global
E/Tethering(  824): Set dun requiered as 0
I/SELinux ( 9241): Function: selinux_android_load_priority [0], There is no sepolicy file.
I/SELinux ( 9241):  
I/SELinux ( 9241): Function: selinux_android_load_priority [1], There is no sepolicy version file.
I/SELinux ( 9241):  
I/SELinux ( 9241): Function: selinux_android_load_priority , loading version is VE=SEPF_SAMSUNG-SGH-I537_4.4.2_0026
I/SELinux ( 9241):  
I/SELinux ( 9241):  
I/SELinux ( 9241): selinux_android_seapp_context_reload: seapp_contexts file is loaded from /seapp_contexts
D/MobileDataStateTracker(  824): default: Broadcast received: android.intent.action.ANY_DATA_STATE apnType=default
D/MobileDataStateTracker(  824): default: Received state=CONNECTED, old=CONNECTED, reason=TetherOff
D/MobileDataStateTracker(  824): fota: Broadcast received: android.intent.action.ANY_DATA_STATE apnType=fota
D/MobileDataStateTracker(  824): fota: Received state=DISCONNECTED, old=DISCONNECTED, reason=TetherOff
D/MobileDataStateTracker(  824): dun: Broadcast received: android.intent.action.ANY_DATA_STATE apnType=dun
D/MobileDataStateTracker(  824): dun: Received state=DISCONNECTED, old=DISCONNECTED, reason=TetherOff
D/MobileDataStateTracker(  824): supl: Broadcast received: android.intent.action.ANY_DATA_STATE apnType=supl
D/MobileDataStateTracker(  824): supl: Received state=DISCONNECTED, old=DISCONNECTED, reason=TetherOff
D/Tethering(  824): sendTetherStateChangedBroadcast 1, 0, 0
D/MobileDataStateTracker(  824): hipri: Broadcast received: android.intent.action.ANY_DATA_STATE apnType=hipri
D/MobileDataStateTracker(  824): hipri: Received state=DISCONNECTED, old=DISCONNECTED, reason=TetherOff
D/MobileDataStateTracker(  824): ims: Broadcast received: android.intent.action.ANY_DATA_STATE apnType=ims
D/MobileDataStateTracker(  824): ims: Received state=DISCONNECTED, old=DISCONNECTED, reason=TetherOff
E/MP-Decision( 1823): num online cores: 1 reqd : 4 available : 4 rq_depth:8.100000 hotplug_avg_load_dw: 39
E/MP-Decision( 1823): UP cpu:1 core_idx:1 Nw:1.900000 Tw:140 rq:8.100000 seq:98.000000
E/MP-Decision( 1823): UP cpu:2 core_idx:2 Nw:2.700000 Tw:90 rq:8.100000 seq:98.000000
D/Tethering(  824): InitialState.processMessage what=4
D/Tethering(  824): setOemDunRequired
E/MP-Decision( 1823): UP cpu:3 core_idx:3 Nw:3.500000 Tw:90 rq:8.100000 seq:98.000000
I/WifiHW  (  266): wifi_change_fw_path(): fwpath = /system/etc/wifi/bcmdhd_sta.bin
D/SoftapController(  266): Softap fwReload - Ok
I/ConnectivityService(  824): defaultVal : 1, tetherEnabledInSettings : true
D/PhoneApp( 1360): mReceiver: ACTION_ANY_DATA_CONNECTION_STATE_CHANGED
D/FileWriteThread( 1360): FileWriteThread : threadType = 2
D/Tethering(  824): Query databases to find dun type
D/CommandListener(  266): Setting iface cfg
D/CommandListener(  266): Trying to bring down wlan0
D/PhoneApp( 1360): mReceiver: ACTION_ANY_DATA_CONNECTION_STATE_CHANGED
D/FileWriteThread( 1360): dataChargingCutOff : data_call = 49
D/FileWriteThread( 1360): FileWriteThread : threadType = 3
D/PhoneApp( 1360): mReceiver: ACTION_ANY_DATA_CONNECTION_STATE_CHANGED
D/MobileDataStateTracker(  824): mms: Broadcast received: android.intent.action.ANY_DATA_STATE apnType=mms
D/FileWriteThread( 1360): FileWriteThread : threadType = 3
W/Settings(  824): Setting tether_dun_required has moved from android.provider.Settings.System to android.provider.Settings.Global
D/FileWriteThread( 1360): dataChargingCutOff : data_call = 48
D/PhoneApp( 1360): mReceiver: ACTION_ANY_DATA_CONNECTION_STATE_CHANGED
E/Tethering(  824): Set dun requiered as 0
D/Tethering(  824): sendTetherStateChangedBroadcast 0, 0, 0
D/FileWriteThread( 1360): FileWriteThread : threadType = 3
D/EnterpriseDeviceManager(  824): ContainerId: 0
D/WifiHW  (  824): Skip the update_ctrl_interface
D/WifiHW  (  824): Skip the update_ctrl_interface
D/PhoneApp( 1360): mReceiver: ACTION_ANY_DATA_CONNECTION_STATE_CHANGED
E/WifiHW  (  824): supplicant_name : p2p_supplicant
D/FileWriteThread( 1360): FileWriteThread : threadType = 3
D/PhoneApp( 1360): mReceiver: ACTION_ANY_DATA_CONNECTION_STATE_CHANGED
D/FileWriteThread( 1360): FileWriteThread : threadType = 3
D/NotificationMgr( 1360): hideDataDisconnectedRoaming()...
D/PhoneApp( 1360): mReceiver: ACTION_ANY_DATA_CONNECTION_STATE_CHANGED
D/MobileDataStateTracker(  824): mms: Received state=DISCONNECTED, old=DISCONNECTED, reason=TetherOff
D/MobileDataStateTracker(  824): cbs: Broadcast received: android.intent.action.ANY_DATA_STATE apnType=cbs
D/MobileDataStateTracker(  824): cbs: Received state=DISCONNECTED, old=DISCONNECTED, reason=TetherOff
W/NetworkStats(  824): getDevSummary: NetworkStats: elapsedRealtime=0
W/NetworkStats(  824): getXtSummary: NetworkStats: elapsedRealtime=741607178
W/NetworkStats(  824):   [0] iface=null uid=-1 set=ALL tag=0x0 rxBytes=1465226134 rxPackets=1365092 txBytes=122940641 txPackets=981813 operations=0
D/MobileDataStateTracker(  824): default: setPolicyDataEnable(enabled=true)
D/FileWriteThread( 1360): FileWriteThread : threadType = 3
D/PhoneApp( 1360): mReceiver: ACTION_ANY_DATA_CONNECTION_STATE_CHANGED
