D/STATUSBAR-IconMerger( 1193): checkOverflow(288), More:false, Req:false Child:0
D/STATUSBAR-NetworkController( 1193): onDataActivity: direction=3
D/STATUSBAR-NetworkController( 1193): refreshSignalCluster: data=2 bt=false
D/STATUSBAR-NetworkController( 1193): update carrier label
D/STATUSBAR-IconMerger( 1193): checkOverflow(288), More:false, Req:false Child:0
D/STATUSBAR-NetworkController( 1193): onSignalStrengthsChanged signalStrength=SignalStrength: 99 -1 -1 -1 -1 -1 -1 19 -108 -18 -48 -1 2147483647 gsm|lte 0x1 level=1
D/STATUSBAR-NetworkController( 1193): update carrier label
D/STATUSBAR-IconMerger( 1193): checkOverflow(288), More:false, Req:false Child:0
D/STATUSBAR-NetworkController( 1193): onDataActivity: direction=2
D/STATUSBAR-NetworkController( 1193): refreshSignalCluster: data=2 bt=false
D/STATUSBAR-NetworkController( 1193): update carrier label
D/STATUSBAR-IconMerger( 1193): checkOverflow(288), More:false, Req:false Child:0
D/STATUSBAR-NetworkController( 1193): onDataActivity: direction=3
D/STATUSBAR-NetworkController( 1193): refreshSignalCluster: data=2 bt=false
D/STATUSBAR-NetworkController( 1193): update carrier label
D/STATUSBAR-IconMerger( 1193): checkOverflow(288), More:false, Req:false Child:0
W/ContextImpl(  824): Calling a method in the system process without a qualified user: android.app.ContextImpl.sendBroadcast:1468 com.absolute.android.persistservice.a.run:1059 java.lang.Thread.run:841 <bottom of call stack> <bottom of call stack> 
D/STATUSBAR-NetworkController( 1193): onDataActivity: direction=0
D/STATUSBAR-NetworkController( 1193): refreshSignalCluster: data=2 bt=false
D/STATUSBAR-NetworkController( 1193): update carrier label
D/STATUSBAR-IconMerger( 1193): checkOverflow(288), More:false, Req:false Child:0
D/PowerManagerService(  824): [api] [s] goToSleepFromNative: 0 (uid: 1000 pid: 824)
I/PowerManagerService(  824): !@[ps] Screen__Off(0) :  goToSleepFromNative:  (uid: 1000 pid: 824)
I/PowerManagerService(  824): Going to sleep by user request...
D/PowerManagerService(  824): [s] WAKEFULNESS_ASLEEP
D/PowerManagerService(  824): [s] UserActivityState : 1 -> 0
D/DisplayPowerController(  824): !@ElectronBeam entry
D/PowerManagerService(  824): [s] mDisplayPowerControllerCallbacks : onStateChanged()
D/PowerManagerService(  824): [PWL] sb acquire: PowerManagerService.Broadcasts
D/PowerManagerService(  824): !@[s] blankAllDisplays() : blankAllDisplaysFromPowerManage
D/KeyguardClockWidgetProvider( 1780): onReceive action=android.appwidget.action.APPWIDGET_DELETED
D/PowerManagerService(  824): Excessive delay in mDisplayManagerService.blankAllDisplaysFromPowerManager(): 297ms
D/PowerManagerService(  824): SecHardwareInterface.setBatteryADC : false
I/PowerManagerService(  824): [PWL] Off : 0s ago
I/PowerManagerService(  824): [PWL]   PowerManagerService.WakeLocks: ref count=1
I/PowerManagerService(  824): [PWL]   PowerManagerService.Broadcasts: ref count=1
I/PowerManagerService(  824): [PWL]     mWakeLockSummary : 0x1
I/PowerManagerService(  824): [PWL]       PARTIAL_WAKE_LOCK              'show keyguard' (uid=10207, pid=1193, ws=null) (elapsedTime=265)
I/PowerManagerService(  824): [PWL]       PARTIAL_WAKE_LOCK              'ActivityManager-Sleep' (uid=1000, pid=824, ws=null) (elapsedTime=181)
W/ContextImpl(  824): Calling a method in the system process without a qualified user: android.app.ContextImpl.sendBroadcast:1482 com.android.server.am.ActivityStack.startPausingLocked:1006 com.android.server.am.ActivityStack.checkReadyForSleepLocked:851 com.android.server.am.ActivityStackSupervisor.checkReadyForSleepLocked:3481 com.android.server.am.ActivityStackSupervisor.goingToSleepLocked:3398 
V/SmartFaceService - 3rd party pause(  824): onReceive [android.intent.action.ACTIVITY_STATE/com.google.android.gm/pause]
V/AlarmManager(  824): waitForAlarm result :4
D/KeyguardClockWidgetProvider( 1780): onReceive action=android.appwidget.action.APPWIDGET_UPDATE
V/AlarmManager(  824): trigger ELAPSED_REALTIME_WAKEUP or RTC_WAKEUP
D/VibratorService(  824): ImmVibe vibratorOff()
D/STATUSBAR-NotificationService(  824): ACTION_SCREEN_OFF
D/LightsService(  824): [api] [SvcLED] turnOff:: id = 4 (uid: 1000 pid: 824) 
D/LightsService(  824): [SvcLED] setSvcLedStateLocked:: SvcLEDState : 0x0 -> 0x0 | SvcLED(id=4) set Off
D/LightsService(  824): [SvcLED] Lux failed to be updated in 700ms. -> handleForcedSvcLEDTasK
D/LightsService(  824): [SvcLED]  setSvcLedLightLocked :: Current SvcLED(id=3) maintains its priority right
D/KeyguardClockWidgetProvider( 1780): refreshSingleClock :{Home} Hour = 1, Min = 51
D/KeyguardClockWidgetProvider( 1780): desc Message = It is 1:51 PM
D/KeyguardClockWidgetProvider( 1780): desc Message = It is 1:51 PM
D/STATUSBAR-StatusBarManagerService(  824): manageDisableList what=0x1000000 pkg=com.android.keyguard
D/PowerManagerService(  824): [api] [s] userActivity : event: 3 flags: 0 (uid: 10207 pid: 1193)
V/Scroll/Pause Worker(  824): onReceive: android.intent.action.CLOSE_SYSTEM_DIALOGS
V/KeyguardDisplayManager( 1193): show
D/STATUSBAR-StatusBarManagerService(  824): manageDisableList what=0x600000 pkg=WindowManager.LayoutParams
V/WindowManager(  824): rotationForOrientationLw(orient=1, last=0); user=0  sensorRotation=-1 mLidState=-1 mDockMode=0 mHdmiPlugged=false mAccelerometerDefault=false gripRotationLock=false
D/PowerManagerService(  824): [api] setUserActivityTimeoutOverrideFromWindowManagerInternal: timeoutMillis: 10000
D/PowerManagerService(  824): [api] setScreenDimDurationOverrideFromWindowManagerInternal: timeoutMillis: 0
D/STATUSBAR-NetworkController( 1193): onSignalStrengthsChanged signalStrength=SignalStrength: 99 -1 -1 -1 -1 -1 -1 19 -108 -19 -34 -1 2147483647 gsm|lte 0x1 level=1
D/STATUSBAR-NetworkController( 1193): update carrier label
D/STATUSBAR-PhoneStatusBar( 1193): makeExpandedInvisible
D/STATUSBAR-AirplaneModeQuickSettingButton( 1193): onReceive : android.intent.action.CLOSE_SYSTEM_DIALOGS
D/KeyguardClockWidgetService( 1780): onReceive action=com.sec.android.widgetapp.KeyguardClock_Start
D/KeyguardClockWidgetProvider( 1780): refreshSingleClock :{Home} Hour = 1, Min = 51
D/KeyguardClockWidgetProvider( 1780): desc Message = It is 1:51 PM
D/KeyguardClockWidgetProvider( 1780): desc Message = It is 1:51 PM
D/MobileDataStateTracker(  824): default: Broadcast received: android.intent.action.ANY_DATA_STATE apnType=default
D/MobileDataStateTracker(  824): default: Received state=CONNECTED, old=CONNECTED, reason=SCREEN_OFF
D/MobileDataStateTracker(  824): fota: Broadcast received: android.intent.action.ANY_DATA_STATE apnType=fota
D/MobileDataStateTracker(  824): fota: Received state=DISCONNECTED, old=DISCONNECTED, reason=SCREEN_OFF
D/MobileDataStateTracker(  824): dun: Broadcast received: android.intent.action.ANY_DATA_STATE apnType=dun
D/MobileDataStateTracker(  824): dun: Received state=DISCONNECTED, old=DISCONNECTED, reason=SCREEN_OFF
D/MobileDataStateTracker(  824): supl: Broadcast received: android.intent.action.ANY_DATA_STATE apnType=supl
D/MobileDataStateTracker(  824): supl: Received state=DISCONNECTED, old=DISCONNECTED, reason=SCREEN_OFF
D/MobileDataStateTracker(  824): hipri: Broadcast received: android.intent.action.ANY_DATA_STATE apnType=hipri
D/MobileDataStateTracker(  824): hipri: Received state=DISCONNECTED, old=DISCONNECTED, reason=SCREEN_OFF
D/MobileDataStateTracker(  824): ims: Broadcast received: android.intent.action.ANY_DATA_STATE apnType=ims
D/MobileDataStateTracker(  824): ims: Received state=DISCONNECTED, old=DISCONNECTED, reason=SCREEN_OFF
D/MobileDataStateTracker(  824): mms: Broadcast received: android.intent.action.ANY_DATA_STATE apnType=mms
D/MobileDataStateTracker(  824): mms: Received state=DISCONNECTED, old=DISCONNECTED, reason=SCREEN_OFF
D/MobileDataStateTracker(  824): cbs: Broadcast received: android.intent.action.ANY_DATA_STATE apnType=cbs
D/MobileDataStateTracker(  824): cbs: Received state=DISCONNECTED, old=DISCONNECTED, reason=SCREEN_OFF
D/STATUSBAR-IconMerger( 1193): checkOverflow(288), More:false, Req:false Child:0
D/PowerManagerService(  824): [api] isForceUnblankDisplay : false
D/PowerManagerService(  824): [api] isForceUnblankDisplay : false
D/STATUSBAR-NetworkController( 1193): onSignalStrengthsChanged signalStrength=SignalStrength: 99 -1 -1 -1 -1 -1 -1 19 -108 -19 -34 -1 2147483647 gsm|lte 0x1 level=1
D/STATUSBAR-NetworkController( 1193): update carrier label
W/ContextImpl( 1596): Calling a method in the system process without a qualified user: android.app.ContextImpl.sendStickyBroadcast:1626 android.content.ContextWrapper.sendStickyBroadcast:439 com.samsung.android.app.gestureservice.GestureService.updateStatusBar:788 com.samsung.android.app.gestureservice.GestureService.access$1200:40 com.samsung.android.app.gestureservice.GestureService$2.onReceive:223 
D/STATUSBAR-IconMerger( 1193): checkOverflow(288), More:false, Req:false Child:0
D/PowerManagerService(  824): [api] isForceUnblankDisplay : false
D/PowerManagerService(  824): [PWL] sb release: PowerManagerService.Broadcasts
D/KeyguardClockWidgetProvider( 1780): onReceive action=android.appwidget.action.APPWIDGET_UPDATE_OPTIONS
D/KeyguardClockWidgetProvider( 1780): onReceive action=android.appwidget.action.APPWIDGET_UPDATE_OPTIONS
D/SSRMv2:Monitor(  824): SIOP:: AP = 380, Prev AP = 380, Duration = 10027, PST = 354
D/BatteryService(  824): level:77, scale:100, status:3, health:2, present:true, voltage: 4036, temperature: 327, technology: Li-ion, AC powered:false, USB powered:false, Wireless powered:false, icon:17303394, invalid charger:0, online:1, current avg:460, charge type:0
D/BatteryService(  824): Sending ACTION_BATTERY_CHANGED.
D/STATUSBAR-PhoneStatusBar( 1193):  mBrightnessEnablebySettings = true mBrightnessEnablebyBattery = true mBrightnessEnablebyDisableFlag = true mPmsBrightnessEnablebySettings = true
D/BatteryMeterView( 1193): ACTION_BATTERY_CHANGED : level:77 status:3 health:2
D/STATUSBAR-IconMerger( 1193): checkOverflow(288), More:false, Req:false Child:0
D/PowerManagerService(  824): [api] isForceUnblankDisplay : false
D/TimaService(  824): TIMA: TimaService scheduler is intialized. 
D/TimaService(  824): TimaServiceHandler.handleMessage what =1
D/TimaService(  824): TIMA: checkEvent, operation: 50000 subject: 10000
I/PowerManagerService(  824): [PWL] Off : 11s ago
I/PowerManagerService(  824): [PWL]   PowerManagerService.WakeLocks: ref count=1
I/PowerManagerService(  824): [PWL]     mWakeLockSummary : 0x1
I/PowerManagerService(  824): [PWL]       PARTIAL_WAKE_LOCK              'diagnostics.client.Wakelock' (uid=1000, pid=824, ws=null) (elapsedTime=2364)
I/PowerManagerService(  824): [PWL]       PARTIAL_WAKE_LOCK              'TimaService' (uid=1000, pid=824, ws=null) (elapsedTime=664)
D/TimaService(  824): TIMA MEASUREMENT Result: TIMA_STATUS=0;MSG=Kernel Verification Success;
D/TimaService(  824): TIMA MEASUREMENT success status: TIMA_STATUS=0;MSG=Kernel Verification Success;
D/BatteryService(  824): level:77, scale:100, status:3, health:2, present:true, voltage: 3993, temperature: 326, technology: Li-ion, AC powered:false, USB powered:false, Wireless powered:false, icon:17303394, invalid charger:0, online:1, current avg:460, charge type:0
D/BatteryService(  824): Sending ACTION_BATTERY_CHANGED.
D/STATUSBAR-PhoneStatusBar( 1193):  mBrightnessEnablebySettings = true mBrightnessEnablebyBattery = true mBrightnessEnablebyDisableFlag = true mPmsBrightnessEnablebySettings = true
D/BatteryMeterView( 1193): ACTION_BATTERY_CHANGED : level:77 status:3 health:2
D/STATUSBAR-IconMerger( 1193): checkOverflow(288), More:false, Req:false Child:0
D/PowerManagerService(  824): [api] isForceUnblankDisplay : false
V/AlarmManager(  824): waitForAlarm result :4
V/AlarmManager(  824): trigger ELAPSED_REALTIME_WAKEUP or RTC_WAKEUP
D/BatteryService(  824): level:77, scale:100, status:3, health:2, present:true, voltage: 3992, temperature: 325, technology: Li-ion, AC powered:false, USB powered:false, Wireless powered:false, icon:17303394, invalid charger:0, online:1, current avg:460, charge type:0
D/BatteryService(  824): Sending ACTION_BATTERY_CHANGED.
D/STATUSBAR-PhoneStatusBar( 1193):  mBrightnessEnablebySettings = true mBrightnessEnablebyBattery = true mBrightnessEnablebyDisableFlag = true mPmsBrightnessEnablebySettings = true
D/BatteryMeterView( 1193): ACTION_BATTERY_CHANGED : level:77 status:3 health:2
D/STATUSBAR-IconMerger( 1193): checkOverflow(288), More:false, Req:false Child:0
D/PowerManagerService(  824): [api] isForceUnblankDisplay : false
V/AlarmManager(  824): waitForAlarm result :4
V/AlarmManager(  824): trigger ELAPSED_REALTIME_WAKEUP or RTC_WAKEUP
D/SSRMv2:Monitor(  824): SIOP:: AP = 340, Prev AP = 380, Duration = 30497, PST = 352
D/BatteryService(  824): level:76, scale:100, status:3, health:2, present:true, voltage: 4026, temperature: 325, technology: Li-ion, AC powered:false, USB powered:false, Wireless powered:false, icon:17303394, invalid charger:0, online:1, current avg:460, charge type:0
D/BatteryService(  824): Sending ACTION_BATTERY_CHANGED.
D/STATUSBAR-PhoneStatusBar( 1193):  mBrightnessEnablebySettings = true mBrightnessEnablebyBattery = true mBrightnessEnablebyDisableFlag = true mPmsBrightnessEnablebySettings = true
D/BatteryMeterView( 1193): ACTION_BATTERY_CHANGED : level:76 status:3 health:2
D/STATUSBAR-IconMerger( 1193): checkOverflow(288), More:false, Req:false Child:0
D/PowerManagerService(  824): [api] isForceUnblankDisplay : false
D/PowerManagerService(  824): [api] isForceUnblankDisplay : false
V/AlarmManager(  824): waitForAlarm result :4
V/AlarmManager(  824): trigger ELAPSED_REALTIME_WAKEUP or RTC_WAKEUP
V/AlarmManager(  824): waitForAlarm result :8
D/KeyguardClockWidgetService( 1780): onReceive action=android.intent.action.TIME_TICK
V/AlarmManager(  824): ClockReceiver onReceive() ACTION_TIME_TICK
D/STATUSBAR-IconMerger( 1193): checkOverflow(288), More:false, Req:false Child:0
D/PowerManagerService(  824): [api] isForceUnblankDisplay : false
I/PowerManagerService(  824): [PWL] Off : 53s ago
I/PowerManagerService(  824): [PWL]   PowerManagerService.WakeLocks: ref count=1
I/PowerManagerService(  824): [PWL]     mWakeLockSummary : 0x1
I/PowerManagerService(  824): [PWL]       PARTIAL_WAKE_LOCK              '*sync*/gmail-ls/com.google/eM_ADDR' (uid=1000, pid=824, ws=WorkSource{10062}) (elapsedTime=632)
E/Watchdog(  824): !@Sync 20
W/ContextImpl(  824): Calling a method in the system process without a qualified user: android.app.ContextImpl.sendBroadcast:1468 com.absolute.android.persistservice.a.run:1059 java.lang.Thread.run:841 <bottom of call stack> <bottom of call stack> 
D/SSRMv2:Monitor(  824): SIOP:: AP = 360, Prev AP = 340, Duration = 27137, PST = 352
I/PowerManagerService(  824): [PWL] Off : 68s ago
I/PowerManagerService(  824): [PWL]   PowerManagerService.WakeLocks: ref count=1
I/PowerManagerService(  824): [PWL]     mWakeLockSummary : 0x1
I/PowerManagerService(  824): [PWL]       PARTIAL_WAKE_LOCK              '*sync*/gmail-ls/com.google/eM_ADDR' (uid=1000, pid=824, ws=WorkSource{10062}) (elapsedTime=15650)
D/SSRMv2:Monitor(  824): SIOP:: AP = 340, Prev AP = 360, Duration = 10066, PST = 350
W/ContextImpl(  824): Calling a method in the system process without a qualified user: android.app.ContextImpl.sendBroadcast:1468 com.absolute.android.persistservice.a.run:1059 java.lang.Thread.run:841 <bottom of call stack> <bottom of call stack> 
D/SSRMv2:Monitor(  824): SIOP:: AP = 340, Prev AP = 340, Duration = 10068, PST = 350
V/AlarmManager(  824): waitForAlarm result :4
V/AlarmManager(  824): trigger ELAPSED_REALTIME_WAKEUP or RTC_WAKEUP
D/BatteryService(  824): level:76, scale:100, status:3, health:2, present:true, voltage: 4017, temperature: 324, technology: Li-ion, AC powered:false, USB powered:false, Wireless powered:false, icon:17303394, invalid charger:0, online:1, current avg:460, charge type:0
D/BatteryService(  824): Sending ACTION_BATTERY_CHANGED.
D/STATUSBAR-PhoneStatusBar( 1193):  mBrightnessEnablebySettings = true mBrightnessEnablebyBattery = true mBrightnessEnablebyDisableFlag = true mPmsBrightnessEnablebySettings = true
D/STATUSBAR-IconMerger( 1193): checkOverflow(288), More:false, Req:false Child:0
D/PowerManagerService(  824): [api] isForceUnblankDisplay : false
D/BatteryMeterView( 1193): ACTION_BATTERY_CHANGED : level:76 status:3 health:2
E/Watchdog(  824): !@Sync 21
W/AppOps  (  824): Bad call: specified package LocationManagerService under uid 1000 but it is really -1
I/PowerManagerService(  824): [PWL] Off : 88s ago
I/PowerManagerService(  824): [PWL]   PowerManagerService.WakeLocks: ref count=1
I/PowerManagerService(  824): [PWL]     mWakeLockSummary : 0x1
I/PowerManagerService(  824): [PWL]       PARTIAL_WAKE_LOCK              '*sync*/gmail-ls/com.google/eM_ADDR' (uid=1000, pid=824, ws=WorkSource{10062}) (elapsedTime=35656)
I/PowerManagerService(  824): [PWL]       PARTIAL_WAKE_LOCK              'diagnostics.client.Wakelock' (uid=1000, pid=824, ws=null) (elapsedTime=1759)
D/STATUSBAR-NetworkController( 1193): onServiceStateChanged voiceState=0 dataState=0
D/STATUSBAR-NetworkController( 1193): Nothing, mRoamingIconId = 0
D/STATUSBAR-NetworkController( 1193): update carrier label
D/STATUSBAR-AirplaneModeQuickSettingButton( 1193): mPhoneStateListener - inAirplaneMode: false
D/STATUSBAR-IconMerger( 1193): checkOverflow(288), More:false, Req:false Child:0
D/PowerManagerService(  824): [api] isForceUnblankDisplay : false
D/WifiService(  824): onDataConnectionStateChanged: state -2, networkType - GPRS
D/STATUSBAR-NetworkController( 1193): onDataConnectionStateChanged: state=2 type=1
D/STATUSBAR-NetworkController( 1193): Nothing, mRoamingIconId = 0
D/STATUSBAR-NetworkController( 1193): refreshSignalCluster: data=2 bt=false
D/MobileDataStateTracker(  824): default: Broadcast received: android.intent.action.ANY_DATA_STATE apnType=default
D/STATUSBAR-NetworkController( 1193): update carrier label
D/MobileDataStateTracker(  824): default: Received state=CONNECTED, old=CONNECTED, reason=(unspecified)
D/STATUSBAR-IconMerger( 1193): checkOverflow(288), More:false, Req:false Child:0
D/PowerManagerService(  824): [api] isForceUnblankDisplay : false
D/SSRMv2:Monitor(  824): SIOP:: AP = 340, Prev AP = 340, Duration = 10044, PST = 350
W/ContextImpl( 2897): Calling a method in the system process without a qualified user: android.app.ContextImpl.sendStickyBroadcast:1626 android.content.ContextWrapper.sendStickyBroadcast:439 android.content.ContextWrapper.sendStickyBroadcast:439 com.sec.android.app.popupuireceiver.PopupuiReceiver.onReceive:173 android.app.ActivityThread.handleReceiver:2552 
W/ContextImpl( 2897): Calling a method in the system process without a qualified user: android.app.ContextImpl.sendStickyBroadcast:1626 android.content.ContextWrapper.sendStickyBroadcast:439 android.content.ContextWrapper.sendStickyBroadcast:439 com.sec.android.app.popupuireceiver.PopupuiReceiver.onReceive:173 android.app.ActivityThread.handleReceiver:2552 
D/STATUSBAR-NetworkController( 1193): onServiceStateChanged voiceState=0 dataState=0
D/STATUSBAR-NetworkController( 1193): Nothing, mRoamingIconId = 0
D/STATUSBAR-NetworkController( 1193): update carrier label
D/STATUSBAR-AirplaneModeQuickSettingButton( 1193): mPhoneStateListener - inAirplaneMode: false
D/STATUSBAR-IconMerger( 1193): checkOverflow(288), More:false, Req:false Child:0
D/PowerManagerService(  824): [api] isForceUnblankDisplay : false
D/WifiService(  824): onDataConnectionStateChanged: state -2, networkType - EDGE
D/STATUSBAR-NetworkController( 1193): onDataConnectionStateChanged: state=2 type=2
D/STATUSBAR-NetworkController( 1193): Nothing, mRoamingIconId = 0
D/STATUSBAR-NetworkController( 1193): refreshSignalCluster: data=2 bt=false
D/STATUSBAR-NetworkController( 1193): update carrier label
D/MobileDataStateTracker(  824): default: Broadcast received: android.intent.action.ANY_DATA_STATE apnType=default
D/MobileDataStateTracker(  824): default: Received state=CONNECTED, old=CONNECTED, reason=(unspecified)
D/STATUSBAR-IconMerger( 1193): checkOverflow(288), More:false, Req:false Child:0
D/PowerManagerService(  824): [api] isForceUnblankDisplay : false
W/NetworkStats(  824): getDevSummary: NetworkStats: elapsedRealtime=0
W/NetworkStats(  824): getXtSummary: NetworkStats: elapsedRealtime=741172386
W/NetworkStats(  824):   [0] iface=null uid=-1 set=ALL tag=0x0 rxBytes=1465175125 rxPackets=1364937 txBytes=122908638 txPackets=981614 operations=0
D/MobileDataStateTracker(  824): default: setPolicyDataEnable(enabled=true)
W/NetworkStats(  824): getDevSummary: NetworkStats: elapsedRealtime=0
W/NetworkStats(  824): getXtSummary: NetworkStats: elapsedRealtime=741172409
W/NetworkStats(  824):   [0] iface=null uid=-1 set=ALL tag=0x0 rxBytes=1465175125 rxPackets=1364937 txBytes=122908638 txPackets=981614 operations=0
D/SSRMv2:Monitor(  824): SIOP:: AP = 360, Prev AP = 340, Duration = 10075, PST = 352
V/AlarmManager(  824): waitForAlarm result :4
W/AppOps  (  824): Bad call: specified package LocationManagerService under uid 1000 but it is really -1
V/AlarmManager(  824): trigger ELAPSED_REALTIME_WAKEUP or RTC_WAKEUP
D/PowerManagerService(  824): [api] [s] wakeUpFromNative:  (uid: 1000 pid: 824)
I/PowerManagerService(  824): !@[ps] Screen__On :  wakeUpFromNative:  (uid: 1000 pid: 824)
I/PowerManagerService(  824): Waking up from sleep...
D/PowerManagerService(  824): Screen Readiness Inspection requested: mNestCount=1
D/PowerManagerService(  824): [PWL] sb acquire: PowerManagerService.Broadcasts
D/PowerManagerService(  824): [s] WAKEFULNESS_AWAKE
D/PowerManagerService(  824): [s] getScreenOffTimeoutLocked: 30000 -> 10000
D/PowerManagerService(  824): [s] UserActivityState : 0 -> 1
D/DisplayPowerController(  824): animation target = 161 (PSM:true, AB limit:(-1 ~ -1) MB Limit:(-1 ~ -1) MAdj:(0, (0, 255)))
D/KeyguardClockWidgetService( 1780): onReceive action=android.intent.action.SCREEN_ON
D/PowerManagerService(  824): [api] [s] userActivity : event: 3 flags: 0 (uid: 10207 pid: 1193)
D/KeyguardClockWidgetProvider( 1780): refreshSingleClock :{Home} Hour = 1, Min = 52
D/KeyguardClockWidgetProvider( 1780): desc Message = It is 1:52 PM
D/KeyguardClockWidgetProvider( 1780): desc Message = It is 1:52 PM
D/BatteryMeterView( 1193): onDraw batteryColor : -1
D/PowerManagerService(  824): Excessive delay in nativeSetAutoSuspend(false): 391ms
D/PowerManagerService(  824): !@[s] unblankAllDisplays() : unblankAllDisplaysFromPowerManager
I/WindowManager(  824): Lock screen displayed!
D/PowerManagerNotifier(  824): [api] WindowManagerPolicy.ScreenOnListener : Received onScreenOn().
D/PowerManagerService(  824): Screen Readiness Inspection completed: mNestCount=0
D/DisplayPowerController(  824): animation target = 161 (PSM:true, AB limit:(-1 ~ -1) MB Limit:(-1 ~ -1) MAdj:(0, (0, 255)))
D/DisplayPowerController(  824): !@ElectronBeam exit
D/PowerManagerService(  824): SecHardwareInterface.setBatteryADC : true
D/PowerManagerService(  824): Excessive delay in ElectronBeam exit: 14ms
D/DisplayPowerController(  824): animation target = 161 (PSM:true, AB limit:(-1 ~ -1) MB Limit:(-1 ~ -1) MAdj:(0, (0, 255)))
D/PowerManagerService(  824): [s] mDisplayPowerControllerCallbacks : onStateChanged()
W/ContextImpl( 2897): Calling a method in the system process without a qualified user: android.app.ContextImpl.sendStickyBroadcast:1626 android.content.ContextWrapper.sendStickyBroadcast:439 android.content.ContextWrapper.sendStickyBroadcast:439 com.sec.android.app.popupuireceiver.PopupuiReceiver.onReceive:173 android.app.ActivityThread.handleReceiver:2552 
D/STATUSBAR-NotificationService(  824): ACTION_SCREEN_ON
D/LightsService(  824): [api] [SvcLED] turnOff:: id = 4 (uid: 1000 pid: 824) 
D/LightsService(  824): [SvcLED] setSvcLedStateLocked:: SvcLEDState : 0x0 -> 0x0 | SvcLED(id=4) set Off
D/LightsService(  824): [SvcLED] Lux failed to be updated in 700ms. -> handleForcedSvcLEDTasK
D/LightsService(  824): [SvcLED]  setSvcLedLightLocked :: Current SvcLED(id=3) maintains its priority right
D/STATUSBAR-NetworkController( 1193): onServiceStateChanged voiceState=0 dataState=0
D/STATUSBAR-NetworkController( 1193): Nothing, mRoamingIconId = 0
D/STATUSBAR-NetworkController( 1193): update carrier label
D/STATUSBAR-AirplaneModeQuickSettingButton( 1193): mPhoneStateListener - inAirplaneMode: false
D/STATUSBAR-IconMerger( 1193): checkOverflow(288), More:false, Req:false Child:0
D/STATUSBAR-NetworkController( 1193): onDataConnectionStateChanged: state=2 type=10
D/STATUSBAR-NetworkController( 1193): Nothing, mRoamingIconId = 0
D/STATUSBAR-NetworkController( 1193): refreshSignalCluster: data=2 bt=false
D/WifiService(  824): onDataConnectionStateChanged: state -2, networkType - HSPA
D/MobileDataStateTracker(  824): default: Broadcast received: android.intent.action.ANY_DATA_STATE apnType=default
D/STATUSBAR-NetworkController( 1193): update carrier label
D/MobileDataStateTracker(  824): default: Received state=CONNECTED, old=CONNECTED, reason=(unspecified)
D/STATUSBAR-IconMerger( 1193): checkOverflow(288), More:false, Req:false Child:0
D/STATUSBAR-PhoneStatusBar( 1193): showPlmnString
D/STATUSBAR-IconMerger( 1193): checkOverflow(288), More:false, Req:false Child:0
D/MobileDataStateTracker(  824): default: Broadcast received: android.intent.action.ANY_DATA_STATE apnType=default
D/MobileDataStateTracker(  824): default: Received state=CONNECTED, old=CONNECTED, reason=SCREEN_ON
D/MobileDataStateTracker(  824): fota: Broadcast received: android.intent.action.ANY_DATA_STATE apnType=fota
D/MobileDataStateTracker(  824): fota: Received state=DISCONNECTED, old=DISCONNECTED, reason=SCREEN_ON
D/MobileDataStateTracker(  824): dun: Broadcast received: android.intent.action.ANY_DATA_STATE apnType=dun
D/MobileDataStateTracker(  824): dun: Received state=DISCONNECTED, old=DISCONNECTED, reason=SCREEN_ON
D/MobileDataStateTracker(  824): supl: Broadcast received: android.intent.action.ANY_DATA_STATE apnType=supl
D/MobileDataStateTracker(  824): supl: Received state=DISCONNECTED, old=DISCONNECTED, reason=SCREEN_ON
D/MobileDataStateTracker(  824): hipri: Broadcast received: android.intent.action.ANY_DATA_STATE apnType=hipri
D/MobileDataStateTracker(  824): hipri: Received state=DISCONNECTED, old=DISCONNECTED, reason=SCREEN_ON
D/MobileDataStateTracker(  824): ims: Broadcast received: android.intent.action.ANY_DATA_STATE apnType=ims
D/MobileDataStateTracker(  824): ims: Received state=DISCONNECTED, old=DISCONNECTED, reason=SCREEN_ON
D/MobileDataStateTracker(  824): mms: Broadcast received: android.intent.action.ANY_DATA_STATE apnType=mms
D/MobileDataStateTracker(  824): mms: Received state=DISCONNECTED, old=DISCONNECTED, reason=SCREEN_ON
D/MobileDataStateTracker(  824): cbs: Broadcast received: android.intent.action.ANY_DATA_STATE apnType=cbs
D/MobileDataStateTracker(  824): cbs: Received state=DISCONNECTED, old=DISCONNECTED, reason=SCREEN_ON
W/ContextImpl( 1596): Calling a method in the system process without a qualified user: android.app.ContextImpl.sendStickyBroadcast:1626 android.content.ContextWrapper.sendStickyBroadcast:439 com.samsung.android.app.gestureservice.GestureService.updateStatusBar:788 com.samsung.android.app.gestureservice.GestureService.enableService:929 com.samsung.android.app.gestureservice.GestureService.access$1700:40 
W/ContextImpl( 1596): Calling a method in the system process without a qualified user: android.app.ContextImpl.sendStickyBroadcast:1626 android.content.ContextWrapper.sendStickyBroadcast:439 com.samsung.android.app.gestureservice.GestureService.updateStatusBar:788 com.samsung.android.app.gestureservice.GestureService.access$1200:40 com.samsung.android.app.gestureservice.GestureService$2.onReceive:223 
D/MobileDataStateTracker(  824): default: Broadcast received: android.intent.action.ANY_DATA_STATE apnType=default
D/MobileDataStateTracker(  824): default: Received state=CONNECTED, old=CONNECTED, reason=StrongSignal
D/MobileDataStateTracker(  824): fota: Broadcast received: android.intent.action.ANY_DATA_STATE apnType=fota
D/MobileDataStateTracker(  824): fota: Received state=DISCONNECTED, old=DISCONNECTED, reason=StrongSignal
D/MobileDataStateTracker(  824): dun: Broadcast received: android.intent.action.ANY_DATA_STATE apnType=dun
D/MobileDataStateTracker(  824): dun: Received state=DISCONNECTED, old=DISCONNECTED, reason=StrongSignal
D/MobileDataStateTracker(  824): supl: Broadcast received: android.intent.action.ANY_DATA_STATE apnType=supl
D/SSRMv2:AirViewOnOff(  824): DeviceInfo:: 00010000000
D/SSRMv2:AirViewOnOff(  824): SettingsAirViewInfo:: 000100000
D/MobileDataStateTracker(  824): supl: Received state=DISCONNECTED, old=DISCONNECTED, reason=StrongSignal
D/MobileDataStateTracker(  824): hipri: Broadcast received: android.intent.action.ANY_DATA_STATE apnType=hipri
D/MobileDataStateTracker(  824): hipri: Received state=DISCONNECTED, old=DISCONNECTED, reason=StrongSignal
D/MobileDataStateTracker(  824): ims: Broadcast received: android.intent.action.ANY_DATA_STATE apnType=ims
D/MobileDataStateTracker(  824): ims: Received state=DISCONNECTED, old=DISCONNECTED, reason=StrongSignal
D/MobileDataStateTracker(  824): mms: Broadcast received: android.intent.action.ANY_DATA_STATE apnType=mms
D/STATUSBAR-NetworkController( 1193): onSignalStrengthsChanged signalStrength=SignalStrength: 9 -1 -1 -1 -1 -1 -1 99 2147483647 2147483647 2147483647 -1 2147483647 gsm|lte 0x3 level=3
D/STATUSBAR-NetworkController( 1193): refreshSignalCluster: data=2 bt=false
D/STATUSBAR-NetworkController( 1193): update carrier label
D/MobileDataStateTracker(  824): mms: Received state=DISCONNECTED, old=DISCONNECTED, reason=StrongSignal
D/MobileDataStateTracker(  824): cbs: Broadcast received: android.intent.action.ANY_DATA_STATE apnType=cbs
D/MobileDataStateTracker(  824): cbs: Received state=DISCONNECTED, old=DISCONNECTED, reason=StrongSignal
D/STATUSBAR-IconMerger( 1193): checkOverflow(288), More:false, Req:false Child:0
D/STATUSBAR-NetworkController( 1193): onSignalStrengthsChanged signalStrength=SignalStrength: 9 -1 -1 -1 -1 -1 -1 99 2147483647 2147483647 2147483647 -1 2147483647 gsm|lte 0x3 level=3
D/STATUSBAR-NetworkController( 1193): update carrier label
D/STATUSBAR-IconMerger( 1193): checkOverflow(288), More:false, Req:false Child:0
D/PowerManagerService(  824): [PWL] sb release: PowerManagerService.Broadcasts
D/MotionRecognitionService(  824): [ FLIP_COVER_ACTION_OPEN ]
D/MotionRecognitionService(  824): setFlipCoverTouchEnabled to true
D/STATUSBAR-NetworkController( 1193): onSignalStrengthsChanged signalStrength=SignalStrength: 9 -1 -1 -1 -1 -1 -1 99 2147483647 2147483647 2147483647 -1 2147483647 gsm|lte 0x3 level=3
D/STATUSBAR-NetworkController( 1193): update carrier label
D/STATUSBAR-IconMerger( 1193): checkOverflow(288), More:false, Req:false Child:0
D/STATUSBAR-NetworkController( 1193): onDataActivity: direction=2
D/STATUSBAR-NetworkController( 1193): refreshSignalCluster: data=2 bt=false
D/STATUSBAR-NetworkController( 1193): update carrier label
D/STATUSBAR-IconMerger( 1193): checkOverflow(288), More:false, Req:false Child:0
D/STATUSBAR-NetworkController( 1193): onSignalStrengthsChanged signalStrength=SignalStrength: 9 -1 -1 -1 -1 -1 -1 99 2147483647 2147483647 2147483647 -1 2147483647 gsm|lte 0x3 level=3
D/STATUSBAR-NetworkController( 1193): update carrier label
D/STATUSBAR-IconMerger( 1193): checkOverflow(288), More:false, Req:false Child:0
D/PowerManagerService(  824): [api] [s] goToSleepFromNative: 0 (uid: 1000 pid: 824)
I/PowerManagerService(  824): !@[ps] Screen__Off(0) :  goToSleepFromNative:  (uid: 1000 pid: 824)
I/PowerManagerService(  824): Going to sleep by user request...
D/PowerManagerService(  824): [s] WAKEFULNESS_ASLEEP
D/PowerManagerService(  824): [s] UserActivityState : 1 -> 0
D/DisplayPowerController(  824): !@ElectronBeam entry
D/STATUSBAR-NetworkController( 1193): onSignalStrengthsChanged signalStrength=SignalStrength: 9 -1 -1 -1 -1 -1 -1 99 2147483647 2147483647 2147483647 -1 2147483647 gsm|lte 0x3 level=3
D/STATUSBAR-NetworkController( 1193): update carrier label
D/STATUSBAR-IconMerger( 1193): checkOverflow(288), More:false, Req:false Child:0
D/STATUSBAR-NetworkController( 1193): onServiceStateChanged voiceState=0 dataState=0
D/STATUSBAR-NetworkController( 1193): Nothing, mRoamingIconId = 0
D/STATUSBAR-NetworkController( 1193): update carrier label
D/STATUSBAR-AirplaneModeQuickSettingButton( 1193): mPhoneStateListener - inAirplaneMode: false
D/STATUSBAR-IconMerger( 1193): checkOverflow(288), More:false, Req:false Child:0
D/STATUSBAR-NetworkController( 1193): onDataConnectionStateChanged: state=2 type=15
D/WifiService(  824): onDataConnectionStateChanged: state -2, networkType - HSPA+
D/STATUSBAR-NetworkController( 1193): Nothing, mRoamingIconId = 0
D/STATUSBAR-NetworkController( 1193): update carrier label
D/STATUSBAR-IconMerger( 1193): checkOverflow(288), More:false, Req:false Child:0
D/MobileDataStateTracker(  824): default: Broadcast received: android.intent.action.ANY_DATA_STATE apnType=default
D/MobileDataStateTracker(  824): default: Received state=CONNECTED, old=CONNECTED, reason=(unspecified)
D/PowerManagerService(  824): [s] mDisplayPowerControllerCallbacks : onStateChanged()
D/PowerManagerService(  824): [PWL] sb acquire: PowerManagerService.Broadcasts
D/PowerManagerService(  824): !@[s] blankAllDisplays() : blankAllDisplaysFromPowerManage
D/VibratorService(  824): ImmVibe vibratorOff()
D/STATUSBAR-NotificationService(  824): ACTION_SCREEN_OFF
D/LightsService(  824): [api] [SvcLED] turnOff:: id = 4 (uid: 1000 pid: 824) 
D/LightsService(  824): [SvcLED] setSvcLedStateLocked:: SvcLEDState : 0x0 -> 0x0 | SvcLED(id=4) set Off
D/LightsService(  824): [SvcLED] Lux failed to be updated in 700ms. -> handleForcedSvcLEDTasK
D/LightsService(  824): [SvcLED]  setSvcLedLightLocked :: Current SvcLED(id=3) maintains its priority right
D/KeyguardClockWidgetProvider( 1780): onReceive action=android.appwidget.action.APPWIDGET_DELETED
D/PowerManagerService(  824): Excessive delay in mDisplayManagerService.blankAllDisplaysFromPowerManager(): 304ms
D/PowerManagerService(  824): SecHardwareInterface.setBatteryADC : false
I/PowerManagerService(  824): [PWL] Off : 0s ago
I/PowerManagerService(  824): [PWL]   PowerManagerService.WakeLocks: ref count=1
I/PowerManagerService(  824): [PWL]   PowerManagerService.Broadcasts: ref count=1
I/PowerManagerService(  824): [PWL]     mWakeLockSummary : 0x1
I/PowerManagerService(  824): [PWL]       PARTIAL_WAKE_LOCK              'NlpWakeLock' (uid=10063, pid=1332, ws=WorkSource{1000}) (elapsedTime=5953)
I/PowerManagerService(  824): [PWL]       PARTIAL_WAKE_LOCK              'diagnostics.client.Wakelock' (uid=1000, pid=824, ws=null) (elapsedTime=1595)
D/STATUSBAR-PhoneStatusBar( 1193): makeExpandedInvisible
D/STATUSBAR-NetworkController( 1193): onDataActivity: direction=3
D/STATUSBAR-NetworkController( 1193): refreshSignalCluster: data=2 bt=false
D/STATUSBAR-NetworkController( 1193): update carrier label
D/STATUSBAR-IconMerger( 1193): checkOverflow(288), More:false, Req:false Child:0
D/PowerManagerService(  824): [api] isForceUnblankDisplay : false
D/MobileDataStateTracker(  824): default: Broadcast received: android.intent.action.ANY_DATA_STATE apnType=default
D/PowerManagerService(  824): [api] isForceUnblankDisplay : false
D/MobileDataStateTracker(  824): default: Received state=CONNECTED, old=CONNECTED, reason=SCREEN_OFF
D/MobileDataStateTracker(  824): fota: Broadcast received: android.intent.action.ANY_DATA_STATE apnType=fota
D/MobileDataStateTracker(  824): fota: Received state=DISCONNECTED, old=DISCONNECTED, reason=SCREEN_OFF
D/MobileDataStateTracker(  824): dun: Broadcast received: android.intent.action.ANY_DATA_STATE apnType=dun
D/MobileDataStateTracker(  824): dun: Received state=DISCONNECTED, old=DISCONNECTED, reason=SCREEN_OFF
D/MobileDataStateTracker(  824): supl: Broadcast received: android.intent.action.ANY_DATA_STATE apnType=supl
D/MobileDataStateTracker(  824): supl: Received state=DISCONNECTED, old=DISCONNECTED, reason=SCREEN_OFF
D/MobileDataStateTracker(  824): hipri: Broadcast received: android.intent.action.ANY_DATA_STATE apnType=hipri
D/MobileDataStateTracker(  824): hipri: Received state=DISCONNECTED, old=DISCONNECTED, reason=SCREEN_OFF
D/MobileDataStateTracker(  824): ims: Broadcast received: android.intent.action.ANY_DATA_STATE apnType=ims
D/MobileDataStateTracker(  824): ims: Received state=DISCONNECTED, old=DISCONNECTED, reason=SCREEN_OFF
D/MobileDataStateTracker(  824): mms: Broadcast received: android.intent.action.ANY_DATA_STATE apnType=mms
D/MobileDataStateTracker(  824): mms: Received state=DISCONNECTED, old=DISCONNECTED, reason=SCREEN_OFF
D/MobileDataStateTracker(  824): cbs: Broadcast received: android.intent.action.ANY_DATA_STATE apnType=cbs
D/MobileDataStateTracker(  824): cbs: Received state=DISCONNECTED, old=DISCONNECTED, reason=SCREEN_OFF
D/STATUSBAR-NetworkController( 1193): onSignalStrengthsChanged signalStrength=SignalStrength: 9 -1 -1 -1 -1 -1 -1 99 2147483647 2147483647 2147483647 -1 2147483647 gsm|lte 0x3 level=3
D/STATUSBAR-NetworkController( 1193): update carrier label
D/STATUSBAR-IconMerger( 1193): checkOverflow(288), More:false, Req:false Child:0
D/PowerManagerService(  824): [api] isForceUnblankDisplay : false
W/ContextImpl( 1596): Calling a method in the system process without a qualified user: android.app.ContextImpl.sendStickyBroadcast:1626 android.content.ContextWrapper.sendStickyBroadcast:439 com.samsung.android.app.gestureservice.GestureService.updateStatusBar:788 com.samsung.android.app.gestureservice.GestureService.access$1200:40 com.samsung.android.app.gestureservice.GestureService$2.onReceive:223 
D/PowerManagerService(  824): [PWL] sb release: PowerManagerService.Broadcasts
D/KeyguardClockWidgetProvider( 1780): onReceive action=android.appwidget.action.APPWIDGET_UPDATE
D/KeyguardClockWidgetProvider( 1780): refreshSingleClock :{Home} Hour = 1, Min = 52
W/AppOps  (  824): Bad call: specified package LocationManagerService under uid 1000 but it is really -1
D/KeyguardClockWidgetProvider( 1780): desc Message = It is 1:52 PM
D/KeyguardClockWidgetProvider( 1780): desc Message = It is 1:52 PM
W/AppOps  (  824): Bad call: specified package LocationManagerService under uid 1000 but it is really -1
D/KeyguardClockWidgetProvider( 1780): onReceive action=android.appwidget.action.APPWIDGET_UPDATE_OPTIONS
D/PowerManagerService(  824): [api] isForceUnblankDisplay : false
D/SSRMv2:Monitor(  824): SIOP:: AP = 380, Prev AP = 360, Duration = 10031, PST = 356
V/AlarmManager(  824): waitForAlarm result :8
D/KeyguardClockWidgetService( 1780): onReceive action=android.intent.action.TIME_TICK
V/AlarmManager(  824): ClockReceiver onReceive() ACTION_TIME_TICK
V/AlarmManager(  824): ___SyncScheduler (v3) ACTIVATED___
V/AlarmManager(  824): <AppSync3 Whitelist>
V/AlarmManager(  824): (AppSync) ### 0 added ###
D/STATUSBAR-IconMerger( 1193): checkOverflow(288), More:false, Req:false Child:0
D/PowerManagerService(  824): [api] isForceUnblankDisplay : false
D/STATUSBAR-NetworkController( 1193): onServiceStateChanged voiceState=0 dataState=0
D/STATUSBAR-NetworkController( 1193): Nothing, mRoamingIconId = 0
D/STATUSBAR-NetworkController( 1193): update carrier label
D/STATUSBAR-AirplaneModeQuickSettingButton( 1193): mPhoneStateListener - inAirplaneMode: false
D/STATUSBAR-IconMerger( 1193): checkOverflow(288), More:false, Req:false Child:0
D/PowerManagerService(  824): [api] isForceUnblankDisplay : false
D/WifiService(  824): onDataConnectionStateChanged: state -2, networkType - HSPA
D/STATUSBAR-NetworkController( 1193): onDataConnectionStateChanged: state=2 type=10
D/STATUSBAR-NetworkController( 1193): Nothing, mRoamingIconId = 0
D/STATUSBAR-NetworkController( 1193): update carrier label
D/MobileDataStateTracker(  824): default: Broadcast received: android.intent.action.ANY_DATA_STATE apnType=default
D/MobileDataStateTracker(  824): default: Received state=CONNECTED, old=CONNECTED, reason=(unspecified)
D/STATUSBAR-IconMerger( 1193): checkOverflow(288), More:false, Req:false Child:0
D/PowerManagerService(  824): [api] isForceUnblankDisplay : false
I/PowerManagerService(  824): [PWL] Off : 5s ago
E/Watchdog(  824): !@Sync 22
V/AlarmManager(  824): waitForAlarm result :4
V/AlarmManager(  824): trigger ELAPSED_REALTIME_WAKEUP or RTC_WAKEUP
D/BatteryService(  824): level:76, scale:100, status:3, health:2, present:true, voltage: 4006, temperature: 324, technology: Li-ion, AC powered:false, USB powered:false, Wireless powered:false, icon:17303394, invalid charger:0, online:1, current avg:460, charge type:0
D/BatteryService(  824): Sending ACTION_BATTERY_CHANGED.
D/STATUSBAR-PhoneStatusBar( 1193):  mBrightnessEnablebySettings = true mBrightnessEnablebyBattery = true mBrightnessEnablebyDisableFlag = true mPmsBrightnessEnablebySettings = true
D/BatteryMeterView( 1193): ACTION_BATTERY_CHANGED : level:76 status:3 health:2
D/STATUSBAR-IconMerger( 1193): checkOverflow(288), More:false, Req:false Child:0
D/PowerManagerService(  824): [api] isForceUnblankDisplay : false
D/SSRMv2:Monitor(  824): SIOP:: AP = 360, Prev AP = 380, Duration = 10031, PST = 358
D/STATUSBAR-NetworkController( 1193): onServiceStateChanged voiceState=0 dataState=0
D/STATUSBAR-NetworkController( 1193): Nothing, mRoamingIconId = 0
D/STATUSBAR-NetworkController( 1193): update carrier label
D/STATUSBAR-AirplaneModeQuickSettingButton( 1193): mPhoneStateListener - inAirplaneMode: false
D/STATUSBAR-IconMerger( 1193): checkOverflow(288), More:false, Req:false Child:0
D/PowerManagerService(  824): [api] isForceUnblankDisplay : false
D/WifiService(  824): onDataConnectionStateChanged: state -2, networkType - HSPA+
D/STATUSBAR-NetworkController( 1193): onDataConnectionStateChanged: state=2 type=15
D/STATUSBAR-NetworkController( 1193): Nothing, mRoamingIconId = 0
D/STATUSBAR-NetworkController( 1193): update carrier label
D/MobileDataStateTracker(  824): default: Broadcast received: android.intent.action.ANY_DATA_STATE apnType=default
D/MobileDataStateTracker(  824): default: Received state=CONNECTED, old=CONNECTED, reason=(unspecified)
D/STATUSBAR-IconMerger( 1193): checkOverflow(288), More:false, Req:false Child:0
D/PowerManagerService(  824): [api] isForceUnblankDisplay : false
I/PowerManagerService(  824): [PWL] Off : 15s ago
D/STATUSBAR-NetworkController( 1193): onServiceStateChanged voiceState=0 dataState=0
D/STATUSBAR-NetworkController( 1193): Nothing, mRoamingIconId = 0
D/STATUSBAR-NetworkController( 1193): update carrier label
D/STATUSBAR-AirplaneModeQuickSettingButton( 1193): mPhoneStateListener - inAirplaneMode: false
D/STATUSBAR-IconMerger( 1193): checkOverflow(288), More:false, Req:false Child:0
D/PowerManagerService(  824): [api] isForceUnblankDisplay : false
D/WifiService(  824): onDataConnectionStateChanged: state -2, networkType - HSPA
D/STATUSBAR-NetworkController( 1193): onDataConnectionStateChanged: state=2 type=10
D/STATUSBAR-NetworkController( 1193): Nothing, mRoamingIconId = 0
D/STATUSBAR-NetworkController( 1193): update carrier label
D/MobileDataStateTracker(  824): default: Broadcast received: android.intent.action.ANY_DATA_STATE apnType=default
D/STATUSBAR-IconMerger( 1193): checkOverflow(288), More:false, Req:false Child:0
D/PowerManagerService(  824): [api] isForceUnblankDisplay : false
D/MobileDataStateTracker(  824): default: Received state=CONNECTED, old=CONNECTED, reason=(unspecified)
D/SSRMv2:Monitor(  824): SIOP:: AP = 360, Prev AP = 360, Duration = 10075, PST = 356
W/AppOps  (  824): Bad call: specified package LocationManagerService under uid 1000 but it is really -1
D/STATUSBAR-NetworkController( 1193): onSignalStrengthsChanged signalStrength=SignalStrength: 99 -1 -1 -1 -1 -1 -1 31 -140 -3 -200 -1 2147483647 gsm|lte 0x3 level=3
D/STATUSBAR-NetworkController( 1193): update carrier label
D/STATUSBAR-IconMerger( 1193): checkOverflow(288), More:false, Req:false Child:0
D/PowerManagerService(  824): [api] isForceUnblankDisplay : false
D/STATUSBAR-AirplaneModeQuickSettingButton( 1193): mPhoneStateListener - inAirplaneMode: false
D/STATUSBAR-NetworkController( 1193): onServiceStateChanged voiceState=0 dataState=0
D/STATUSBAR-NetworkController( 1193): Nothing, mRoamingIconId = 0
D/STATUSBAR-NetworkController( 1193): update carrier label
D/STATUSBAR-IconMerger( 1193): checkOverflow(288), More:false, Req:false Child:0
D/PowerManagerService(  824): [api] isForceUnblankDisplay : false
D/WifiService(  824): onDataConnectionStateChanged: state -2, networkType - LTE
D/STATUSBAR-NetworkController( 1193): onDataConnectionStateChanged: state=2 type=13
D/STATUSBAR-NetworkController( 1193): Nothing, mRoamingIconId = 0
D/STATUSBAR-NetworkController( 1193): refreshSignalCluster: data=2 bt=false
D/STATUSBAR-NetworkController( 1193): update carrier label
D/MobileDataStateTracker(  824): default: Broadcast received: android.intent.action.ANY_DATA_STATE apnType=default
D/MobileDataStateTracker(  824): default: Received state=CONNECTED, old=CONNECTED, reason=(unspecified)
D/STATUSBAR-IconMerger( 1193): checkOverflow(288), More:false, Req:false Child:0
D/PowerManagerService(  824): [api] isForceUnblankDisplay : false
W/ContextImpl( 2897): Calling a method in the system process without a qualified user: android.app.ContextImpl.sendStickyBroadcast:1626 android.content.ContextWrapper.sendStickyBroadcast:439 android.content.ContextWrapper.sendStickyBroadcast:439 com.sec.android.app.popupuireceiver.PopupuiReceiver.onReceive:173 android.app.ActivityThread.handleReceiver:2552 
W/AppOps  (  824): Bad call: specified package LocationManagerService under uid 1000 but it is really -1
W/AppOps  (  824): Bad call: specified package LocationManagerService under uid 1000 but it is really -1
I/PowerManagerService(  824): [PWL] Off : 30s ago
I/PowerManagerService(  824): [PWL]   PowerManagerService.WakeLocks: ref count=1
I/PowerManagerService(  824): [PWL]     mWakeLockSummary : 0x1
I/PowerManagerService(  824): [PWL]       PARTIAL_WAKE_LOCK              'diagnostics.client.Wakelock' (uid=1000, pid=824, ws=null) (elapsedTime=2805)
D/SSRMv2:Monitor(  824): SIOP:: AP = 360, Prev AP = 360, Duration = 10039, PST = 354
V/AlarmManager(  824): waitForAlarm result :4
V/AlarmManager(  824): trigger ELAPSED_REALTIME_WAKEUP or RTC_WAKEUP
E/Watchdog(  824): !@Sync 23
V/AlarmManager(  824): waitForAlarm result :4
I/ActivityManager(  824): Killing 6251:com.google.android.apps.plus/u0a106 (adj 15): empty for 602s
I/ActivityManager(  824): Killing 6463:com.android.vending/u0a101 (adj 15): empty for 602s
I/ActivityManager(  824): Killing 6796:com.sec.android.app.controlpanel/u0a74 (adj 15): empty for 602s
I/ActivityManager(  824): Killing 5999:com.sec.chaton/u0a25 (adj 15): empty for 602s
V/AlarmManager(  824): trigger ELAPSED_REALTIME_WAKEUP or RTC_WAKEUP
I/ActivityManager(  824): Killing 6784:com.sec.android.app.FileShareServer/1000 (adj 15): empty for 602s
I/ActivityManager(  824): Killing 6764:com.sec.factory/1000 (adj 15): empty for 602s
I/ActivityManager(  824): Killing 6752:com.sec.android.SimpleWidget/u0a150 (adj 15): empty for 602s
D/BatteryService(  824): level:76, scale:100, status:3, health:2, present:true, voltage: 4003, temperature: 323, technology: Li-ion, AC powered:false, USB powered:false, Wireless powered:false, icon:17303394, invalid charger:0, online:1, current avg:460, charge type:0
D/BatteryService(  824): Sending ACTION_BATTERY_CHANGED.
D/STATUSBAR-PhoneStatusBar( 1193):  mBrightnessEnablebySettings = true mBrightnessEnablebyBattery = true mBrightnessEnablebyDisableFlag = true mPmsBrightnessEnablebySettings = true
D/BatteryMeterView( 1193): ACTION_BATTERY_CHANGED : level:76 status:3 health:2
D/STATUSBAR-IconMerger( 1193): checkOverflow(288), More:false, Req:false Child:0
D/PowerManagerService(  824): [api] isForceUnblankDisplay : false
D/SSRMv2:Monitor(  824): SIOP:: AP = 360, Prev AP = 360, Duration = 10034, PST = 356
V/AlarmManager(  824): waitForAlarm result :4
V/AlarmManager(  824): trigger ELAPSED_REALTIME_WAKEUP or RTC_WAKEUP
I/PowerManagerService(  824): [PWL] Off : 50s ago
D/SSRMv2:Monitor(  824): SIOP:: AP = 360, Prev AP = 360, Duration = 10066, PST = 356
V/AlarmManager(  824): waitForAlarm result :4
V/AlarmManager(  824): waitForAlarm result :4
V/AlarmManager(  824): trigger ELAPSED_REALTIME_WAKEUP or RTC_WAKEUP
D/SSRMv2:Monitor(  824): SIOP:: AP = 360, Prev AP = 360, Duration = 10065, PST = 358
V/AlarmManager(  824): waitForAlarm result :8
D/KeyguardClockWidgetService( 1780): onReceive action=android.intent.action.TIME_TICK
V/AlarmManager(  824): ClockReceiver onReceive() ACTION_TIME_TICK
D/STATUSBAR-IconMerger( 1193): checkOverflow(288), More:false, Req:false Child:0
D/PowerManagerService(  824): [api] isForceUnblankDisplay : false
E/Watchdog(  824): !@Sync 24
D/SSRMv2:Monitor(  824): SIOP:: AP = 360, Prev AP = 360, Duration = 10072, PST = 360
I/PowerManagerService(  824): [PWL] Off : 75s ago
I/PowerManagerService(  824): [PWL]   PowerManagerService.WakeLocks: ref count=1
I/PowerManagerService(  824): [PWL]     mWakeLockSummary : 0x1
I/PowerManagerService(  824): [PWL]       PARTIAL_WAKE_LOCK              'diagnostics.client.Wakelock' (uid=1000, pid=824, ws=null) (elapsedTime=236)
V/AlarmManager(  824): waitForAlarm result :4
V/AlarmManager(  824): trigger ELAPSED_REALTIME_WAKEUP or RTC_WAKEUP
D/BatteryService(  824): level:76, scale:100, status:3, health:2, present:true, voltage: 4011, temperature: 322, technology: Li-ion, AC powered:false, USB powered:false, Wireless powered:false, icon:17303394, invalid charger:0, online:1, current avg:460, charge type:0
D/BatteryService(  824): Sending ACTION_BATTERY_CHANGED.
D/STATUSBAR-PhoneStatusBar( 1193):  mBrightnessEnablebySettings = true mBrightnessEnablebyBattery = true mBrightnessEnablebyDisableFlag = true mPmsBrightnessEnablebySettings = true
D/STATUSBAR-IconMerger( 1193): checkOverflow(288), More:false, Req:false Child:0
D/PowerManagerService(  824): [api] isForceUnblankDisplay : false
