D/ConnectivityService(  824): Captive portal check NetworkInfo: type: WIFI[], state: CONNECTING/CAPTIVE_PORTAL_CHECK, reason: (unspecified), extra: "Aeria.QA-2-Base", roaming: false, failover: false, isAvailable: true, isConnectedToProvisioningNetwork: false
D/ConnectivityService(  824): Skip Captive check on WIFI
D/ConnectivityService(  824): handleCaptivePortalTrackerCheck: call captivePortalCheckComplete ni=NetworkInfo: type: WIFI[], state: CONNECTING/CAPTIVE_PORTAL_CHECK, reason: (unspecified), extra: "Aeria.QA-2-Base", roaming: false, failover: false, isAvailable: true, isConnectedToProvisioningNetwork: false
E/EnterpriseContainerManager(  824): ContainerPolicy Service is not yet ready!!!
D/EnterpriseDeviceManager(  824): ContainerId: 0
W/LicenseLogService(  824): log() failed
W/ContextImpl(  824): Calling a method in the system process without a qualified user: android.app.ContextImpl.sendBroadcast:1468 com.android.server.InputMethodManagerService$4.run:2802 java.lang.Thread.run:841 <bottom of call stack> <bottom of call stack> 
D/ContainerEventsRelayManager( 1433): <<< Intent action is >>> : android.net.wifi.STATE_CHANGE
D/ContainerEventsRelayManager( 1433): <<< Intent data is   >>> : null
D/ECS_EnterpriseContainerService(  824): getContainers   --  Called + uid1000
D/ECS_EnterpriseContainerService(  824): getContainers   --  Called passing security
D/ECS_EnterpriseContainerCacheData(  824): Container cache getContainers 
D/ECS_EnterpriseContainerCacheData(  824): Container cache getContainers not null
D/STATUSBAR-NetworkController( 1193): onReceive() - RSSI_CHANGED_ACTION, WIFI_STATE, NETWORK_STATE
D/STATUSBAR-NetworkController( 1193): refreshSignalCluster: data=2 bt=false
D/STATUSBAR-NetworkController( 1193): update carrier label
D/STATUSBAR-IconMerger( 1193): checkOverflow(288), More:false, Req:false Child:0
W/IInputConnectionWrapper( 1470): showStatusIcon on inactive InputConnection
D/KeyguardViewMediator( 1193): setHidden false
D/KeyguardUpdateMonitor( 1193): sendKeyguardVisibilityChanged(true)
D/KeyguardUpdateMonitor( 1193): handleKeyguardVisibilityChanged(1)
D/KeyguardViewMediator( 1193): setHidden false
D/KeyguardUpdateMonitor( 1193): sendKeyguardVisibilityChanged(true)
D/EnterpriseDeviceManager(  824): ContainerId: 0
D/KeyguardViewMediator( 1193): setHidden false
D/KeyguardUpdateMonitor( 1193): sendKeyguardVisibilityChanged(true)
D/KeyguardUpdateMonitor( 1193): handleKeyguardVisibilityChanged(1)
D/KeyguardUpdateMonitor( 1193): handleKeyguardVisibilityChanged(1)
D/STATUSBAR-StatusBarManagerService(  824): manageDisableList what=0x0 pkg=WindowManager.LayoutParams
D/KeyguardViewMediator( 1193): setHidden false
D/KeyguardUpdateMonitor( 1193): sendKeyguardVisibilityChanged(true)
D/KeyguardUpdateMonitor( 1193): handleKeyguardVisibilityChanged(1)
I/WifiTrafficPoller(  824): evaluateTrafficStatsPolling
I/WifiTrafficPoller(  824): mBoosterFLAG : 2
I/WifiTrafficPoller(  824): current booster mode : BTCoexMode
D/KeyguardViewMediator( 1193): setHidden false
D/KeyguardUpdateMonitor( 1193): sendKeyguardVisibilityChanged(true)
D/KeyguardUpdateMonitor( 1193): handleKeyguardVisibilityChanged(1)
D/ConnectivityService(  824): ConnectivityChange for WIFI: CONNECTED/CONNECTED
D/ConnectivityService(  824): Policy requires mobile teardown
D/KeyguardViewMediator( 1193): setHidden false
D/KeyguardUpdateMonitor( 1193): sendKeyguardVisibilityChanged(true)
D/KeyguardUpdateMonitor( 1193): handleKeyguardVisibilityChanged(1)
D/ConnectivityService(  824): handleConnectivityChange: setting default proxy info 
V/RouteController(  266): /system/bin/ip -4 route replace default via 192.168.168.1 dev wlan0 scope global table 2 2>&1
I/WifiStatusReceiver( 6739): show AT&T wifi notification visible:false
V/RouteController(  266): /system/bin/ip -4 rule del table 2 2>&1
V/RouteController(  266): RTNETLINK answers: No such file or directory
V/RouteController(  266): /system/bin/ip -4 rule add from 192.168.169.79 lookup 2 prio 200 2>&1
D/STATUSBAR-NetworkController( 1193): onDataConnectionStateChanged: state=0 type=13
D/STATUSBAR-NetworkController( 1193): Nothing, mRoamingIconId = 0
D/PhoneApp( 1360): mReceiver: ACTION_ANY_DATA_CONNECTION_STATE_CHANGED
D/FileWriteThread( 1360): FileWriteThread : threadType = 3
V/RouteController(  266): /system/bin/ip route flush cached 2>&1
D/STATUSBAR-NetworkController( 1193): refreshSignalCluster: data=0 bt=false
D/STATUSBAR-NetworkController( 1193): update carrier label
V/RouteController(  266): /system/bin/ip route del 192.168.168.0/21 table 2 2>&1
D/STATUSBAR-IconMerger( 1193): checkOverflow(288), More:false, Req:false Child:0
V/RouteController(  266): RTNETLINK answers: No such process
V/RouteController(  266): /system/bin/ip route add 192.168.168.0/21 dev wlan0 table 2 metric 0 2>&1
D/NearbySettings( 6739): MountReceiver.onReceive - ACTION: android.net.wifi.STATE_CHANGE
V/NearbySettings( 6739): DMSUtil.isNetworkConnected - flag-null, state-null
D/STATUSBAR-NetworkController( 1193): onDataActivity: direction=2
D/STATUSBAR-NetworkController( 1193): update carrier label
I/NearbySettings( 6739): DMSUtil.isNetworkConnected - WIFI: CONNECTED
V/RouteController(  266): /system/bin/ip route flush cached 2>&1
I/NearbySettings( 6739): DMSUtil.isNetworkConnected - P2P: IDLE
I/NearbySettings( 6739): DMSUtil.isNetworkConnected - WIFI-true, Hotspot-false, P2P-false, Eth-false
I/NearbySettings( 6739): MountReceiver.onReceive - Keep current state
D/WifiController(  824): SET_AP_BOOSTER_FLAG ignored due to state change
D/WifiService(  824): onDataConnectionStateChanged: state -0, networkType - LTE
D/MobileDataStateTracker(  824): default: Broadcast received: android.intent.action.ANY_DATA_STATE apnType=default
D/MobileDataStateTracker(  824): default: Received state=DISCONNECTED, old=CONNECTED, reason=dataDisabled
D/MobileDataStateTracker(  824): default: setDetailed state, old =CONNECTED and new state=DISCONNECTED
D/STATUSBAR-IconMerger( 1193): checkOverflow(288), More:false, Req:false Child:0
D/EnterpriseDeviceManager(  824): ContainerId: 0
D/ConnectivityService(  824): ConnectivityChange for mobile: DISCONNECTED/DISCONNECTED
W/NetworkStats(  824): getDevSummary: NetworkStats: elapsedRealtime=0
W/NetworkStats(  824): getXtSummary: NetworkStats: elapsedRealtime=741611411
W/NetworkStats(  824):   [0] iface=null uid=-1 set=ALL tag=0x0 rxBytes=1465226134 rxPackets=1365092 txBytes=122940641 txPackets=981813 operations=0
D/EnterpriseDeviceManager(  824): ContainerId: 0
D/ConnectivityService(  824): Attempting to switch to WIFI
W/ActivityManager(  824): mDVFSHelper.release()
V/RouteController(  266): /system/bin/ip -4 route del default table 1 2>&1
W/NetworkStats(  824): getDevSummary: NetworkStats: elapsedRealtime=0
W/NetworkStats(  824): getXtSummary: NetworkStats: elapsedRealtime=741611494
W/NetworkStats(  824):   [0] iface=null uid=-1 set=ALL tag=0x0 rxBytes=1465226134 rxPackets=1365092 txBytes=122941057 txPackets=981821 operations=0
V/RouteController(  266): RTNETLINK answers: No such process
V/RouteController(  266): /system/bin/ip -4 rule del table 1 2>&1
D/FavoriteProvider( 6718): onReceive(), com.sec.android.intent.action.HOME_RESUME
V/RouteController(  266): /system/bin/ip route flush cached 2>&1
D/NetUtils(  824): android_net_utils_resetConnections in env=0x79f99c70 clazz=0x39900001 iface=rmnet_usb0 mask=0x3
D/Mms/UIEventReceiver( 7949): ui event
D/ConnectivityService(  824): resetConnections(rmnet_usb0, 3)
D/MobileDataStateTracker(  824): default: setPolicyDataEnable(enabled=true)
V/TaskCloserActivity( 8081): TaskCloserActivity onReceive() - com.sec.android.intent.action.HOME_RESUME
I/WifiStatusReceiver( 6739): show AT&T wifi notification visible:true
D/KeyguardViewMediator( 1193): setHidden false
D/KeyguardUpdateMonitor( 1193): sendKeyguardVisibilityChanged(true)
I/SurfaceFlinger(  279): id=37 Removed Donversatio (11/13)
I/SurfaceFlinger(  279): id=37 Removed Donversatio (-2/13)
D/KeyguardViewMediator( 1193): setHidden false
D/KeyguardUpdateMonitor( 1193): sendKeyguardVisibilityChanged(true)
D/KeyguardViewMediator( 1193): setHidden false
D/KeyguardUpdateMonitor( 1193): sendKeyguardVisibilityChanged(true)
D/AbsListView( 6523): onVisibilityChanged() is called, visibility : 4
D/AbsListView( 6523): unregisterIRListener() is called 
D/AbsListView( 6523): onVisibilityChanged() is called, visibility : 4
D/AbsListView( 6523): unregisterIRListener() is called 
W/ContextImpl(  824): Calling a method in the system process without a qualified user: android.app.ContextImpl.sendBroadcast:1482 com.android.server.StatusBarManagerService.sendNotification:965 com.android.server.StatusBarManagerService.addNotification:654 com.android.server.NotificationManagerService$7.run:2142 android.os.Handler.handleCallback:733 
D/STATUSBAR-StatusBarManagerService(  824): sendNotification(1) - 3012971
D/NearbySettings( 6739): MountReceiver.onReceive - ACTION: android.net.wifi.STATE_CHANGE
D/KeyguardUpdateMonitor( 1193): handleKeyguardVisibilityChanged(1)
D/KeyguardUpdateMonitor( 1193): handleKeyguardVisibilityChanged(1)
I/NearbySettings( 6739): MountReceiver.onReceive - Keep current state
W/ResourceType( 1193): Attempt to retrieve bag 0x01030068 which is invalid or in a cycle.
W/ResourceType( 1193): Attempt to retrieve bag 0x01030067 which is invalid or in a cycle.
D/ProgressBar( 1193): setProgressDrawable drawableHeight = 18
D/EnterpriseDeviceManager(  824): ContainerId: 0
W/NetworkStats(  824): getDevSummary: NetworkStats: elapsedRealtime=0
W/NetworkStats(  824): getXtSummary: NetworkStats: elapsedRealtime=741611751
W/NetworkStats(  824):   [0] iface=null uid=-1 set=ALL tag=0x0 rxBytes=1465226134 rxPackets=1365092 txBytes=122941057 txPackets=981821 operations=0
D/EnterpriseDeviceManager(  824): ContainerId: 0
D/EnterpriseDeviceManager(  824): ContainerId: 0
D/MobileDataStateTracker(  824): default: setPolicyDataEnable(enabled=true)
W/NetworkStats(  824): getDevSummary: NetworkStats: elapsedRealtime=0
W/NetworkStats(  824): getXtSummary: NetworkStats: elapsedRealtime=741611755
W/NetworkStats(  824):   [0] iface=null uid=-1 set=ALL tag=0x0 rxBytes=1465226134 rxPackets=1365092 txBytes=122941057 txPackets=981821 operations=0
W/NetworkStats(  824): getDevSummary: NetworkStats: elapsedRealtime=0
W/NetworkStats(  824): getXtSummary: NetworkStats: elapsedRealtime=741611758
W/NetworkStats(  824):   [0] iface=null uid=-1 set=ALL tag=0x0 rxBytes=1465226134 rxPackets=1365092 txBytes=122941057 txPackets=981821 operations=0
D/MobileDataStateTracker(  824): default: setPolicyDataEnable(enabled=true)
D/PhoneStatusBar( 1193): setCarrierLabelVibibility : false
D/EnterpriseDeviceManager(  824): ContainerId: 0
D/KeyguardUpdateMonitor( 1193): handleKeyguardVisibilityChanged(1)
D/ContexualWidgetMonitor( 1193): action =com.android.server.NotificationManagerService.NotificationArrived
D/ContexualWidgetMonitor( 1193): pkg =null
D/EnterpriseDeviceManager(  824): ContainerId: 0
D/ContexualWidgetMonitor( 1193): mCheckMissedEvent =false
W/NetworkStats(  824): getDevSummary: NetworkStats: elapsedRealtime=0
W/NetworkStats(  824): getXtSummary: NetworkStats: elapsedRealtime=741611763
W/NetworkStats(  824):   [0] iface=null uid=-1 set=ALL tag=0x0 rxBytes=1465226134 rxPackets=1365092 txBytes=122941057 txPackets=981821 operations=0
W/NetworkStats(  824): getDevSummary: NetworkStats: elapsedRealtime=0
W/NetworkStats(  824): getXtSummary: NetworkStats: elapsedRealtime=741611767
W/NetworkStats(  824):   [0] iface=null uid=-1 set=ALL tag=0x0 rxBytes=1465226134 rxPackets=1365092 txBytes=122941057 txPackets=981821 operations=0
D/MobileDataStateTracker(  824): default: setPolicyDataEnable(enabled=true)
W/NetworkStats(  824): getDevSummary: NetworkStats: elapsedRealtime=0
W/NetworkStats(  824): getXtSummary: NetworkStats: elapsedRealtime=741611773
W/NetworkStats(  824):   [0] iface=null uid=-1 set=ALL tag=0x0 rxBytes=1465226134 rxPackets=1365092 txBytes=122941057 txPackets=981821 operations=0
W/EDMNativeHelper(  265): EDMNativeHelperService is published
I/SurfaceFlinger(  279): id=43 createSurf (1x1),1 flag=4, Uoast
I/SELinux ( 9504): Function: selinux_android_load_priority [0], There is no sepolicy file.
I/SELinux ( 9504):  
I/SELinux ( 9504): Function: selinux_android_load_priority [1], There is no sepolicy version file.
I/SELinux ( 9504):  
I/SELinux ( 9504): Function: selinux_android_load_priority , loading version is VE=SEPF_SAMSUNG-SGH-I537_4.4.2_0026
I/SELinux ( 9504):  
I/SELinux ( 9504):  
I/SELinux ( 9504): selinux_android_seapp_context_reload: seapp_contexts file is loaded from /seapp_contexts
D/KeyguardViewMediator( 1193): setHidden false
D/KeyguardUpdateMonitor( 1193): sendKeyguardVisibilityChanged(true)
D/KeyguardViewMediator( 1193): setHidden false
D/KeyguardUpdateMonitor( 1193): sendKeyguardVisibilityChanged(true)
D/KeyguardUpdateMonitor( 1193): handleKeyguardVisibilityChanged(1)
D/PowerManagerService(  824): [api] acquire WakeLock flags=0x2000000a tag=WindowManager uid=1000 pid=824
D/KeyguardUpdateMonitor( 1193): handleKeyguardVisibilityChanged(1)
D/KeyguardViewMediator( 1193): setHidden false
D/KeyguardUpdateMonitor( 1193): sendKeyguardVisibilityChanged(true)
D/KeyguardUpdateMonitor( 1193): handleKeyguardVisibilityChanged(1)
D/EnterpriseDeviceManager(  824): ContainerId: 0
D/KeyguardViewMediator( 1193): setHidden false
D/KeyguardUpdateMonitor( 1193): sendKeyguardVisibilityChanged(true)
D/InputReader(  824): Input event: value=1 when=924238856000
I/InputReader(  824): Touch event's action is 0x0 (deviceType=0) [pCnt=1, s=0.18 ] when=924238917000
I/InputDispatcher(  824): Delivering touch to: action: 0x0
W/NetworkStats(  824): getDevSummary: NetworkStats: elapsedRealtime=0
W/NetworkStats(  824): getXtSummary: NetworkStats: elapsedRealtime=741611893
W/NetworkStats(  824):   [0] iface=null uid=-1 set=ALL tag=0x0 rxBytes=1465226134 rxPackets=1365092 txBytes=122941057 txPackets=981821 operations=0
D/MobileDataStateTracker(  824): default: setPolicyDataEnable(enabled=true)
W/qdhwcomposer(  279): Excessive delay reading vsync: took 7679 ms
W/NetworkStats(  824): getDevSummary: NetworkStats: elapsedRealtime=0
W/NetworkStats(  824): getXtSummary: NetworkStats: elapsedRealtime=741611903
W/NetworkStats(  824):   [0] iface=null uid=-1 set=ALL tag=0x0 rxBytes=1465226134 rxPackets=1365092 txBytes=122941057 txPackets=981821 operations=0
I/NotificationService(  824): cancelToast pkg=com.android.settings callback=android.app.ITransientNotification$Stub$Proxy@43714e40
D/ContainerEventsRelayManager( 1433): <<< Intent action is >>> : android.net.conn.CONNECTIVITY_CHANGE
D/ContainerEventsRelayManager( 1433): <<< Intent data is   >>> : null
D/Tethering(  824): MasterInitialState.processMessage what=3
D/KeyguardUpdateMonitor( 1193): handleKeyguardVisibilityChanged(1)
D/LocSvc_java(  824): updateNetworkState available info: NetworkInfo: type: WIFI[], state: CONNECTED/CONNECTED, reason: (unspecified), extra: "Aeria.QA-2-Base", roaming: false, failover: false, isAvailable: true, isConnectedToProvisioningNetwork: false
D/ECS_EnterpriseContainerService(  824): getContainers   --  Called + uid1000
D/ECS_EnterpriseContainerService(  824): getContainers   --  Called passing security
D/LocSvc_java(  824): getAGpsConnectionInfo connType - 4
D/LocSvc_java(  824): ignore wifi update if we are not in OPENING or CLOSING
D/CaptivePortalTracker(  824): NoActiveNetworkState{ when=-1ms what=1 obj=NetworkInfo: type: WIFI[], state: CONNECTED/CONNECTED, reason: (unspecified), extra: "Aeria.QA-2-Base", roaming: false, failover: false, isAvailable: true, isConnectedToProvisioningNetwork: false target=com.android.internal.util.StateMachine$SmHandler }
D/ECS_EnterpriseContainerCacheData(  824): Container cache getContainers 
D/ECS_EnterpriseContainerCacheData(  824): Container cache getContainers not null
D/WispService( 3969): main:Connection is WIFI
I/DBG_WSS_DM( 3282): [191.10.140521][Line:885][onReceive] WiFiStateReceiver : android.net.conn.CONNECTIVITY_CHANGE
D/EnterpriseDeviceManager(  824): ContainerId: 0
I/DBG_WSS_DM( 3282): [191.10.140521][Line:1846][ProtoIsWIFIConnected] WiFi Network status is enabled
I/DBG_WSS_DM( 3282): [191.10.140521][Line:2223][getIsConnected] connect status is false
W/NetworkStats(  824): getDevSummary: NetworkStats: elapsedRealtime=0
W/NetworkStats(  824): getXtSummary: NetworkStats: elapsedRealtime=741611935
W/NetworkStats(  824):   [0] iface=null uid=-1 set=ALL tag=0x0 rxBytes=1465226134 rxPackets=1365092 txBytes=122941057 txPackets=981821 operations=0
D/MobileDataStateTracker(  824): default: setPolicyDataEnable(enabled=true)
W/NetworkStats(  824): getDevSummary: NetworkStats: elapsedRealtime=0
W/NetworkStats(  824): getXtSummary: NetworkStats: elapsedRealtime=741611939
W/NetworkStats(  824):   [0] iface=null uid=-1 set=ALL tag=0x0 rxBytes=1465226134 rxPackets=1365092 txBytes=122941057 txPackets=981821 operations=0
D/STATUSBAR-NetworkController( 1193): onReceive() - CONNECTIVITY_ACTION, INET_CONDITION_ACTION
I/DBG_WSS_DM( 3282): [191.10.140521][Line:898][onReceive] wifi connected....
D/KeyguardViewMediator( 1193): setHidden false
D/KeyguardUpdateMonitor( 1193): sendKeyguardVisibilityChanged(true)
D/ContexualWidgetMonitor( 1193):  id = 0
D/ContexualWidgetMonitor( 1193): action =android.net.conn.CONNECTIVITY_CHANGE
D/ContexualWidgetMonitor( 1193): pkg =null
D/ContexualWidgetMonitor( 1193): mCheckMissedEvent =false
D/STATUSBAR-NetworkController( 1193): Nothing, mRoamingIconId = 0
D/dalvikvm( 9504): Trying to load lib /data/app-lib/com.google.android.talk-6/libcrashreporterer.so 0x429bbb48
D/KeyguardUpdateMonitor( 1193): handleKeyguardVisibilityChanged(1)
D/WispService( 3969): main:Wifi ssid is: Aeria.QA-2-Base
D/WispService( 3969): main:Not matching: Wayport_Access
D/WispService( 3969): main:Not matching: ATTMETROWIFI
D/WispService( 3969): main:Not matching: attwifi
D/WispService( 3969): main:Not matching: AT&T Wi-Fi
D/WispService( 3969): main:No Wisp network found
D/WispService( 3969): main:Connection is connected: true
D/WispService( 3969): main:Connection is connecting: true
D/WispService( 3969): main:Active Connection is WIFI
D/WispService( 3969): main:Received broadcast: network info state is CONNECTED 
D/WispService( 3969): main:Moving from: DISCONNECTED to CONNECTED
W/ContextImpl( 3105): Implicit intents with startService are not safe: Intent { act=com.samsung.SMT.UpdateManager.UPDATE_DATA } android.content.ContextWrapper.startService:506 com.samsung.SMT.SamsungTTSService.e:-1 com.samsung.SMT.SamsungTTSService.a:-1 
D/InputReader(  824): Input event: value=0 when=924297938000
I/InputReader(  824): Touch event's action is 0x1 (deviceType=0) [pCnt=1, s=] when=924297968000
D/dalvikvm( 9504): Added shared lib /data/app-lib/com.google.android.talk-6/libcrashreporterer.so 0x429bbb48
W/ContextImpl( 3105): Calling a method in the system process without a qualified user: android.app.ContextImpl.startService:1824 android.content.ContextWrapper.startService:506 com.samsung.SMT.SamsungTTSService.e:-1 com.samsung.SMT.SamsungTTSService.a:-1 com.samsung.SMT.ai.onReceive:-1 
D/WispService( 3969): main:Wifi ssid is: Aeria.QA-2-Base
D/WispService( 3969): main:Not matching: Wayport_Access
D/WispService( 3969): main:Not matching: ATTMETROWIFI
D/WispService( 3969): main:Not matching: attwifi
D/WispService( 3969): main:Not matching: AT&T Wi-Fi
D/WispService( 3969): main:No Wisp network found
D/WispService( 3969): main:Moving from: CONNECTED to DISCONNECTED
D/WispService( 3969): main:Resetting response manager
E/dalvikvm( 9504): Could not find class 'android.app.Notification$Action$Builder', referenced from method f.a
W/dalvikvm( 9504): VFY: unable to resolve new-instance 403 (Landroid/app/Notification$Action$Builder;) in Lf;
D/dalvikvm( 9504): VFY: replacing opcode 0x22 at 0x0000
D/EnterpriseDeviceManager(  824): ContainerId: 0
E/dalvikvm( 9504): Could not find class 'android.app.RemoteInput$Builder', referenced from method f.a
W/dalvikvm( 9504): VFY: unable to resolve new-instance 415 (Landroid/app/RemoteInput$Builder;) in Lf;
D/dalvikvm( 9504): VFY: replacing opcode 0x22 at 0x003d
E/dalvikvm( 9504): Could not find class 'android.app.Notification$Action$Builder', referenced from method f.a
W/dalvikvm( 9504): VFY: unable to resolve new-instance 403 (Landroid/app/Notification$Action$Builder;) in Lf;
D/dalvikvm( 9504): VFY: replacing opcode 0x22 at 0x0000
W/dalvikvm( 9504): Unable to resolve superclass of Lcpi; (742)
W/dalvikvm( 9504): Link of class 'Lcpi;' failed
W/dalvikvm( 9504): VFY: unable to find class referenced in signature (Lcpi;)
W/dalvikvm( 9504): VFY: unable to find class referenced in signature (Landroid/telecom/DisconnectCause;)
W/dalvikvm( 9504): Unable to resolve superclass of Lcpi; (742)
W/dalvikvm( 9504): Link of class 'Lcpi;' failed
I/dalvikvm( 9504): Could not find method cpi.c, referenced from method f.a
W/dalvikvm( 9504): VFY: unable to resolve virtual method 20613: Lcpi;.c ()Lcom/google/android/apps/hangouts/telephony/TeleConnectionService;
D/dalvikvm( 9504): VFY: replacing opcode 0x6e at 0x0001
W/dalvikvm( 9504): Unable to resolve superclass of Law; (818)
W/dalvikvm( 9504): Link of class 'Law;' failed
E/dalvikvm( 9504): Could not find class 'aw', referenced from method f.a
W/dalvikvm( 9504): VFY: unable to resolve new-instance 1242 (Law;) in Lf;
D/dalvikvm( 9504): VFY: replacing opcode 0x22 at 0x0006
W/dalvikvm( 9504): Unable to resolve superclass of Lay; (818)
W/dalvikvm( 9504): Link of class 'Lay;' failed
E/dalvikvm( 9504): Could not find class 'ay', referenced from method f.a
W/dalvikvm( 9504): VFY: unable to resolve new-instance 1296 (Lay;) in Lf;
D/dalvikvm( 9504): VFY: replacing opcode 0x22 at 0x002a
I/dalvikvm( 9504): Could not find method android.view.ViewGroup.isTransitionGroup, referenced from method f.a
W/dalvikvm( 9504): VFY: unable to resolve virtual method 5478: Landroid/view/ViewGroup;.isTransitionGroup ()Z
D/dalvikvm( 9504): VFY: replacing opcode 0x6e at 0x000c
I/dalvikvm( 9504): Could not find method android.view.View.getTransitionName, referenced from method f.a
W/dalvikvm( 9504): VFY: unable to resolve virtual method 5331: Landroid/view/View;.getTransitionName ()Ljava/lang/String;
D/dalvikvm( 9504): VFY: replacing opcode 0x6e at 0x0006
W/dalvikvm( 9504): VFY: unable to find class referenced in signature ([Landroid/app/RemoteInput;)
E/dalvikvm( 9504): Could not find class 'android.app.RemoteInput[]', referenced from method f.a
W/dalvikvm( 9504): VFY: unable to resolve new-array 7163 ([Landroid/app/RemoteInput;) in Lf;
D/dalvikvm( 9504): VFY: replacing opcode 0x23 at 0x0005
W/dalvikvm( 9504): Unable to resolve superclass of Lcom/google/android/apps/hangouts/telephony/TeleConnectionService; (744)
W/dalvikvm( 9504): Link of class 'Lcom/google/android/apps/hangouts/telephony/TeleConnectionService;' failed
E/dalvikvm( 9504): Could not find class 'com.google.android.apps.hangouts.telephony.TeleConnectionService', referenced from method f.i
W/dalvikvm( 9504): VFY: unable to resolve const-class 2633 (Lcom/google/android/apps/hangouts/telephony/TeleConnectionService;) in Lf;
D/dalvikvm( 9504): VFY: replacing opcode 0x1c at 0x0002
E/dalvikvm( 9504): Could not find class 'android.telecom.TelecomManager', referenced from method f.k
W/dalvikvm( 9504): VFY: unable to resolve check-cast 754 (Landroid/telecom/TelecomManager;) in Lf;
D/dalvikvm( 9504): VFY: replacing opcode 0x1f at 0x000c
D/dalvikvm( 9504): DexOpt: couldn't find static field Landroid/os/Build;.SUPPORTED_ABIS
W/dalvikvm( 9504): VFY: unable to resolve static field 1487 (SUPPORTED_ABIS) in Landroid/os/Build;
D/dalvikvm( 9504): VFY: replacing opcode 0x62 at 0x0006
D/dalvikvm( 9504): DexOpt: unable to opt direct call 0x0a75 at 0x0e in Lf;.a
D/dalvikvm( 9504): DexOpt: unable to opt direct call 0x0acb at 0x43 in Lf;.a
D/dalvikvm( 9504): DexOpt: unable to opt direct call 0x0a75 at 0x0e in Lf;.a
W/dalvikvm( 9504): Unable to resolve superclass of Law; (818)
W/dalvikvm( 9504): Link of class 'Law;' failed
D/dalvikvm( 9504): DexOpt: unable to opt direct call 0x1ddd at 0x08 in Lf;.a
W/dalvikvm( 9504): Unable to resolve superclass of Lay; (818)
W/dalvikvm( 9504): Link of class 'Lay;' failed
D/dalvikvm( 9504): DexOpt: unable to opt direct call 0x1f22 at 0x2c in Lf;.a
D/dalvikvm( 9504): DexOpt: unable to opt direct call 0x0acb at 0x13 in Lf;.a
D/dalvikvm( 9504): DexOpt: unable to opt direct call 0x12d3 at 0x0b in Lf;.i
D/Tethering(  824): MasterInitialState.processMessage what=3
D/CaptivePortalTracker(  824): DelayedCaptiveCheckState{ when=-1ms what=1 obj=NetworkInfo: type: mobile[LTE], state: DISCONNECTED/DISCONNECTED, reason: dataDisabled, extra: phone, roaming: false, failover: false, isAvailable: true, isConnectedToProvisioningNetwork: false target=com.android.internal.util.StateMachine$SmHandler }
I/ApplicationPolicy(  824): updateDataUsageMap
D/ContainerEventsRelayManager( 1433): <<< Intent action is >>> : android.net.conn.CONNECTIVITY_CHANGE
D/ContainerEventsRelayManager( 1433): <<< Intent data is   >>> : null
D/ECS_EnterpriseContainerService(  824): getContainers   --  Called + uid1000
D/ECS_EnterpriseContainerService(  824): getContainers   --  Called passing security
D/ECS_EnterpriseContainerCacheData(  824): Container cache getContainers 
D/ECS_EnterpriseContainerCacheData(  824): Container cache getContainers not null
D/WispService( 3969): main:Active netork is TYPE_MOBILE
D/WispService( 3969): main:Received broadcast: network info state is DISCONNECTED 
D/WispService( 3969): main:Moving from: DISCONNECTED to DISCONNECTED
D/WispService( 3969): main:Resetting response manager
I/DBG_WSS_DM( 3282): [191.10.140521][Line:885][onReceive] WiFiStateReceiver : android.net.conn.CONNECTIVITY_CHANGE
I/DBG_WSS_DM( 3282): [191.10.140521][Line:1846][ProtoIsWIFIConnected] WiFi Network status is enabled
I/DBG_WSS_DM( 3282): [191.10.140521][Line:2223][getIsConnected] connect status is false
I/DBG_WSS_DM( 3282): [191.10.140521][Line:898][onReceive] wifi connected....
W/ContextImpl( 3105): Implicit intents with startService are not safe: Intent { act=com.samsung.SMT.UpdateManager.UPDATE_DATA } android.content.ContextWrapper.startService:506 com.samsung.SMT.SamsungTTSService.e:-1 com.samsung.SMT.SamsungTTSService.a:-1 
W/ContextImpl( 3105): Calling a method in the system process without a qualified user: android.app.ContextImpl.startService:1824 android.content.ContextWrapper.startService:506 com.samsung.SMT.SamsungTTSService.e:-1 com.samsung.SMT.SamsungTTSService.a:-1 com.samsung.SMT.ai.onReceive:-1 
D/ContainerEventsRelayManager( 1433): <<< Intent action is >>> : android.net.conn.CONNECTIVITY_CHANGE
D/ContainerEventsRelayManager( 1433): <<< Intent data is   >>> : null
I/dalvikvm( 9504): Could not find method android.content.Context.getDrawable, referenced from method i.a
W/dalvikvm( 9504): VFY: unable to resolve virtual method 2859: Landroid/content/Context;.getDrawable (I)Landroid/graphics/drawable/Drawable;
D/dalvikvm( 9504): VFY: replacing opcode 0x6e at 0x0006
D/ECS_EnterpriseContainerService(  824): getContainers   --  Called + uid1000
D/ECS_EnterpriseContainerService(  824): getContainers   --  Called passing security
D/ECS_EnterpriseContainerCacheData(  824): Container cache getContainers 
D/ECS_EnterpriseContainerCacheData(  824): Container cache getContainers not null
D/STATUSBAR-NetworkController( 1193): onReceive() - CONNECTIVITY_ACTION, INET_CONDITION_ACTION
D/STATUSBAR-NetworkController( 1193): Nothing, mRoamingIconId = 0
D/ContexualWidgetMonitor( 1193):  id = 0
D/ContexualWidgetMonitor( 1193): action =android.net.conn.CONNECTIVITY_CHANGE
D/ContexualWidgetMonitor( 1193): pkg =null
D/ContexualWidgetMonitor( 1193): mCheckMissedEvent =false
D/ContexualWidgetMonitor( 1193): isRoamingFeature() = false
D/ContexualWidgetMonitor( 1193): new_show_missed =false
I/DBG_WSS_DM( 3282): [191.10.140521][Line:885][onReceive] WiFiStateReceiver : android.net.conn.CONNECTIVITY_CHANGE
D/WispService( 3969): main:Connection is WIFI
D/WispService( 3969): main:Wifi ssid is: Aeria.QA-2-Base
D/WispService( 3969): main:Not matching: Wayport_Access
D/WispService( 3969): main:Not matching: ATTMETROWIFI
D/WispService( 3969): main:Not matching: attwifi
D/WispService( 3969): main:Not matching: AT&T Wi-Fi
D/WispService( 3969): main:No Wisp network found
D/WispService( 3969): main:Connection is connected: true
D/WispService( 3969): main:Connection is connecting: true
I/DBG_WSS_DM( 3282): [191.10.140521][Line:1846][ProtoIsWIFIConnected] WiFi Network status is enabled
I/DBG_WSS_DM( 3282): [191.10.140521][Line:2223][getIsConnected] connect status is false
D/WispService( 3969): main:Active Connection is WIFI
D/WispService( 3969): main:Received broadcast: network info state is CONNECTED 
D/WispService( 3969): main:Moving from: DISCONNECTED to CONNECTED
I/DBG_WSS_DM( 3282): [191.10.140521][Line:898][onReceive] wifi connected....
D/WispService( 3969): main:Wifi ssid is: Aeria.QA-2-Base
D/WispService( 3969): main:Not matching: Wayport_Access
D/WispService( 3969): main:Not matching: ATTMETROWIFI
D/WispService( 3969): main:Not matching: attwifi
D/WispService( 3969): main:Not matching: AT&T Wi-Fi
D/WispService( 3969): main:No Wisp network found
D/WispService( 3969): main:Moving from: CONNECTED to DISCONNECTED
D/WispService( 3969): main:Resetting response manager
D/STATUSBAR-NetworkController( 1193): onReceive() - CONNECTIVITY_ACTION, INET_CONDITION_ACTION
D/STATUSBAR-NetworkController( 1193): Nothing, mRoamingIconId = 0
D/ContexualWidgetMonitor( 1193):  id = 0
D/ContexualWidgetMonitor( 1193): action =android.net.conn.CONNECTIVITY_CHANGE
D/ContexualWidgetMonitor( 1193): pkg =null
D/ContexualWidgetMonitor( 1193): mCheckMissedEvent =false
I/LteTpBooster(  824): MOBILE DISCONNECTED
D/Tethering(  824): MasterInitialState.processMessage what=3
D/CaptivePortalTracker(  824): DelayedCaptiveCheckState{ when=0 what=1 obj=NetworkInfo: type: WIFI[], state: CONNECTED/CONNECTED, reason: (unspecified), extra: "Aeria.QA-2-Base", roaming: false, failover: false, isAvailable: true, isConnectedToProvisioningNetwork: false target=com.android.internal.util.StateMachine$SmHandler }
D/LocSvc_java(  824): updateNetworkState available info: NetworkInfo: type: mobile[LTE], state: DISCONNECTED/DISCONNECTED, reason: dataDisabled, extra: phone, roaming: false, failover: false, isAvailable: true, isConnectedToProvisioningNetwork: false
D/LocSvc_java(  824): getAGpsConnectionInfo connType - 3
D/LocSvc_java(  824): updateNetworkState available info: NetworkInfo: type: WIFI[], state: CONNECTED/CONNECTED, reason: (unspecified), extra: "Aeria.QA-2-Base", roaming: false, failover: false, isAvailable: true, isConnectedToProvisioningNetwork: false
D/EnterpriseDeviceManager(  824): ContainerId: 0
D/LocSvc_java(  824): getAGpsConnectionInfo connType - 4
D/LocSvc_java(  824): ignore wifi update if we are not in OPENING or CLOSING
W/ContextImpl( 3105): Implicit intents with startService are not safe: Intent { act=com.samsung.SMT.UpdateManager.UPDATE_DATA } android.content.ContextWrapper.startService:506 com.samsung.SMT.SamsungTTSService.e:-1 com.samsung.SMT.SamsungTTSService.a:-1 
W/ContextImpl( 3105): Calling a method in the system process without a qualified user: android.app.ContextImpl.startService:1824 android.content.ContextWrapper.startService:506 com.samsung.SMT.SamsungTTSService.e:-1 com.samsung.SMT.SamsungTTSService.a:-1 com.samsung.SMT.ai.onReceive:-1 
I/Babel   ( 9504): MmsConfig: mnc/mcc: 310/410
I/Babel   ( 9504): MmsConfig.loadMmsSettings
I/Babel   ( 9504): MmsConfig.loadDeviceMmsSettings from API: mUserAgent=USAATTUserAgent, mUaProfUrl=http://wap.samsungmobile.com/uaprof/SGH-I537.xml
I/Babel   ( 9504): MmsConfig.loadFromDatabase
W/ApplicationPackageManager( 9504): getCSCPackageItemText()
W/ApplicationPackageManager( 9504): getCSCPackageItemText()
E/EnterpriseContainerManager(  824): ContainerPolicy Service is not yet ready!!!
D/EnterpriseDeviceManager(  824): ContainerId: 0
W/LicenseLogService(  824): log() failed
E/SQLiteLog( 9504): (1) no such table: mmsconfig
E/EnterpriseContainerManager(  824): ContainerPolicy Service is not yet ready!!!
D/EnterpriseDeviceManager(  824): ContainerId: 0
I/Babel   ( 9504): MmsConfig: no mmsconfig table android.database.sqlite.SQLiteException: no such table: mmsconfig (code 1): , while compiling: SELECT key, value, type FROM mmsconfig WHERE numeric=?
I/Babel   ( 9504): MmsConfig.loadFromResources
E/EnterpriseContainerManager(  824): ContainerPolicy Service is not yet ready!!!
E/Babel   ( 9504): canonicalizeMccMnc: invalid mccmnc nullnull
W/Babel   ( 9504): MmsConfig: invalid key=userAgent or type=string
W/LicenseLogService(  824): log() failed
W/Babel   ( 9504): MmsConfig: invalid key=uaProfUrl or type=string
I/Babel   ( 9504): MmsConfig.loadMmsSettings: mUserAgent=USAATTUserAgent, mUaProfUrl=http://wap.samsungmobile.com/uaprof/SGH-I537.xml
E/EnterpriseContainerManager(  824): ContainerPolicy Service is not yet ready!!!
W/ApplicationPackageManager( 9504): getCSCPackageItemText()
W/ApplicationPackageManager( 9504): getCSCPackageItemText()
E/EnterpriseContainerManager(  824): ContainerPolicy Service is not yet ready!!!
D/EnterpriseDeviceManager(  824): ContainerId: 0
W/LicenseLogService(  824): log() failed
D/EnterpriseDeviceManager(  824): ContainerId: 0
W/Settings( 9504): Setting airplane_mode_on has moved from android.provider.Settings.System to android.provider.Settings.Global, returning read-only value.
E/EnterpriseContainerManager(  824): ContainerPolicy Service is not yet ready!!!
D/EnterpriseDeviceManager(  824): ContainerId: 0
E/EnterpriseContainerManager(  824): ContainerPolicy Service is not yet ready!!!
W/LicenseLogService(  824): log() failed
E/EnterpriseContainerManager(  824): ContainerPolicy Service is not yet ready!!!
E/EnterpriseContainerManager(  824): ContainerPolicy Service is not yet ready!!!
D/EnterpriseDeviceManager(  824): ContainerId: 0
E/EnterpriseContainerManager(  824): ContainerPolicy Service is not yet ready!!!
W/LicenseLogService(  824): log() failed
E/EnterpriseContainerManager(  824): ContainerPolicy Service is not yet ready!!!
E/EnterpriseContainerManager(  824): ContainerPolicy Service is not yet ready!!!
D/EnterpriseDeviceManager(  824): ContainerId: 0
E/EnterpriseContainerManager(  824): ContainerPolicy Service is not yet ready!!!
W/LicenseLogService(  824): log() failed
E/EnterpriseContainerManager(  824): ContainerPolicy Service is not yet ready!!!
E/EnterpriseContainerManager(  824): ContainerPolicy Service is not yet ready!!!
D/EnterpriseDeviceManager(  824): ContainerId: 0
E/EnterpriseContainerManager(  824): ContainerPolicy Service is not yet ready!!!
W/LicenseLogService(  824): log() failed
E/EnterpriseContainerManager(  824): ContainerPolicy Service is not yet ready!!!
E/EnterpriseContainerManager(  824): ContainerPolicy Service is not yet ready!!!
D/EnterpriseDeviceManager(  824): ContainerId: 0
E/EnterpriseContainerManager(  824): ContainerPolicy Service is not yet ready!!!
W/LicenseLogService(  824): log() failed
E/EnterpriseContainerManager(  824): ContainerPolicy Service is not yet ready!!!
W/dalvikvm( 9504): VFY: unable to find class referenced in signature (Landroid/telecom/TelecomManager;)
I/dalvikvm( 9504): Could not find method android.telecom.TelecomManager.clearAccounts, referenced from method cqf.e
W/dalvikvm( 9504): VFY: unable to resolve virtual method 4854: Landroid/telecom/TelecomManager;.clearAccounts ()V
D/dalvikvm( 9504): VFY: replacing opcode 0x6e at 0x004e
W/dalvikvm( 9504): VFY: unable to find class referenced in signature (Landroid/telecom/TelecomManager;)
W/dalvikvm( 9504): VFY: unable to find class referenced in signature (Landroid/telecom/TelecomManager;)
E/dalvikvm( 9504): Could not find class 'android.telecom.PhoneAccount$Builder', referenced from method cqf.e
W/dalvikvm( 9504): VFY: unable to resolve new-instance 746 (Landroid/telecom/PhoneAccount$Builder;) in Lcqf;
D/dalvikvm( 9504): VFY: replacing opcode 0x22 at 0x0074
W/dalvikvm( 9504): VFY: unable to find class referenced in signature (Landroid/telecom/TelecomManager;)
W/dalvikvm( 9504): VFY: unable to find class referenced in signature (Landroid/telecom/TelecomManager;)
E/dalvikvm( 9504): Could not find class 'android.telecom.TelecomManager', referenced from method cqf.g
W/dalvikvm( 9504): VFY: unable to resolve check-cast 754 (Landroid/telecom/TelecomManager;) in Lcqf;
D/dalvikvm( 9504): VFY: replacing opcode 0x1f at 0x0021
W/dalvikvm( 9504): VFY: unable to find class referenced in signature (Landroid/telecom/TelecomManager;)
W/dalvikvm( 9504): VFY: unable to find class referenced in signature (Landroid/telecom/TelecomManager;)
W/dalvikvm( 9504): VFY: unable to find class referenced in signature (Landroid/telecom/TelecomManager;)
D/dalvikvm( 9504): DexOpt: unable to opt direct call 0x12ce at 0x80 in Lcqf;.e
I/Babel_StickerModule( 9504): App launched.
D/SecSCTimeReceiver(  824): onReceive : SecureClock Deactivate.
I/TetheringProvision( 9241): Received : android.net.conn.CONNECTIVITY_CHANGE
I/TetheringProvision( 9241): Active network info - Type : WIFI, SubType : , isConnected : true
I/TetheringProvision( 9241): getIntFromSharedPreference - activenetworktype : 0
E/QualcommCamera(  283): Qint android::get_camera_info(int, camera_info*): E
E/QualcommCamera(  283): Qint android::get_camera_info(int, camera_info*): E
I/TetheringProvision( 9241): putSharedPreference - activenetworktype : 1
I/TetheringProvision( 9241): putSharedPreference - activenetworkisconnected : true
I/TetheringProvision( 9241): getBooleanFromSharedPreference - usbthruwifitethered : false
W/dalvikvm( 9504): Unable to resolve superclass of Lcom/google/android/libraries/hangouts/video/ScreenCaptureVideoSource$2; (599)
W/dalvikvm( 9504): Link of class 'Lcom/google/android/libraries/hangouts/video/ScreenCaptureVideoSource$2;' failed
E/dalvikvm( 9504): Could not find class 'com.google.android.libraries.hangouts.video.ScreenCaptureVideoSource$2', referenced from method com.google.android.libraries.hangouts.video.ScreenCaptureVideoSource.<init>
W/dalvikvm( 9504): VFY: unable to resolve new-instance 2915 (Lcom/google/android/libraries/hangouts/video/ScreenCaptureVideoSource$2;) in Lcom/google/android/libraries/hangouts/video/ScreenCaptureVideoSource;
D/dalvikvm( 9504): VFY: replacing opcode 0x22 at 0x0044
W/dalvikvm( 9504): VFY: unable to find class referenced in signature (Landroid/media/projection/MediaProjection;)
W/dalvikvm( 9504): VFY: unable to find class referenced in signature (Landroid/media/projection/MediaProjection;)
W/dalvikvm( 9504): VFY: unable to find class referenced in signature (Landroid/media/projection/MediaProjection;)
W/dalvikvm( 9504): VFY: unable to find class referenced in signature (Landroid/media/projection/MediaProjectionManager;)
I/dalvikvm( 9504): Could not find method android.media.projection.MediaProjection.createVirtualDisplay, referenced from method com.google.android.libraries.hangouts.video.ScreenCaptureVideoSource.createVirtualDisplay
W/dalvikvm( 9504): VFY: unable to resolve virtual method 3547: Landroid/media/projection/MediaProjection;.createVirtualDisplay (Ljava/lang/String;IIIILandroid/view/Surface;Landroid/hardware/display/VirtualDisplay$Callback;Landroid/os/Handler;)Landroid/hardware/display/VirtualDisplay;
D/dalvikvm( 9504): VFY: replacing opcode 0x74 at 0x0053
I/SELinux ( 9530): Function: selinux_android_load_priority [0], There is no sepolicy file.
I/SELinux ( 9530):  
I/SELinux ( 9530): Function: selinux_android_load_priority [1], There is no sepolicy version file.
I/SELinux ( 9530):  
I/SELinux ( 9530): Function: selinux_android_load_priority , loading version is VE=SEPF_SAMSUNG-SGH-I537_4.4.2_0026
I/SELinux ( 9530):  
I/SELinux ( 9530):  
I/SELinux ( 9530): selinux_android_seapp_context_reload: seapp_contexts file is loaded from /seapp_contexts
I/dalvikvm( 9504): Could not find method android.media.projection.MediaProjection.stop, referenced from method com.google.android.libraries.hangouts.video.ScreenCaptureVideoSource.release
W/dalvikvm( 9504): VFY: unable to resolve virtual method 3549: Landroid/media/projection/MediaProjection;.stop ()V
D/dalvikvm( 9504): VFY: replacing opcode 0x6e at 0x002d
I/dalvikvm( 9504): Could not find method android.media.projection.MediaProjectionManager.createScreenCaptureIntent, referenced from method com.google.android.libraries.hangouts.video.ScreenCaptureVideoSource.startCapture
W/dalvikvm( 9504): VFY: unable to resolve virtual method 3551: Landroid/media/projection/MediaProjectionManager;.createScreenCaptureIntent ()Landroid/content/Intent;
D/dalvikvm( 9504): VFY: replacing opcode 0x6e at 0x0023
W/dalvikvm( 9504): Unable to resolve superclass of Lcom/google/android/libraries/hangouts/video/ScreenCaptureVideoSource$2; (599)
W/dalvikvm( 9504): Link of class 'Lcom/google/android/libraries/hangouts/video/ScreenCaptureVideoSource$2;' failed
D/dalvikvm( 9504): DexOpt: unable to opt direct call 0x4b37 at 0x46 in Lcom/google/android/libraries/hangouts/video/ScreenCaptureVideoSource;.<init>
W/linker  ( 9504): libsac3d.so has text relocations. This is wasting memory and is a security risk. Please fix.
I/dalvikvm( 9504): Could not find method android.media.MediaCodecInfo$CodecCapabilities.getVideoCapabilities, referenced from method com.google.android.libraries.hangouts.video.EncoderManager.isHardwareAcceleratedCodec
W/dalvikvm( 9504): VFY: unable to resolve virtual method 3483: Landroid/media/MediaCodecInfo$CodecCapabilities;.getVideoCapabilities ()Landroid/media/MediaCodecInfo$VideoCapabilities;
D/dalvikvm( 9504): VFY: replacing opcode 0x6e at 0x001f
D/dalvikvm(  280): GC_EXPLICIT freed 42K, 38% free 16762K/26952K, paused 3ms+3ms, total 39ms
D/STATUSBAR-NetworkController( 1193): refreshSignalCluster: data=0 bt=false
D/dalvikvm(  280): GC_EXPLICIT freed <1K, 38% free 16762K/26952K, paused 1ms+3ms, total 22ms
D/dalvikvm(  280): GC_EXPLICIT freed <1K, 38% free 16762K/26952K, paused 2ms+3ms, total 23ms
W/qdhwcomposer(  279): Excessive delay reading vsync: took 446 ms
I/MusicStore( 9530): Database version: 108
D/KeyguardViewMediator( 1193): setHidden false
D/KeyguardUpdateMonitor( 1193): sendKeyguardVisibilityChanged(true)
D/KeyguardUpdateMonitor( 1193): handleKeyguardVisibilityChanged(1)
I/SurfaceFlinger(  279): id=43 Removed Uoast (13/13)
I/SurfaceFlinger(  279): id=43 Removed Uoast (-2/13)
D/KeyguardViewMediator( 1193): setHidden false
D/KeyguardUpdateMonitor( 1193): sendKeyguardVisibilityChanged(true)
D/KeyguardUpdateMonitor( 1193): handleKeyguardVisibilityChanged(1)
D/PowerManagerService(  824): [api] [s] userActivity : event: 0 flags: 0 (uid: 1000 pid: 824)
D/PowerManagerService(  824): [api] release WakeLock flags=0x2000000a tag=WindowManager uid=1000 pid=824 (0x0)
D/PowerManagerService(  824): [api] applyWakeLockFlagsOnReleaseLocked : userActivityNoUpdateLocked is called : SCREEN_BRIGHT_WAKE_LOCK        'WindowManager' ON_AFTER_RELEASE (uid=1000, pid=824, ws=WorkSource{1000}) (elapsedTime=652)
D/dalvikvm( 9530): Trying to load lib /data/app-lib/com.google.android.gms-13/libgmscore.so 0x42a5f378
D/dalvikvm( 9530): Added shared lib /data/app-lib/com.google.android.gms-13/libgmscore.so 0x42a5f378
D/dalvikvm( 9530): No JNI_OnLoad found in /data/app-lib/com.google.android.gms-13/libgmscore.so 0x42a5f378, skipping init
D/dalvikvm( 9530): Trying to load lib /data/app-lib/com.google.android.gms-13/libconscrypt_gmscore_jni.so 0x42a5f378
D/dalvikvm( 9530): Added shared lib /data/app-lib/com.google.android.gms-13/libconscrypt_gmscore_jni.so 0x42a5f378
V/JNIHelp ( 9530): Registering com/google/android/gms/org/conscrypt/NativeCrypto's 227 native methods...
D/dalvikvm( 9530): Trying to load lib /data/app-lib/com.google.android.gms-13/libgmscore.so 0x42a5f378
D/dalvikvm( 9530): Shared lib '/data/app-lib/com.google.android.gms-13/libgmscore.so' already loaded in same CL 0x42a5f378
D/dalvikvm( 9530): Trying to load lib /data/app-lib/com.google.android.gms-13/libconscrypt_gmscore_jni.so 0x42a5f378
D/dalvikvm( 9530): Shared lib '/data/app-lib/com.google.android.gms-13/libconscrypt_gmscore_jni.so' already loaded in same CL 0x42a5f378
E/MP-Decision( 1823): num online cores: 4 reqd : 3 available : 4 rq_depth:2.000000 hotplug_avg_load_dw: 164
E/MP-Decision( 1823): DOWN cpu:3 core_idx:3 Ns:3.100000 Ts:240 rq:2.000000 seq:246.000000
I/ProviderInstaller( 9530): Installed default security provider GmsCore_OpenSSL
D/AndroidMusic( 9530): GMSCore installation verified
I/ConfigStore( 9530): Config Database version: 1
E/cutils  (  255): Failed to mkdirat(/storage/extSdCard/Android): Read-only file system
W/ContextImpl( 9530): Failed to ensure directory: /storage/extSdCard/Android/data/com.google.android.music/files
W/Vold    (  255): Returning OperationFailed - no handler for errno 30
D/dalvikvm( 9504): GC_CONCURRENT freed 4296K, 24% free 20647K/26952K, paused 5ms+3ms, total 60ms
D/dalvikvm( 9504): WAIT_FOR_CONCURRENT_GC blocked 44ms
D/SSRMv2:Monitor(  824): SIOP:: AP = 330, Prev AP = 310, Duration = 14535, PST = 314
E/cutils  (  255): Failed to mkdirat(/storage/extSdCard/Android): Read-only file system
W/ContextImpl( 9530): Failed to ensure directory: /storage/extSdCard/Android/data/com.google.android.music/files
W/Vold    (  255): Returning OperationFailed - no handler for errno 30
E/cutils  (  255): Failed to mkdirat(/storage/extSdCard/Android): Read-only file system
W/ContextImpl( 9530): Failed to ensure directory: /storage/extSdCard/Android/data/com.google.android.music/files
W/Vold    (  255): Returning OperationFailed - no handler for errno 30
E/EnterpriseContainerManager(  824): ContainerPolicy Service is not yet ready!!!
D/EnterpriseDeviceManager(  824): ContainerId: 0
E/EnterpriseContainerManager(  824): ContainerPolicy Service is not yet ready!!!
W/LicenseLogService(  824): log() failed
E/EnterpriseContainerManager(  824): ContainerPolicy Service is not yet ready!!!
W/EDMNativeHelper(  265): EDMNativeHelperService is published
D/dalvikvm( 1505): GC_EXPLICIT freed 1429K, 33% free 18061K/26952K, paused 7ms+7ms, total 73ms
D/WifiDisplayAdapter(  824): getWifiDisplayStatusLocked: result=WifiDisplayStatus{featureState=2, scanState=0, activeDisplayState=0, activeDisplay=null, displays=[], sessionInfo=WifiDisplaySessionInfo: Client/Owner: Client GroupId:  Passphrase:  SessionId: 0 IP Address: , connectedState=-1, networkQoS=0}
I/AudioService(  824): getStreamVolume 3 index 130
I/MediaRouter( 9530): Found default route: MediaRouter.RouteInfo{ uniqueId=android/.support.v7.media.SystemMediaRouteProvider:DEFAULT_ROUTE, name=Phone, description=null, enabled=true, connecting=false, canDisconnect=false, playbackType=0, playbackStream=3, volumeHandling=1, volume=13, volumeMax=15, presentationDisplayId=-1, extras=null, settingsIntent=null, providerPackageName=android }
V/MusicLeanback( 9530): onReceive: Intent { act=android.net.conn.CONNECTIVITY_CHANGE flg=0x4000010 cmp=com.google.android.music/.leanback.notifications.LeanbackRecommendationsService$LeanbackRecommendationReceiver (has extras) }
I/dalvikvm( 9530): Could not find method android.view.View.setClipToOutline, referenced from method com.google.android.music.leanback.LeanbackUtils.clipToOutline
W/dalvikvm( 9530): VFY: unable to resolve virtual method 15089: Landroid/view/View;.setClipToOutline (Z)V
D/dalvikvm( 9530): VFY: replacing opcode 0x6e at 0x0007
D/WifiDisplayAdapter(  824): getWifiDisplayStatusLocked: result=WifiDisplayStatus{featureState=2, scanState=0, activeDisplayState=0, activeDisplay=null, displays=[], sessionInfo=WifiDisplaySessionInfo: Client/Owner: Client GroupId:  Passphrase:  SessionId: 0 IP Address: , connectedState=-1, networkQoS=0}
I/NetworkMonitor( 9530): type=WIFI subType= reason=null isConnected=true
I/NetworkMonitor( 9530): type=WIFI subType= reason=null isConnected=true
D/WifiDisplayAdapter(  824): getWifiDisplayStatusLocked: result=WifiDisplayStatus{featureState=2, scanState=0, activeDisplayState=0, activeDisplay=null, displays=[], sessionInfo=WifiDisplaySessionInfo: Client/Owner: Client GroupId:  Passphrase:  SessionId: 0 IP Address: , connectedState=-1, networkQoS=0}
E/EnterpriseContainerManager(  824): ContainerPolicy Service is not yet ready!!!
D/EnterpriseDeviceManager(  824): ContainerId: 0
E/EnterpriseContainerManager(  824): ContainerPolicy Service is not yet ready!!!
W/LicenseLogService(  824): log() failed
E/EnterpriseContainerManager(  824): ContainerPolicy Service is not yet ready!!!
D/PhoneNumberLocatorBootCompletedReceiver( 1360): onReceive
D/PhoneNumberLocatorBootCompletedReceiver( 1360): Phone number locator feature is dsiabled
E/EnterpriseContainerManager(  824): ContainerPolicy Service is not yet ready!!!
D/EnterpriseDeviceManager(  824): ContainerId: 0
W/LicenseLogService(  824): log() failed
I/SELinux ( 9557): Function: selinux_android_load_priority [0], There is no sepolicy file.
I/SELinux ( 9557):  
I/SELinux ( 9557): Function: selinux_android_load_priority [1], There is no sepolicy version file.
I/SELinux ( 9557):  
I/SELinux ( 9557): Function: selinux_android_load_priority , loading version is VE=SEPF_SAMSUNG-SGH-I537_4.4.2_0026
I/SELinux ( 9557):  
I/SELinux ( 9557):  
I/SELinux ( 9557): selinux_android_seapp_context_reload: seapp_contexts file is loaded from /seapp_contexts
E/MP-Decision( 1823): num online cores: 3 reqd : 4 available : 4 rq_depth:4.100000 hotplug_avg_load_dw: 134
E/MP-Decision( 1823): UP cpu:1 core_idx:1 Nw:1.900000 Tw:140 rq:4.100000 seq:0.000000
E/MP-Decision( 1823): UP cpu:2 core_idx:2 Nw:2.700000 Tw:90 rq:4.100000 seq:0.000000
E/MP-Decision( 1823): UP cpu:3 core_idx:3 Nw:3.500000 Tw:90 rq:4.100000 seq:98.000000
I/GHttpClientFactory( 9530): Using the GMSCore's GoogleHttpClient
D/STATUSBAR-NetworkController( 1193): onReceive() - RSSI_CHANGED_ACTION, WIFI_STATE, NETWORK_STATE
I/KLMS-1.9.043 : ( 9557): MainReciver : EventNotificationReciver- method called: AppActivityListner onReceive for Intent Action : android.net.conn.CONNECTIVITY_CHANGE , timestamp: 1434574806465
