D/InputReader(  805): Input event: value=0 when=63315352139000
I/InputReader(  805): Touch event's action is 0x1 (deviceType=0) [pCnt=1, s=] when=63315352139000
I/InputDispatcher(  805): Delivering touch to: action: 0x1
E/MP-Decision( 1859): num online cores: 1 reqd : 4 available : 4 rq_depth:4.700000 hotplug_avg_load_dw: 28
E/MP-Decision( 1859): UP cpu:1 core_idx:1 Nw:1.900000 Tw:140 rq:4.700000 seq:136.000000
E/MP-Decision( 1859): UP cpu:2 core_idx:2 Nw:2.700000 Tw:90 rq:4.700000 seq:98.000000
E/MP-Decision( 1859): UP cpu:3 core_idx:3 Nw:3.500000 Tw:90 rq:4.700000 seq:98.000000
W/EDMNativeHelper(  266): EDMNativeHelperService is published
E/MP-Decision( 1859): num online cores: 4 reqd : 1 available : 4 rq_depth:0.000000 hotplug_avg_load_dw: 21
E/MP-Decision( 1859): DOWN cpu:3 core_idx:3 Ns:3.100000 Ts:240 rq:0.000000 seq:285.000000
E/MP-Decision( 1859): DOWN cpu:2 core_idx:2 Ns:2.100000 Ts:240 rq:0.000000 seq:285.000000
E/MP-Decision( 1859): DOWN cpu:1 core_idx:1 Ns:1.100000 Ts:190 rq:0.000000 seq:245.000000
V/AudioPolicyManagerBase(  279): stopOutput() output 2, stream 1, session 663
V/AudioPolicyManagerBase(  279): changeRefCount() stream 1, count 2
V/AudioPolicyManagerBase(  279): stopOutput() output 2, stream 1, session 664
V/AudioPolicyManagerBase(  279): changeRefCount() stream 1, count 1
E/lights  (  805): write_int failed to open -1
V/AudioPolicyManagerBase(  279): stopOutput() output 2, stream 1, session 665
V/AudioPolicyManagerBase(  279): changeRefCount() stream 1, count 0
W/AudioPolicyManagerBase(  279): stream type [13], return media strategy
W/AudioPolicyManagerBase(  279): stream type [13], return media strategy
W/AudioPolicyManagerBase(  279): stream type [13], return media strategy
W/AudioPolicyManagerBase(  279): stream type [13], return media strategy
W/AudioPolicyManagerBase(  279): stream type [13], return media strategy
W/AudioPolicyManagerBase(  279): stream type [13], return media strategy
V/AudioPolicyManagerBase(  279): getNewDevice() selected device 0
V/AudioPolicyManagerBase(  279): setOutputDevice() output 2 device 0000 force 0 delayMs 192 
V/AudioPolicyManagerBase(  279): setOutputDevice() prevDevice 0002
W/AudioPolicyManagerBase(  279): stream type [13], return media strategy
W/AudioPolicyManagerBase(  279): stream type [13], return media strategy
V/AudioPolicyManagerBase(  279): setOutputDevice() setting same device 0000 or null device for output 2
W/EDMNativeHelper(  266): EDMNativeHelperService is published
D/STATUSBAR-NetworkController( 1190): refreshSignalCluster: data=0 bt=false
D/STATUSBAR-IconMerger( 1190): checkOverflow(504), More:false, Req:false Child:2
D/InputReader(  805): Input event: value=1 when=63316877011000
I/InputReader(  805): Touch event's action is 0x0 (deviceType=0) [pCnt=1, s=0.3167 ] when=63316877377000
I/InputDispatcher(  805): Delivering touch to: action: 0x0
D/InputReader(  805): Input event: value=0 when=63316924893000
I/InputReader(  805): Touch event's action is 0x1 (deviceType=0) [pCnt=1, s=] when=63316924893000
I/InputDispatcher(  805): Delivering touch to: action: 0x1
E/MP-Decision( 1859): num online cores: 1 reqd : 4 available : 4 rq_depth:6.300000 hotplug_avg_load_dw: 50
E/MP-Decision( 1859): UP cpu:1 core_idx:1 Nw:1.900000 Tw:140 rq:6.300000 seq:147.000000
E/MP-Decision( 1859): UP cpu:2 core_idx:2 Nw:2.700000 Tw:90 rq:6.300000 seq:98.000000
E/MP-Decision( 1859): UP cpu:3 core_idx:3 Nw:3.500000 Tw:90 rq:6.300000 seq:98.000000
E/MP-Decision( 1859): num online cores: 4 reqd : 1 available : 4 rq_depth:2.000000 hotplug_avg_load_dw: 3
E/MP-Decision( 1859): DOWN cpu:3 core_idx:3 Ns:3.100000 Ts:240 rq:2.000000 seq:287.000000
E/MP-Decision( 1859): DOWN cpu:2 core_idx:2 Ns:2.100000 Ts:240 rq:2.000000 seq:287.000000
E/MP-Decision( 1859): DOWN cpu:1 core_idx:1 Ns:1.100000 Ts:190 rq:2.000000 seq:0.000000
W/EDMNativeHelper(  266): EDMNativeHelperService is published
D/InputReader(  805): Input event: value=1 when=63318103665000
I/InputReader(  805): Touch event's action is 0x0 (deviceType=0) [pCnt=1, s=0.3168 ] when=63318104001000
I/InputDispatcher(  805): Delivering touch to: action: 0x0
D/InputReader(  805): Input event: value=0 when=63318173092000
I/InputReader(  805): Touch event's action is 0x1 (deviceType=0) [pCnt=1, s=] when=63318173092000
I/InputDispatcher(  805): Delivering touch to: action: 0x1
D/SamsungIME( 3596): onStartInputView
E/MP-Decision( 1859): num online cores: 1 reqd : 2 available : 4 rq_depth:2.300000 hotplug_avg_load_dw: 42
E/MP-Decision( 1859): UP cpu:1 core_idx:1 Nw:1.900000 Tw:140 rq:2.300000 seq:147.000000
I/SamsungIME( 3596): [IMI] startInputView - caller pid : 8618, caller uid : 10342
D/GestureService( 1605): serviceOnOffReceiver: onReceive - ResponseAxT9Info
V/GestureService( 1605): disableService!!!!
W/ApplicationPackageManager(  805): getCSCPackageItemText()
W/ContextImpl( 3596): Calling a method in the system process without a qualified user: android.app.ContextImpl.sendBroadcast:1468 android.content.ContextWrapper.sendBroadcast:377 android.inputmethodservice.InputMethodService.sendInputViewShownState:542 android.inputmethodservice.InputMethodService.showWindow:2193 android.inputmethodservice.InputMethodService$InputMethodImpl.showSoftInput:712 
D/SSRMv2:AirViewOnOff(  805): DeviceInfo:: 00000000000
D/SSRMv2:AirViewOnOff(  805): SettingsAirViewInfo:: 000100000
W/ContextImpl(  805): Calling a method in the system process without a qualified user: android.app.ContextImpl.sendBroadcast:1482 com.android.server.StatusBarManagerService.sendNotification:965 com.android.server.StatusBarManagerService.updateNotification:674 com.android.server.NotificationManagerService$7.run:2134 android.os.Handler.handleCallback:733 
D/STATUSBAR-StatusBarManagerService(  805): sendNotification(2) - 17041217
W/ContextImpl( 3596): Calling a method in the system process without a qualified user: android.app.ContextImpl.sendBroadcast:1468 android.content.ContextWrapper.sendBroadcast:377 android.inputmethodservice.InputMethodService.sendInputViewShownState:542 android.inputmethodservice.InputMethodService.showWindow:2193 android.inputmethodservice.InputMethodService$InputMethodImpl.showSoftInput:712 
E/MP-Decision( 1859): num online cores: 2 reqd : 3 available : 4 rq_depth:3.000000 hotplug_avg_load_dw: 123
E/MP-Decision( 1859): UP cpu:1 core_idx:1 Nw:1.900000 Tw:140 rq:3.000000 seq:0.000000
E/MP-Decision( 1859): UP cpu:2 core_idx:2 Nw:2.700000 Tw:90 rq:3.000000 seq:95.000000
D/GestureService( 1605): serviceOnOffReceiver: onReceive - ResponseAxT9Info
V/GestureService( 1605): disableService!!!!
W/ApplicationPackageManager(  805): getCSCPackageItemText()
D/SSRMv2:AirViewOnOff(  805): DeviceInfo:: 00000000000
D/SSRMv2:AirViewOnOff(  805): SettingsAirViewInfo:: 000100000
D/ContexualWidgetMonitor( 1190): action =com.android.server.NotificationManagerService.NotificationArrived
D/ContexualWidgetMonitor( 1190): pkg =null
D/ContexualWidgetMonitor( 1190): mCheckMissedEvent =false
D/KeyguardViewMediator( 1190): setHidden false
D/KeyguardUpdateMonitor( 1190): sendKeyguardVisibilityChanged(true)
W/ContextImpl(  805): Calling a method in the system process without a qualified user: android.app.ContextImpl.sendBroadcast:1482 com.android.server.StatusBarManagerService.sendNotification:965 com.android.server.StatusBarManagerService.updateNotification:674 com.android.server.NotificationManagerService$7.run:2134 android.os.Handler.handleCallback:733 
D/STATUSBAR-StatusBarManagerService(  805): sendNotification(2) - 17041217
D/SoftKeyboardDetect( 8618): Ignore this event
D/KeyguardUpdateMonitor( 1190): handleKeyguardVisibilityChanged(1)
D/ContexualWidgetMonitor( 1190): action =com.android.server.NotificationManagerService.NotificationArrived
D/ContexualWidgetMonitor( 1190): pkg =null
D/ContexualWidgetMonitor( 1190): mCheckMissedEvent =false
D/dalvikvm( 3596): GC_FOR_ALLOC freed 4410K, 29% free 30571K/42856K, paused 39ms, total 41ms
W/EDMNativeHelper(  266): EDMNativeHelperService is published
E/MP-Decision( 1859): num online cores: 3 reqd : 2 available : 4 rq_depth:0.000000 hotplug_avg_load_dw: 83
E/MP-Decision( 1859): DOWN cpu:2 core_idx:2 Ns:2.100000 Ts:240 rq:0.000000 seq:244.000000
E/MP-Decision( 1859): num online cores: 2 reqd : 1 available : 4 rq_depth:0.000000 hotplug_avg_load_dw: 12
E/MP-Decision( 1859): DOWN cpu:1 core_idx:1 Ns:1.100000 Ts:190 rq:0.000000 seq:141.000000
D/dalvikvm( 8618): GC_CONCURRENT freed 1899K, 35% free 17523K/26600K, paused 10ms+10ms, total 95ms
D/InputReader(  805): Input event: value=1 when=63319126889000
I/InputReader(  805): Touch event's action is 0x0 (deviceType=0) [pCnt=1, s=0.3169 ] when=63319127072000
I/InputDispatcher(  805): Delivering touch to: action: 0x0
V/AudioPolicyManagerBase(  279): getOutput() device 2, stream 1, samplingRate 0, format 0, channelMask 3, flags 0
V/AudioPolicyManagerBase(  279): getOutputsForDevice device 0002 -> 0002
V/AudioPolicyManagerBase(  279): getOutput() returns output 2
V/AudioPolicyManagerBase(  279): getOutput() device 2, stream 1, samplingRate 0, format 0, channelMask 3, flags 0
V/AudioPolicyManagerBase(  279): getOutputsForDevice device 0002 -> 0002
V/AudioPolicyManagerBase(  279): getOutput() returns output 2
V/AudioPolicyManagerBase(  279): getOutput() device 2, stream 1, samplingRate 44100, format 1, channelMask 3, flags 4
V/AudioPolicyManagerBase(  279): getOutputsForDevice device 0002 -> 0002
V/AudioPolicyManagerBase(  279): getOutput() returns output 2
V/AudioPolicyManagerBase(  279): startOutput() output 2, stream 1, session 666
V/AudioPolicyManagerBase(  279): changeRefCount() stream 1, count 1
W/AudioPolicyManagerBase(  279): stream type [13], return media strategy
W/AudioPolicyManagerBase(  279): stream type [13], return media strategy
W/AudioPolicyManagerBase(  279): stream type [13], return media strategy
W/AudioPolicyManagerBase(  279): stream type [13], return media strategy
V/AudioPolicyManagerBase(  279): getNewDevice() selected device 2
V/AudioPolicyManagerBase(  279): setOutputDevice() output 2 device 0002 force 0 delayMs 0 
V/AudioPolicyManagerBase(  279): setOutputDevice() prevDevice 0002
V/AudioPolicyManagerBase(  279): setOutputDevice() setting same device 0002 or null device for output 2
V/AudioPolicyManagerBase(  279): releaseOutput() 2
E/AudioResampler(  279): Unsupported sample format, 1 bits, 2 channels
I/AudioResampler(  279): AudioResamplerOrder1::resample common!!!!!
I/AudioResampler(  279): new common resampler(44100 -> 48000, 2)
I/AudioResampler(  279): new common resampler(44100 -> 48000, 2, 2)
D/SoundAliveResampler(  279): [SoundAliveResampler] Init+++
V/Vibrator( 3596): vibrateImmVibe - PUID: 1000, PackageName: com.sec.android.inputmethod, pattern, magType: TouchMagnitude
V/VibratorService(  805): vibrateImmVibePatternMagnitudeType - magnitudeType: TouchMagnitude
D/VibratorService(  805): ImmVibe vibratorOff()
V/VibratorService(  805): vibrateImmVibePattern - package: com.sec.android.inputmethod, magnitude: 2000
D/InputReader(  805): Input event: value=0 when=63319196804000
I/InputReader(  805): Touch event's action is 0x1 (deviceType=0) [pCnt=1, s=] when=63319196804000
I/InputDispatcher(  805): Delivering touch to: action: 0x1
D/InputReader(  805): Input event: value=1 when=63319499691000
I/InputReader(  805): Touch event's action is 0x0 (deviceType=0) [pCnt=1, s=0.3170 ] when=63319500271000
I/InputDispatcher(  805): Delivering touch to: action: 0x0
V/AudioPolicyManagerBase(  279): getOutput() device 2, stream 1, samplingRate 0, format 0, channelMask 3, flags 0
V/AudioPolicyManagerBase(  279): getOutputsForDevice device 0002 -> 0002
V/AudioPolicyManagerBase(  279): getOutput() returns output 2
V/AudioPolicyManagerBase(  279): getOutput() device 2, stream 1, samplingRate 0, format 0, channelMask 3, flags 0
V/AudioPolicyManagerBase(  279): getOutputsForDevice device 0002 -> 0002
V/AudioPolicyManagerBase(  279): getOutput() returns output 2
V/AudioPolicyManagerBase(  279): getOutput() device 2, stream 1, samplingRate 44100, format 1, channelMask 3, flags 4
V/AudioPolicyManagerBase(  279): getOutputsForDevice device 0002 -> 0002
V/AudioPolicyManagerBase(  279): getOutput() returns output 2
V/AudioPolicyManagerBase(  279): startOutput() output 2, stream 1, session 667
V/AudioPolicyManagerBase(  279): changeRefCount() stream 1, count 2
V/AudioPolicyManagerBase(  279): releaseOutput() 2
V/Vibrator( 3596): vibrateImmVibe - PUID: 1000, PackageName: com.sec.android.inputmethod, pattern, magType: TouchMagnitude
E/AudioResampler(  279): Unsupported sample format, 1 bits, 2 channels
I/AudioResampler(  279): AudioResamplerOrder1::resample common!!!!!
I/AudioResampler(  279): new common resampler(44100 -> 48000, 2)
I/AudioResampler(  279): new common resampler(44100 -> 48000, 2, 2)
D/SoundAliveResampler(  279): [SoundAliveResampler] Init+++
V/VibratorService(  805): vibrateImmVibePatternMagnitudeType - magnitudeType: TouchMagnitude
D/VibratorService(  805): ImmVibe vibratorOff()
V/VibratorService(  805): vibrateImmVibePattern - package: com.sec.android.inputmethod, magnitude: 2000
D/InputReader(  805): Input event: value=0 when=63319595730000
I/InputReader(  805): Touch event's action is 0x1 (deviceType=0) [pCnt=1, s=] when=63319595730000
I/InputDispatcher(  805): Delivering touch to: action: 0x1
W/EDMNativeHelper(  266): EDMNativeHelperService is published
D/InputReader(  805): Input event: value=1 when=63319909390000
I/InputReader(  805): Touch event's action is 0x0 (deviceType=0) [pCnt=1, s=0.3171 ] when=63319909909000
I/InputDispatcher(  805): Delivering touch to: action: 0x0
V/AudioPolicyManagerBase(  279): getOutput() device 2, stream 1, samplingRate 0, format 0, channelMask 3, flags 0
V/AudioPolicyManagerBase(  279): getOutputsForDevice device 0002 -> 0002
V/AudioPolicyManagerBase(  279): getOutput() returns output 2
V/AudioPolicyManagerBase(  279): getOutput() device 2, stream 1, samplingRate 0, format 0, channelMask 3, flags 0
V/AudioPolicyManagerBase(  279): getOutputsForDevice device 0002 -> 0002
V/AudioPolicyManagerBase(  279): getOutput() returns output 2
V/AudioPolicyManagerBase(  279): getOutput() device 2, stream 1, samplingRate 44100, format 1, channelMask 3, flags 4
V/AudioPolicyManagerBase(  279): getOutputsForDevice device 0002 -> 0002
V/AudioPolicyManagerBase(  279): getOutput() returns output 2
V/AudioPolicyManagerBase(  279): startOutput() output 2, stream 1, session 668
V/AudioPolicyManagerBase(  279): changeRefCount() stream 1, count 3
E/AudioResampler(  279): Unsupported sample format, 1 bits, 2 channels
I/AudioResampler(  279): AudioResamplerOrder1::resample common!!!!!
I/AudioResampler(  279): new common resampler(44100 -> 48000, 2)
I/AudioResampler(  279): new common resampler(44100 -> 48000, 2, 2)
D/SoundAliveResampler(  279): [SoundAliveResampler] Init+++
V/AudioPolicyManagerBase(  279): releaseOutput() 2
V/Vibrator( 3596): vibrateImmVibe - PUID: 1000, PackageName: com.sec.android.inputmethod, pattern, magType: TouchMagnitude
V/VibratorService(  805): vibrateImmVibePatternMagnitudeType - magnitudeType: TouchMagnitude
D/VibratorService(  805): ImmVibe vibratorOff()
V/VibratorService(  805): vibrateImmVibePattern - package: com.sec.android.inputmethod, magnitude: 2000
D/InputReader(  805): Input event: value=0 when=63319973324000
I/InputReader(  805): Touch event's action is 0x1 (deviceType=0) [pCnt=1, s=] when=63319973324000
I/InputDispatcher(  805): Delivering touch to: action: 0x1
V/AudioPolicyManagerBase(  279): stopOutput() output 2, stream 1, session 666
V/AudioPolicyManagerBase(  279): changeRefCount() stream 1, count 2
D/InputReader(  805): Input event: value=1 when=63320469906000
I/InputReader(  805): Touch event's action is 0x0 (deviceType=0) [pCnt=1, s=0.3172 ] when=63320470364000
I/InputDispatcher(  805): Delivering touch to: action: 0x0
V/AudioPolicyManagerBase(  279): getOutput() device 2, stream 1, samplingRate 0, format 0, channelMask 3, flags 0
V/AudioPolicyManagerBase(  279): getOutputsForDevice device 0002 -> 0002
V/AudioPolicyManagerBase(  279): getOutput() returns output 2
V/AudioPolicyManagerBase(  279): getOutput() device 2, stream 1, samplingRate 0, format 0, channelMask 3, flags 0
V/AudioPolicyManagerBase(  279): getOutputsForDevice device 0002 -> 0002
V/AudioPolicyManagerBase(  279): getOutput() returns output 2
V/AudioPolicyManagerBase(  279): getOutput() device 2, stream 1, samplingRate 44100, format 1, channelMask 3, flags 4
V/AudioPolicyManagerBase(  279): getOutputsForDevice device 0002 -> 0002
V/AudioPolicyManagerBase(  279): getOutput() returns output 2
V/AudioPolicyManagerBase(  279): startOutput() output 2, stream 1, session 669
V/AudioPolicyManagerBase(  279): changeRefCount() stream 1, count 3
V/AudioPolicyManagerBase(  279): releaseOutput() 2
E/AudioResampler(  279): Unsupported sample format, 1 bits, 2 channels
I/AudioResampler(  279): AudioResamplerOrder1::resample common!!!!!
I/AudioResampler(  279): new common resampler(44100 -> 48000, 2)
I/AudioResampler(  279): new common resampler(44100 -> 48000, 2, 2)
D/SoundAliveResampler(  279): [SoundAliveResampler] Init+++
V/Vibrator( 3596): vibrateImmVibe - PUID: 1000, PackageName: com.sec.android.inputmethod, pattern, magType: TouchMagnitude
V/VibratorService(  805): vibrateImmVibePatternMagnitudeType - magnitudeType: TouchMagnitude
D/VibratorService(  805): ImmVibe vibratorOff()
V/VibratorService(  805): vibrateImmVibePattern - package: com.sec.android.inputmethod, magnitude: 2000
D/InputReader(  805): Input event: value=0 when=63320555478000
I/InputReader(  805): Touch event's action is 0x1 (deviceType=0) [pCnt=1, s=] when=63320555478000
I/InputDispatcher(  805): Delivering touch to: action: 0x1
W/EDMNativeHelper(  266): EDMNativeHelperService is published
W/qdhwcomposer(  276): Excessive delay reading vsync: took 9666 ms
V/AudioPolicyManagerBase(  279): stopOutput() output 2, stream 1, session 667
V/AudioPolicyManagerBase(  279): changeRefCount() stream 1, count 2
D/STATUSBAR-NetworkController( 1190): refreshSignalCluster: data=0 bt=false
D/STATUSBAR-IconMerger( 1190): checkOverflow(504), More:false, Req:false Child:2
D/InputReader(  805): Input event: value=1 when=63321051449000
I/InputReader(  805): Touch event's action is 0x0 (deviceType=0) [pCnt=1, s=0.3173 ] when=63321051785000
I/InputDispatcher(  805): Delivering touch to: action: 0x0
V/AudioPolicyManagerBase(  279): stopOutput() output 2, stream 1, session 668
V/AudioPolicyManagerBase(  279): changeRefCount() stream 1, count 1
V/AudioPolicyManagerBase(  279): getOutput() device 2, stream 1, samplingRate 0, format 0, channelMask 3, flags 0
V/AudioPolicyManagerBase(  279): getOutputsForDevice device 0002 -> 0002
V/AudioPolicyManagerBase(  279): getOutput() returns output 2
V/AudioPolicyManagerBase(  279): getOutput() device 2, stream 1, samplingRate 0, format 0, channelMask 3, flags 0
V/AudioPolicyManagerBase(  279): getOutputsForDevice device 0002 -> 0002
V/AudioPolicyManagerBase(  279): getOutput() returns output 2
V/AudioPolicyManagerBase(  279): getOutput() device 2, stream 1, samplingRate 44100, format 1, channelMask 3, flags 4
V/AudioPolicyManagerBase(  279): getOutputsForDevice device 0002 -> 0002
V/AudioPolicyManagerBase(  279): getOutput() returns output 2
V/AudioPolicyManagerBase(  279): startOutput() output 2, stream 1, session 670
V/AudioPolicyManagerBase(  279): changeRefCount() stream 1, count 2
V/AudioPolicyManagerBase(  279): releaseOutput() 2
V/Vibrator( 3596): vibrateImmVibe - PUID: 1000, PackageName: com.sec.android.inputmethod, pattern, magType: TouchMagnitude
V/VibratorService(  805): vibrateImmVibePatternMagnitudeType - magnitudeType: TouchMagnitude
D/VibratorService(  805): ImmVibe vibratorOff()
V/VibratorService(  805): vibrateImmVibePattern - package: com.sec.android.inputmethod, magnitude: 2000
E/AudioResampler(  279): Unsupported sample format, 1 bits, 2 channels
I/AudioResampler(  279): AudioResamplerOrder1::resample common!!!!!
I/AudioResampler(  279): new common resampler(44100 -> 48000, 2)
I/AudioResampler(  279): new common resampler(44100 -> 48000, 2, 2)
D/SoundAliveResampler(  279): [SoundAliveResampler] Init+++
D/InputReader(  805): Input event: value=0 when=63321158383000
I/InputReader(  805): Touch event's action is 0x1 (deviceType=0) [pCnt=1, s=] when=63321158413000
I/InputDispatcher(  805): Delivering touch to: action: 0x1
D/InputReader(  805): Input event: value=1 when=63321515194000
I/InputReader(  805): Touch event's action is 0x0 (deviceType=0) [pCnt=1, s=0.3174 ] when=63321515744000
I/InputDispatcher(  805): Delivering touch to: action: 0x0
V/AudioPolicyManagerBase(  279): getOutput() device 2, stream 1, samplingRate 0, format 0, channelMask 3, flags 0
V/AudioPolicyManagerBase(  279): getOutputsForDevice device 0002 -> 0002
V/AudioPolicyManagerBase(  279): getOutput() returns output 2
V/AudioPolicyManagerBase(  279): getOutput() device 2, stream 1, samplingRate 0, format 0, channelMask 3, flags 0
V/AudioPolicyManagerBase(  279): getOutputsForDevice device 0002 -> 0002
V/AudioPolicyManagerBase(  279): getOutput() returns output 2
V/AudioPolicyManagerBase(  279): getOutput() device 2, stream 1, samplingRate 44100, format 1, channelMask 3, flags 4
V/AudioPolicyManagerBase(  279): getOutputsForDevice device 0002 -> 0002
V/AudioPolicyManagerBase(  279): getOutput() returns output 2
V/AudioPolicyManagerBase(  279): startOutput() output 2, stream 1, session 671
V/AudioPolicyManagerBase(  279): changeRefCount() stream 1, count 3
V/Vibrator( 3596): vibrateImmVibe - PUID: 1000, PackageName: com.sec.android.inputmethod, pattern, magType: TouchMagnitude
E/AudioResampler(  279): Unsupported sample format, 1 bits, 2 channels
I/AudioResampler(  279): AudioResamplerOrder1::resample common!!!!!
I/AudioResampler(  279): new common resampler(44100 -> 48000, 2)
I/AudioResampler(  279): new common resampler(44100 -> 48000, 2, 2)
D/SoundAliveResampler(  279): [SoundAliveResampler] Init+++
V/VibratorService(  805): vibrateImmVibePatternMagnitudeType - magnitudeType: TouchMagnitude
D/VibratorService(  805): ImmVibe vibratorOff()
V/VibratorService(  805): vibrateImmVibePattern - package: com.sec.android.inputmethod, magnitude: 2000
D/InputReader(  805): Input event: value=0 when=63321590084000
I/InputReader(  805): Touch event's action is 0x1 (deviceType=0) [pCnt=1, s=] when=63321590084000
I/InputDispatcher(  805): Delivering touch to: action: 0x1
W/EDMNativeHelper(  266): EDMNativeHelperService is published
V/AudioPolicyManagerBase(  279): stopOutput() output 2, stream 1, session 669
V/AudioPolicyManagerBase(  279): changeRefCount() stream 1, count 2
V/AudioPolicyManagerBase(  279): releaseOutput() 2
E/MP-Decision( 1859): num online cores: 1 reqd : 2 available : 4 rq_depth:2.300000 hotplug_avg_load_dw: 29
E/MP-Decision( 1859): UP cpu:1 core_idx:1 Nw:1.900000 Tw:140 rq:2.300000 seq:145.000000
E/MP-Decision( 1859): num online cores: 2 reqd : 1 available : 4 rq_depth:0.000000 hotplug_avg_load_dw: 14
E/MP-Decision( 1859): DOWN cpu:1 core_idx:1 Ns:1.100000 Ts:190 rq:0.000000 seq:144.000000
D/InputReader(  805): Input event: value=1 when=63321892910000
I/InputReader(  805): Touch event's action is 0x0 (deviceType=0) [pCnt=1, s=0.3175 ] when=63321893429000
I/InputDispatcher(  805): Delivering touch to: action: 0x0
V/AudioPolicyManagerBase(  279): getOutput() device 2, stream 1, samplingRate 0, format 0, channelMask 3, flags 0
V/AudioPolicyManagerBase(  279): getOutputsForDevice device 0002 -> 0002
V/AudioPolicyManagerBase(  279): getOutput() returns output 2
V/AudioPolicyManagerBase(  279): getOutput() device 2, stream 1, samplingRate 0, format 0, channelMask 3, flags 0
V/AudioPolicyManagerBase(  279): getOutputsForDevice device 0002 -> 0002
V/AudioPolicyManagerBase(  279): getOutput() returns output 2
V/AudioPolicyManagerBase(  279): getOutput() device 2, stream 1, samplingRate 44100, format 1, channelMask 3, flags 4
V/AudioPolicyManagerBase(  279): getOutputsForDevice device 0002 -> 0002
V/AudioPolicyManagerBase(  279): getOutput() returns output 2
V/AudioPolicyManagerBase(  279): startOutput() output 2, stream 1, session 672
V/AudioPolicyManagerBase(  279): changeRefCount() stream 1, count 3
V/AudioPolicyManagerBase(  279): releaseOutput() 2
V/Vibrator( 3596): vibrateImmVibe - PUID: 1000, PackageName: com.sec.android.inputmethod, pattern, magType: TouchMagnitude
E/AudioResampler(  279): Unsupported sample format, 1 bits, 2 channels
I/AudioResampler(  279): AudioResamplerOrder1::resample common!!!!!
I/AudioResampler(  279): new common resampler(44100 -> 48000, 2)
I/AudioResampler(  279): new common resampler(44100 -> 48000, 2, 2)
D/SoundAliveResampler(  279): [SoundAliveResampler] Init+++
V/VibratorService(  805): vibrateImmVibePatternMagnitudeType - magnitudeType: TouchMagnitude
D/VibratorService(  805): ImmVibe vibratorOff()
V/VibratorService(  805): vibrateImmVibePattern - package: com.sec.android.inputmethod, magnitude: 2000
D/InputReader(  805): Input event: value=0 when=63321946133000
I/InputReader(  805): Touch event's action is 0x1 (deviceType=0) [pCnt=1, s=] when=63321946133000
I/InputDispatcher(  805): Delivering touch to: action: 0x1
V/AudioPolicyManagerBase(  279): stopOutput() output 2, stream 1, session 670
V/AudioPolicyManagerBase(  279): changeRefCount() stream 1, count 2
D/InputReader(  805): Input event: value=1 when=63322269955000
I/InputReader(  805): Touch event's action is 0x0 (deviceType=0) [pCnt=1, s=0.3176 ] when=63322270596000
I/InputDispatcher(  805): Delivering touch to: action: 0x0
D/PowerManagerService(  805): [api] userActivityFromNative : 60 (event: 2 flags: 0)
V/AudioPolicyManagerBase(  279): getOutput() device 2, stream 1, samplingRate 0, format 0, channelMask 3, flags 0
V/AudioPolicyManagerBase(  279): getOutputsForDevice device 0002 -> 0002
V/AudioPolicyManagerBase(  279): getOutput() returns output 2
V/AudioPolicyManagerBase(  279): getOutput() device 2, stream 1, samplingRate 0, format 0, channelMask 3, flags 0
V/AudioPolicyManagerBase(  279): getOutputsForDevice device 0002 -> 0002
V/AudioPolicyManagerBase(  279): getOutput() returns output 2
V/AudioPolicyManagerBase(  279): getOutput() device 2, stream 1, samplingRate 44100, format 1, channelMask 3, flags 4
V/AudioPolicyManagerBase(  279): getOutputsForDevice device 0002 -> 0002
V/AudioPolicyManagerBase(  279): getOutput() returns output 2
V/AudioPolicyManagerBase(  279): startOutput() output 2, stream 1, session 673
V/AudioPolicyManagerBase(  279): changeRefCount() stream 1, count 3
V/AudioPolicyManagerBase(  279): releaseOutput() 2
V/Vibrator( 3596): vibrateImmVibe - PUID: 1000, PackageName: com.sec.android.inputmethod, pattern, magType: TouchMagnitude
E/AudioResampler(  279): Unsupported sample format, 1 bits, 2 channels
I/AudioResampler(  279): AudioResamplerOrder1::resample common!!!!!
I/AudioResampler(  279): new common resampler(44100 -> 48000, 2)
I/AudioResampler(  279): new common resampler(44100 -> 48000, 2, 2)
D/SoundAliveResampler(  279): [SoundAliveResampler] Init+++
V/VibratorService(  805): vibrateImmVibePatternMagnitudeType - magnitudeType: TouchMagnitude
D/VibratorService(  805): ImmVibe vibratorOff()
V/VibratorService(  805): vibrateImmVibePattern - package: com.sec.android.inputmethod, magnitude: 2000
D/InputReader(  805): Input event: value=0 when=63322355832000
I/InputReader(  805): Touch event's action is 0x1 (deviceType=0) [pCnt=1, s=] when=63322355832000
I/InputDispatcher(  805): Delivering touch to: action: 0x1
W/EDMNativeHelper(  266): EDMNativeHelperService is published
V/AudioPolicyManagerBase(  279): stopOutput() output 2, stream 1, session 671
V/AudioPolicyManagerBase(  279): changeRefCount() stream 1, count 2
V/AudioPolicyManagerBase(  279): stopOutput() output 2, stream 1, session 672
V/AudioPolicyManagerBase(  279): changeRefCount() stream 1, count 1
D/InputReader(  805): Input event: value=1 when=63323360653000
I/InputReader(  805): Touch event's action is 0x0 (deviceType=0) [pCnt=1, s=0.3177 ] when=63323361020000
I/InputDispatcher(  805): Delivering touch to: action: 0x0
V/AudioPolicyManagerBase(  279): getOutput() device 2, stream 1, samplingRate 0, format 0, channelMask 3, flags 0
V/AudioPolicyManagerBase(  279): getOutputsForDevice device 0002 -> 0002
V/AudioPolicyManagerBase(  279): getOutput() returns output 2
V/AudioPolicyManagerBase(  279): getOutput() device 2, stream 1, samplingRate 0, format 0, channelMask 3, flags 0
V/AudioPolicyManagerBase(  279): getOutputsForDevice device 0002 -> 0002
V/AudioPolicyManagerBase(  279): getOutput() returns output 2
V/AudioPolicyManagerBase(  279): getOutput() device 2, stream 1, samplingRate 44100, format 1, channelMask 3, flags 4
V/AudioPolicyManagerBase(  279): getOutputsForDevice device 0002 -> 0002
V/AudioPolicyManagerBase(  279): getOutput() returns output 2
V/AudioPolicyManagerBase(  279): startOutput() output 2, stream 1, session 674
V/AudioPolicyManagerBase(  279): changeRefCount() stream 1, count 2
V/Vibrator( 3596): vibrateImmVibe - PUID: 1000, PackageName: com.sec.android.inputmethod, pattern, magType: TouchMagnitude
E/AudioResampler(  279): Unsupported sample format, 1 bits, 2 channels
I/AudioResampler(  279): AudioResamplerOrder1::resample common!!!!!
V/VibratorService(  805): vibrateImmVibePatternMagnitudeType - magnitudeType: TouchMagnitude
D/VibratorService(  805): ImmVibe vibratorOff()
V/VibratorService(  805): vibrateImmVibePattern - package: com.sec.android.inputmethod, magnitude: 2000
I/AudioResampler(  279): new common resampler(44100 -> 48000, 2)
I/AudioResampler(  279): new common resampler(44100 -> 48000, 2, 2)
D/SoundAliveResampler(  279): [SoundAliveResampler] Init+++
V/AudioPolicyManagerBase(  279): stopOutput() output 2, stream 1, session 673
V/AudioPolicyManagerBase(  279): changeRefCount() stream 1, count 1
V/AudioPolicyManagerBase(  279): releaseOutput() 2
D/InputReader(  805): Input event: value=0 when=63323429928000
I/InputReader(  805): Touch event's action is 0x1 (deviceType=0) [pCnt=1, s=] when=63323429928000
I/InputDispatcher(  805): Delivering touch to: action: 0x1
E/MP-Decision( 1859): num online cores: 1 reqd : 4 available : 4 rq_depth:4.100000 hotplug_avg_load_dw: 27
E/MP-Decision( 1859): UP cpu:1 core_idx:1 Nw:1.900000 Tw:140 rq:4.100000 seq:98.000000
E/MP-Decision( 1859): UP cpu:2 core_idx:2 Nw:2.700000 Tw:90 rq:4.100000 seq:98.000000
E/MP-Decision( 1859): UP cpu:3 core_idx:3 Nw:3.500000 Tw:90 rq:4.100000 seq:98.000000
W/EDMNativeHelper(  266): EDMNativeHelperService is published
E/MP-Decision( 1859): num online cores: 4 reqd : 1 available : 4 rq_depth:0.000000 hotplug_avg_load_dw: 3
E/MP-Decision( 1859): DOWN cpu:3 core_idx:3 Ns:3.100000 Ts:240 rq:0.000000 seq:286.000000
E/MP-Decision( 1859): DOWN cpu:2 core_idx:2 Ns:2.100000 Ts:240 rq:0.000000 seq:286.000000
E/MP-Decision( 1859): DOWN cpu:1 core_idx:1 Ns:1.100000 Ts:190 rq:0.000000 seq:147.000000
D/InputReader(  805): Input event: value=1 when=63324037381000
I/InputReader(  805): Touch event's action is 0x0 (deviceType=0) [pCnt=1, s=0.3178 ] when=63324037533000
I/InputDispatcher(  805): Delivering touch to: action: 0x0
V/AudioPolicyManagerBase(  279): getOutput() device 2, stream 1, samplingRate 0, format 0, channelMask 3, flags 0
V/AudioPolicyManagerBase(  279): getOutputsForDevice device 0002 -> 0002
V/AudioPolicyManagerBase(  279): getOutput() returns output 2
V/AudioPolicyManagerBase(  279): getOutput() device 2, stream 1, samplingRate 0, format 0, channelMask 3, flags 0
V/AudioPolicyManagerBase(  279): getOutputsForDevice device 0002 -> 0002
V/AudioPolicyManagerBase(  279): getOutput() returns output 2
V/AudioPolicyManagerBase(  279): getOutput() device 2, stream 1, samplingRate 44100, format 1, channelMask 3, flags 4
V/AudioPolicyManagerBase(  279): getOutputsForDevice device 0002 -> 0002
V/AudioPolicyManagerBase(  279): getOutput() returns output 2
V/AudioPolicyManagerBase(  279): startOutput() output 2, stream 1, session 675
V/AudioPolicyManagerBase(  279): changeRefCount() stream 1, count 2
V/AudioPolicyManagerBase(  279): releaseOutput() 2
E/AudioResampler(  279): Unsupported sample format, 1 bits, 2 channels
I/AudioResampler(  279): AudioResamplerOrder1::resample common!!!!!
I/AudioResampler(  279): new common resampler(44100 -> 48000, 2)
I/AudioResampler(  279): new common resampler(44100 -> 48000, 2, 2)
D/SoundAliveResampler(  279): [SoundAliveResampler] Init+++
V/Vibrator( 3596): vibrateImmVibe - PUID: 1000, PackageName: com.sec.android.inputmethod, pattern, magType: TouchMagnitude
V/VibratorService(  805): vibrateImmVibePatternMagnitudeType - magnitudeType: TouchMagnitude
D/VibratorService(  805): ImmVibe vibratorOff()
V/VibratorService(  805): vibrateImmVibePattern - package: com.sec.android.inputmethod, magnitude: 2000
W/qdhwcomposer(  276): Excessive delay reading vsync: took 3012 ms
D/InputReader(  805): Input event: value=0 when=63324117917000
I/InputReader(  805): Touch event's action is 0x1 (deviceType=0) [pCnt=1, s=] when=63324117917000
I/InputDispatcher(  805): Delivering touch to: action: 0x1
D/InputReader(  805): Input event: value=1 when=63324381100000
I/InputReader(  805): Touch event's action is 0x0 (deviceType=0) [pCnt=1, s=0.3179 ] when=63324381436000
I/InputDispatcher(  805): Delivering touch to: action: 0x0
V/AudioPolicyManagerBase(  279): getOutput() device 2, stream 1, samplingRate 0, format 0, channelMask 3, flags 0
V/AudioPolicyManagerBase(  279): getOutputsForDevice device 0002 -> 0002
V/AudioPolicyManagerBase(  279): getOutput() returns output 2
V/AudioPolicyManagerBase(  279): getOutput() device 2, stream 1, samplingRate 0, format 0, channelMask 3, flags 0
V/AudioPolicyManagerBase(  279): getOutputsForDevice device 0002 -> 0002
V/AudioPolicyManagerBase(  279): getOutput() returns output 2
V/AudioPolicyManagerBase(  279): getOutput() device 2, stream 1, samplingRate 44100, format 1, channelMask 3, flags 4
V/AudioPolicyManagerBase(  279): getOutputsForDevice device 0002 -> 0002
V/AudioPolicyManagerBase(  279): getOutput() returns output 2
V/AudioPolicyManagerBase(  279): startOutput() output 2, stream 1, session 676
V/AudioPolicyManagerBase(  279): changeRefCount() stream 1, count 3
V/AudioPolicyManagerBase(  279): releaseOutput() 2
V/Vibrator( 3596): vibrateImmVibe - PUID: 1000, PackageName: com.sec.android.inputmethod, pattern, magType: TouchMagnitude
V/VibratorService(  805): vibrateImmVibePatternMagnitudeType - magnitudeType: TouchMagnitude
D/VibratorService(  805): ImmVibe vibratorOff()
V/VibratorService(  805): vibrateImmVibePattern - package: com.sec.android.inputmethod, magnitude: 2000
E/AudioResampler(  279): Unsupported sample format, 1 bits, 2 channels
I/AudioResampler(  279): AudioResamplerOrder1::resample common!!!!!
I/AudioResampler(  279): new common resampler(44100 -> 48000, 2)
I/AudioResampler(  279): new common resampler(44100 -> 48000, 2, 2)
D/SoundAliveResampler(  279): [SoundAliveResampler] Init+++
D/InputReader(  805): Input event: value=0 when=63324462094000
I/InputReader(  805): Touch event's action is 0x1 (deviceType=0) [pCnt=1, s=] when=63324462094000
I/InputDispatcher(  805): Delivering touch to: action: 0x1
V/AudioPolicyManagerBase(  279): stopOutput() output 2, stream 1, session 674
V/AudioPolicyManagerBase(  279): changeRefCount() stream 1, count 2
W/EDMNativeHelper(  266): EDMNativeHelperService is published
D/SSRMv2:Monitor(  805): SIOP:: AP = 380, Prev AP = 380, Duration = 10031, PST = 368
D/InputReader(  805): Input event: value=1 when=63324915341000
I/InputReader(  805): Touch event's action is 0x0 (deviceType=0) [pCnt=1, s=0.3180 ] when=63324915677000
I/InputDispatcher(  805): Delivering touch to: action: 0x0
D/InputReader(  805): Input event: value=0 when=63324978970000
I/InputReader(  805): Touch event's action is 0x1 (deviceType=0) [pCnt=1, s=] when=63324978970000
I/InputDispatcher(  805): Delivering touch to: action: 0x1
D/CordovaLog( 8618): http://meteor.local/13adf1330be3511983a868a9749c87b3565645a8.js: Line 497 : ------ email: ilya.rubinshteyn+008@playnext.com
I/chromium( 8618): [INFO:CONSOLE(497)] "------ email: ilya.rubinshteyn+008@playnext.com", source: http://meteor.local/13adf1330be3511983a868a9749c87b3565645a8.js (497)
D/CordovaLog( 8618): http://meteor.local/13adf1330be3511983a868a9749c87b3565645a8.js: Line 497 : ------ password: aeria1234
I/chromium( 8618): [INFO:CONSOLE(497)] "------ password: aeria1234", source: http://meteor.local/13adf1330be3511983a868a9749c87b3565645a8.js (497)
D/CordovaLog( 8618): http://meteor.local/13adf1330be3511983a868a9749c87b3565645a8.js: Line 515 : ---------- push last_url: http://meteor.local/signin url: http://meteor.local/signin
I/chromium( 8618): [INFO:CONSOLE(515)] "---------- push last_url: http://meteor.local/signin url: http://meteor.local/signin", source: http://meteor.local/13adf1330be3511983a868a9749c87b3565645a8.js (515)
V/AudioPolicyManagerBase(  279): stopOutput() output 2, stream 1, session 675
V/AudioPolicyManagerBase(  279): changeRefCount() stream 1, count 1
D/KeyguardViewMediator( 1190): setHidden false
D/KeyguardUpdateMonitor( 1190): sendKeyguardVisibilityChanged(true)
W/ContextImpl( 3596): Calling a method in the system process without a qualified user: android.app.ContextImpl.sendBroadcast:1468 android.content.ContextWrapper.sendBroadcast:377 android.inputmethodservice.InputMethodService.sendInputViewShownState:542 android.inputmethodservice.InputMethodService.hideWindow:2413 android.inputmethodservice.InputMethodService.doHideWindow:2391 
W/ContextImpl(  805): Calling a method in the system process without a qualified user: android.app.ContextImpl.sendBroadcast:1482 com.android.server.StatusBarManagerService.sendNotification:965 com.android.server.StatusBarManagerService.removeNotification:690 com.android.server.NotificationManagerService.cancelNotificationLocked:2454 com.android.server.NotificationManagerService.access$5100:156 
D/STATUSBAR-StatusBarManagerService(  805): sendNotification(3) - 17041217
D/NotificationService(  805): cancelNotificationLocked
D/NotificationService(  805):  hasClearableItems
D/NotificationService(  805):  has clearable items no 
D/NotificationService(  805): cancelNotificationLocked: cancel alarm
D/NotificationService(  805): cancelNotificationLocked: cancel alarm
D/GestureService( 1605): serviceOnOffReceiver: onReceive - ResponseAxT9Info
V/GestureService( 1605): enableService!!!!
D/LightsService(  805): [api] [SvcLED] turnOff:: id = 4 (uid: 1000 pid: 805) 
D/LightsService(  805): [SvcLED] setSvcLedStateLocked:: SvcLEDState : 0x0 -> 0x0 | SvcLED(id=4) set Off
D/LightsService(  805): [SvcLED] Lux failed to be updated in 700ms. -> handleForcedSvcLEDTasK
D/LightsService(  805): [SvcLED]  setSvcLedLightLocked :: Current SvcLED(id=3) maintains its priority right
D/STATUSBAR-IconMerger( 1190): checkOverflow(504), More:false, Req:false Child:1
D/KeyguardUpdateMonitor( 1190): handleKeyguardVisibilityChanged(1)
E/GestureService( 1605): updateFlags started
V/GestureService( 1605): ================== GestureService Listener List ==================
D/SSRMv2:AirViewOnOff(  805): DeviceInfo:: 00000000000
D/SSRMv2:AirViewOnOff(  805): SettingsAirViewInfo:: 000100000
D/KeyguardViewMediator( 1190): setHidden false
D/KeyguardUpdateMonitor( 1190): sendKeyguardVisibilityChanged(true)
E/GestureService( 1605): bVertical = false
D/KeyguardUpdateMonitor( 1190): handleKeyguardVisibilityChanged(1)
D/KeyguardViewMediator( 1190): setHidden false
D/KeyguardUpdateMonitor( 1190): sendKeyguardVisibilityChanged(true)
D/KeyguardUpdateMonitor( 1190): handleKeyguardVisibilityChanged(1)
W/ContextImpl(  805): Calling a method in the system process without a qualified user: android.app.ContextImpl.sendBroadcast:1468 com.android.server.InputMethodManagerService$4.run:2802 java.lang.Thread.run:841 <bottom of call stack> <bottom of call stack> 
E/MP-Decision( 1859): num online cores: 1 reqd : 4 available : 4 rq_depth:7.700000 hotplug_avg_load_dw: 70
E/MP-Decision( 1859): UP cpu:1 core_idx:1 Nw:1.900000 Tw:140 rq:7.700000 seq:99.000000
E/MP-Decision( 1859): UP cpu:2 core_idx:2 Nw:2.700000 Tw:90 rq:7.700000 seq:99.000000
D/SoftKeyboardDetect( 8618): Ignore this event
E/MP-Decision( 1859): UP cpu:3 core_idx:3 Nw:3.500000 Tw:90 rq:7.700000 seq:99.000000
E/GestureService( 1605): bHorizontal = false
W/ContextImpl( 1605): Calling a method in the system process without a qualified user: android.app.ContextImpl.sendStickyBroadcast:1626 android.content.ContextWrapper.sendStickyBroadcast:439 com.samsung.android.app.gestureservice.GestureService.updateStatusBar:788 com.samsung.android.app.gestureservice.GestureService.enableService:929 com.samsung.android.app.gestureservice.GestureService.access$1700:40 
D/KeyguardUpdateMonitor( 1190): received broadcast android.intent.action.BATTERY_CHANGED
D/BatteryService(  805): level:94, scale:100, status:2, health:2, present:true, voltage: 4132, temperature: 283, technology: Li-ion, AC powered:false, USB powered:true, Wireless powered:false, icon:17303408, invalid charger:0, online:6, current avg:420, charge type:1
D/BatteryService(  805): Sending ACTION_BATTERY_CHANGED.
D/HeadsetStateMachine( 1625): Disconnected process message: 10
D/KeyguardUpdateMonitor( 1190): handleBatteryUpdate
D/CMASMessage( 1190): [update] mShowingCMASText is false
D/CMASMessage( 1190): CMASIcon was GONE : 
D/CordovaLog( 8618): http://meteor.local/13adf1330be3511983a868a9749c87b3565645a8.js: Line 497 : ------------ normal sign_in with password
I/chromium( 8618): [INFO:CONSOLE(497)] "------------ normal sign_in with password", source: http://meteor.local/13adf1330be3511983a868a9749c87b3565645a8.js (497)
D/STATUSBAR-PhoneStatusBar( 1190):  mBrightnessEnablebySettings = true mBrightnessEnablebyBattery = true mBrightnessEnablebyDisableFlag = true mPmsBrightnessEnablebySettings = true
D/BatteryMeterView( 1190): ACTION_BATTERY_CHANGED : level:94 status:2 health:2
D/STATUSBAR-IconMerger( 1190): checkOverflow(504), More:false, Req:false Child:1
D/CordovaLog( 8618): http://meteor.local/13adf1330be3511983a868a9749c87b3565645a8.js: Line 154 : Logging event: Account | Login | undefined | undefined
I/chromium( 8618): [INFO:CONSOLE(154)] "Logging event: Account | Login | undefined | undefined", source: http://meteor.local/13adf1330be3511983a868a9749c87b3565645a8.js (154)
D/CordovaLog( 8618): http://meteor.local/13adf1330be3511983a868a9749c87b3565645a8.js: Line 154 : Tracking user_id: Bork2nfQoqpDGqdcf
I/chromium( 8618): [INFO:CONSOLE(154)] "Tracking user_id: Bork2nfQoqpDGqdcf", source: http://meteor.local/13adf1330be3511983a868a9749c87b3565645a8.js (154)
W/qdhwcomposer(  276): Excessive delay reading vsync: took 910 ms
V/meteor.cordova.updater( 8618): remapUri http://www.google-analytics.com/collect?v=1&_v=j37&a=166470535&t=event&_s=4&dl=http%3A%2F%2Fmeteor.local%2Fsignin&ul=en-us&de=UTF-8&dt=SportsPlus%20-%20Real%20Cash%20Daily%20Fantasy%20Sports&sd=32-bit&sr=360x640&vp=360x640&je=1&ec=Account&ea=Login&_u=SEAAAAQAI~&jid=&cid=1154900642.1434763241&uid=Bork2nfQoqpDGqdcf&tid=UA-59831507-3&cd1=Bork2nfQoqpDGqdcf&z=385172805
D/meteor.cordova.updater( 8618): Host is not intercepted: www.google-analytics.com
D/CordovaLog( 8618): http://meteor.local/13adf1330be3511983a868a9749c87b3565645a8.js: Line 515 : ---------- push last_url: http://meteor.local/signin url: http://meteor.local/signin
I/chromium( 8618): [INFO:CONSOLE(515)] "---------- push last_url: http://meteor.local/signin url: http://meteor.local/signin", source: http://meteor.local/13adf1330be3511983a868a9749c87b3565645a8.js (515)
D/CordovaLog( 8618): http://meteor.local/13adf1330be3511983a868a9749c87b3565645a8.js: Line 515 : ---------- push last_url: http://meteor.local/signin url: /home
I/chromium( 8618): [INFO:CONSOLE(515)] "---------- push last_url: http://meteor.local/signin url: /home", source: http://meteor.local/13adf1330be3511983a868a9749c87b3565645a8.js (515)
D/CordovaLog( 8618): http://meteor.local/13adf1330be3511983a868a9749c87b3565645a8.js: Line 515 : ---------- push last_url: /home url: /home
I/chromium( 8618): [INFO:CONSOLE(515)] "---------- push last_url: /home url: /home", source: http://meteor.local/13adf1330be3511983a868a9749c87b3565645a8.js (515)
D/KeyguardViewMediator( 1190): setHidden false
D/KeyguardUpdateMonitor( 1190): sendKeyguardVisibilityChanged(true)
I/SurfaceFlinger(  276): id=910 Removed JnputMethod (26/31)
D/KeyguardUpdateMonitor( 1190): handleKeyguardVisibilityChanged(1)
I/SurfaceFlinger(  276): id=910 Removed JnputMethod (-2/31)
V/AudioPolicyManagerBase(  279): stopOutput() output 2, stream 1, session 676
V/AudioPolicyManagerBase(  279): changeRefCount() stream 1, count 0
W/AudioPolicyManagerBase(  279): stream type [13], return media strategy
W/AudioPolicyManagerBase(  279): stream type [13], return media strategy
W/AudioPolicyManagerBase(  279): stream type [13], return media strategy
W/AudioPolicyManagerBase(  279): stream type [13], return media strategy
W/AudioPolicyManagerBase(  279): stream type [13], return media strategy
W/AudioPolicyManagerBase(  279): stream type [13], return media strategy
V/AudioPolicyManagerBase(  279): getNewDevice() selected device 0
V/AudioPolicyManagerBase(  279): setOutputDevice() output 2 device 0000 force 0 delayMs 192 
V/AudioPolicyManagerBase(  279): setOutputDevice() prevDevice 0002
W/AudioPolicyManagerBase(  279): stream type [13], return media strategy
W/AudioPolicyManagerBase(  279): stream type [13], return media strategy
V/AudioPolicyManagerBase(  279): setOutputDevice() setting same device 0000 or null device for output 2
E/MP-Decision( 1859): num online cores: 4 reqd : 3 available : 4 rq_depth:1.000000 hotplug_avg_load_dw: 76
E/MP-Decision( 1859): DOWN cpu:3 core_idx:3 Ns:3.100000 Ts:240 rq:1.000000 seq:245.000000
V/meteor.cordova.updater( 8618): remapUri https://sportsplusdev.s3.amazonaws.com/assets/images/baseball.png
D/meteor.cordova.updater( 8618): Host is not intercepted: sportsplusdev.s3.amazonaws.com
V/meteor.cordova.updater( 8618): remapUri https://sportsplusdev.s3.amazonaws.com/assets/images/soccer.png
D/meteor.cordova.updater( 8618): Host is not intercepted: sportsplusdev.s3.amazonaws.com
V/meteor.cordova.updater( 8618): remapUri https://sportsplusdev.s3.amazonaws.com/assets/images/eSports.png
D/meteor.cordova.updater( 8618): Host is not intercepted: sportsplusdev.s3.amazonaws.com
V/meteor.cordova.updater( 8618): remapUri https://sportsplusdev.s3.amazonaws.com/assets/images/icon-question.png
D/meteor.cordova.updater( 8618): Host is not intercepted: sportsplusdev.s3.amazonaws.com
V/meteor.cordova.updater( 8618): remapUri https://sportsplusdev.s3.amazonaws.com/assets/images/icon-recruit.png
D/meteor.cordova.updater( 8618): Host is not intercepted: sportsplusdev.s3.amazonaws.com
W/EDMNativeHelper(  266): EDMNativeHelperService is published
V/meteor.cordova.updater( 8618): remapUri https://sportsplusdev.s3.amazonaws.com/assets/images/logo.png
D/meteor.cordova.updater( 8618): Host is not intercepted: sportsplusdev.s3.amazonaws.com
D/STATUSBAR-NetworkController( 1190): refreshSignalCluster: data=0 bt=false
D/STATUSBAR-IconMerger( 1190): checkOverflow(504), More:false, Req:false Child:1
V/PushPlugin( 8618): execute: action=register
V/PushPlugin( 8618): execute: data=[{"senderID":"208059016010","ecb":"onNotificationGCM"}]
V/PushPlugin( 8618): execute: jo={"senderID":"208059016010","ecb":"onNotificationGCM"}
V/PushPlugin( 8618): execute: ECB=onNotificationGCM senderID=208059016010
D/GCMRegistrar( 8618): resetting backoff for com.sportsplusinc.ios.sportsplus
E/MP-Decision( 1859): num online cores: 3 reqd : 2 available : 4 rq_depth:1.200000 hotplug_avg_load_dw: 81
E/MP-Decision( 1859): DOWN cpu:2 core_idx:2 Ns:2.100000 Ts:240 rq:1.200000 seq:245.000000
V/GCMRegistrar( 8618): Registering app com.sportsplusinc.ios.sportsplus of senders 208059016010
E/MP-Decision( 1859): num online cores: 2 reqd : 3 available : 4 rq_depth:3.100000 hotplug_avg_load_dw: 110
E/MP-Decision( 1859): UP cpu:1 core_idx:1 Nw:1.900000 Tw:140 rq:3.100000 seq:0.000000
E/MP-Decision( 1859): UP cpu:2 core_idx:2 Nw:2.700000 Tw:90 rq:3.100000 seq:98.000000
D/dalvikvm(  805): GC_EXPLICIT freed 2399K, 20% free 81129K/100860K, paused 9ms+23ms, total 308ms
W/PluginManager( 8618): THREAD WARNING: exec() call to PushPlugin.register blocked the main thread for 337ms. Plugin should use CordovaInterface.getThreadPool().
V/meteor.cordova.updater( 8618): remapUri http://meteor.local/favicon.ico
D/meteor.cordova.updater( 8618): Unable to find http://meteor.local/favicon.ico, will try http://meteor.local/index.html
D/meteor.cordova.updater( 8618): Remapping to file:///data/data/com.sportsplusinc.ios.sportsplus/files/meteor/05197ad601223fabb72c17c5f7cbcfe18fd06a7b/index.html
D/CordovaLog( 8618): http://meteor.local/13adf1330be3511983a868a9749c87b3565645a8.js: Line 154 : Logging usertime: category- data_subscribe, name - home, time - 780, label - recruits
I/chromium( 8618): [INFO:CONSOLE(154)] "Logging usertime: category- data_subscribe, name - home, time - 780, label - recruits", source: http://meteor.local/13adf1330be3511983a868a9749c87b3565645a8.js (154)
D/CordovaLog( 8618): http://meteor.local/13adf1330be3511983a868a9749c87b3565645a8.js: Line 154 : Tracking user_id: Bork2nfQoqpDGqdcf
I/chromium( 8618): [INFO:CONSOLE(154)] "Tracking user_id: Bork2nfQoqpDGqdcf", source: http://meteor.local/13adf1330be3511983a868a9749c87b3565645a8.js (154)
V/meteor.cordova.updater( 8618): remapUri http://www.google-analytics.com/collect?v=1&_v=j37&a=166470535&t=timing&_s=5&dl=http%3A%2F%2Fmeteor.local%2Fsignin&ul=en-us&de=UTF-8&dt=SportsPlus%20-%20Real%20Cash%20Daily%20Fantasy%20Sports&sd=32-bit&sr=360x640&vp=360x640&je=1&utc=data_subscribe&utv=home&utl=recruits&utt=780&_u=SEAAAAQAI~&jid=&cid=1154900642.1434763241&uid=Bork2nfQoqpDGqdcf&tid=UA-59831507-3&cd1=Bork2nfQoqpDGqdcf&z=1333340829
D/meteor.cordova.updater( 8618): Host is not intercepted: www.google-analytics.com
