V/meteor.cordova.updater( 8618): remapUri http://meteor.local/plugins/org.apache.cordova.file/www/ProgressEvent.js
V/meteor.cordova.updater( 8618): Detected cordova URI: http://meteor.local/plugins/org.apache.cordova.file/www/ProgressEvent.js
D/meteor.cordova.updater( 8618): Remapping to file:///android_asset/www/plugins/org.apache.cordova.file/www/ProgressEvent.js
V/meteor.cordova.updater( 8618): remapUri http://meteor.local/plugins/org.apache.cordova.file/www/fileSystems.js
V/meteor.cordova.updater( 8618): Detected cordova URI: http://meteor.local/plugins/org.apache.cordova.file/www/fileSystems.js
D/meteor.cordova.updater( 8618): Remapping to file:///android_asset/www/plugins/org.apache.cordova.file/www/fileSystems.js
V/meteor.cordova.updater( 8618): remapUri http://meteor.local/plugins/org.apache.cordova.file/www/requestFileSystem.js
V/meteor.cordova.updater( 8618): Detected cordova URI: http://meteor.local/plugins/org.apache.cordova.file/www/requestFileSystem.js
D/meteor.cordova.updater( 8618): Remapping to file:///android_asset/www/plugins/org.apache.cordova.file/www/requestFileSystem.js
V/meteor.cordova.updater( 8618): remapUri http://meteor.local/plugins/org.apache.cordova.file/www/resolveLocalFileSystemURI.js
V/meteor.cordova.updater( 8618): Detected cordova URI: http://meteor.local/plugins/org.apache.cordova.file/www/resolveLocalFileSystemURI.js
D/meteor.cordova.updater( 8618): Remapping to file:///android_asset/www/plugins/org.apache.cordova.file/www/resolveLocalFileSystemURI.js
V/meteor.cordova.updater( 8618): remapUri http://meteor.local/plugins/org.apache.cordova.file/www/android/FileSystem.js
V/meteor.cordova.updater( 8618): Detected cordova URI: http://meteor.local/plugins/org.apache.cordova.file/www/android/FileSystem.js
D/meteor.cordova.updater( 8618): Remapping to file:///android_asset/www/plugins/org.apache.cordova.file/www/android/FileSystem.js
V/meteor.cordova.updater( 8618): remapUri http://meteor.local/plugins/org.apache.cordova.file/www/fileSystems-roots.js
V/meteor.cordova.updater( 8618): Detected cordova URI: http://meteor.local/plugins/org.apache.cordova.file/www/fileSystems-roots.js
D/meteor.cordova.updater( 8618): Remapping to file:///android_asset/www/plugins/org.apache.cordova.file/www/fileSystems-roots.js
V/meteor.cordova.updater( 8618): remapUri http://meteor.local/plugins/org.apache.cordova.file/www/fileSystemPaths.js
V/meteor.cordova.updater( 8618): Detected cordova URI: http://meteor.local/plugins/org.apache.cordova.file/www/fileSystemPaths.js
D/meteor.cordova.updater( 8618): Remapping to file:///android_asset/www/plugins/org.apache.cordova.file/www/fileSystemPaths.js
V/meteor.cordova.updater( 8618): remapUri http://meteor.local/plugins/org.apache.cordova.file-transfer/www/FileTransferError.js
V/meteor.cordova.updater( 8618): Detected cordova URI: http://meteor.local/plugins/org.apache.cordova.file-transfer/www/FileTransferError.js
D/meteor.cordova.updater( 8618): Remapping to file:///android_asset/www/plugins/org.apache.cordova.file-transfer/www/FileTransferError.js
V/meteor.cordova.updater( 8618): remapUri http://meteor.local/plugins/org.apache.cordova.file-transfer/www/FileTransfer.js
V/meteor.cordova.updater( 8618): Detected cordova URI: http://meteor.local/plugins/org.apache.cordova.file-transfer/www/FileTransfer.js
D/meteor.cordova.updater( 8618): Remapping to file:///android_asset/www/plugins/org.apache.cordova.file-transfer/www/FileTransfer.js
V/meteor.cordova.updater( 8618): remapUri http://meteor.local/plugins/org.apache.cordova.inappbrowser/www/inappbrowser.js
V/meteor.cordova.updater( 8618): Detected cordova URI: http://meteor.local/plugins/org.apache.cordova.inappbrowser/www/inappbrowser.js
D/meteor.cordova.updater( 8618): Remapping to file:///android_asset/www/plugins/org.apache.cordova.inappbrowser/www/inappbrowser.js
V/meteor.cordova.updater( 8618): remapUri http://meteor.local/plugins/com.phonegap.plugins.facebookconnect/facebookConnectPlugin.js
V/meteor.cordova.updater( 8618): Detected cordova URI: http://meteor.local/plugins/com.phonegap.plugins.facebookconnect/facebookConnectPlugin.js
D/meteor.cordova.updater( 8618): Remapping to file:///android_asset/www/plugins/com.phonegap.plugins.facebookconnect/facebookConnectPlugin.js
V/meteor.cordova.updater( 8618): remapUri http://meteor.local/plugins/org.apache.cordova.device/www/device.js
V/meteor.cordova.updater( 8618): Detected cordova URI: http://meteor.local/plugins/org.apache.cordova.device/www/device.js
D/meteor.cordova.updater( 8618): Remapping to file:///android_asset/www/plugins/org.apache.cordova.device/www/device.js
V/meteor.cordova.updater( 8618): remapUri http://meteor.local/plugins/com.meteor.cordova-update/www/CordovaUpdate.js
V/meteor.cordova.updater( 8618): Detected cordova URI: http://meteor.local/plugins/com.meteor.cordova-update/www/CordovaUpdate.js
D/meteor.cordova.updater( 8618): Remapping to file:///android_asset/www/plugins/com.meteor.cordova-update/www/CordovaUpdate.js
V/meteor.cordova.updater( 8618): remapUri http://meteor.local/plugins/org.apache.cordova.statusbar/www/statusbar.js
V/meteor.cordova.updater( 8618): Detected cordova URI: http://meteor.local/plugins/org.apache.cordova.statusbar/www/statusbar.js
D/meteor.cordova.updater( 8618): Remapping to file:///android_asset/www/plugins/org.apache.cordova.statusbar/www/statusbar.js
V/meteor.cordova.updater( 8618): remapUri http://meteor.local/plugins/org.apache.cordova.splashscreen/www/splashscreen.js
V/meteor.cordova.updater( 8618): Detected cordova URI: http://meteor.local/plugins/org.apache.cordova.splashscreen/www/splashscreen.js
D/meteor.cordova.updater( 8618): Remapping to file:///android_asset/www/plugins/org.apache.cordova.splashscreen/www/splashscreen.js
V/meteor.cordova.updater( 8618): remapUri http://meteor.local/plugins/com.phonegap.plugins.PushPlugin/www/PushNotification.js
V/meteor.cordova.updater( 8618): Detected cordova URI: http://meteor.local/plugins/com.phonegap.plugins.PushPlugin/www/PushNotification.js
D/meteor.cordova.updater( 8618): Remapping to file:///android_asset/www/plugins/com.phonegap.plugins.PushPlugin/www/PushNotification.js
V/meteor.cordova.updater( 8618): remapUri http://meteor.local/plugins/cordova-plugin-app-preferences/www/apppreferences.js
V/meteor.cordova.updater( 8618): Detected cordova URI: http://meteor.local/plugins/cordova-plugin-app-preferences/www/apppreferences.js
D/meteor.cordova.updater( 8618): Remapping to file:///android_asset/www/plugins/cordova-plugin-app-preferences/www/apppreferences.js
V/meteor.cordova.updater( 8618): remapUri http://meteor.local/plugins/cordova-plugin-contacts/www/contacts.js
V/meteor.cordova.updater( 8618): Detected cordova URI: http://meteor.local/plugins/cordova-plugin-contacts/www/contacts.js
D/meteor.cordova.updater( 8618): Remapping to file:///android_asset/www/plugins/cordova-plugin-contacts/www/contacts.js
V/meteor.cordova.updater( 8618): remapUri http://meteor.local/plugins/cordova-plugin-contacts/www/Contact.js
V/meteor.cordova.updater( 8618): Detected cordova URI: http://meteor.local/plugins/cordova-plugin-contacts/www/Contact.js
D/meteor.cordova.updater( 8618): Remapping to file:///android_asset/www/plugins/cordova-plugin-contacts/www/Contact.js
V/meteor.cordova.updater( 8618): remapUri http://meteor.local/plugins/cordova-plugin-contacts/www/ContactAddress.js
V/meteor.cordova.updater( 8618): Detected cordova URI: http://meteor.local/plugins/cordova-plugin-contacts/www/ContactAddress.js
D/meteor.cordova.updater( 8618): Remapping to file:///android_asset/www/plugins/cordova-plugin-contacts/www/ContactAddress.js
V/meteor.cordova.updater( 8618): remapUri http://meteor.local/plugins/cordova-plugin-contacts/www/ContactError.js
V/meteor.cordova.updater( 8618): Detected cordova URI: http://meteor.local/plugins/cordova-plugin-contacts/www/ContactError.js
D/meteor.cordova.updater( 8618): Remapping to file:///android_asset/www/plugins/cordova-plugin-contacts/www/ContactError.js
V/meteor.cordova.updater( 8618): remapUri http://meteor.local/plugins/cordova-plugin-contacts/www/ContactField.js
V/meteor.cordova.updater( 8618): Detected cordova URI: http://meteor.local/plugins/cordova-plugin-contacts/www/ContactField.js
D/meteor.cordova.updater( 8618): Remapping to file:///android_asset/www/plugins/cordova-plugin-contacts/www/ContactField.js
V/meteor.cordova.updater( 8618): remapUri http://meteor.local/plugins/cordova-plugin-contacts/www/ContactFindOptions.js
V/meteor.cordova.updater( 8618): Detected cordova URI: http://meteor.local/plugins/cordova-plugin-contacts/www/ContactFindOptions.js
D/meteor.cordova.updater( 8618): Remapping to file:///android_asset/www/plugins/cordova-plugin-contacts/www/ContactFindOptions.js
V/meteor.cordova.updater( 8618): remapUri http://meteor.local/plugins/cordova-plugin-contacts/www/ContactName.js
V/meteor.cordova.updater( 8618): Detected cordova URI: http://meteor.local/plugins/cordova-plugin-contacts/www/ContactName.js
D/meteor.cordova.updater( 8618): Remapping to file:///android_asset/www/plugins/cordova-plugin-contacts/www/ContactName.js
V/meteor.cordova.updater( 8618): remapUri http://meteor.local/plugins/cordova-plugin-contacts/www/ContactOrganization.js
V/meteor.cordova.updater( 8618): Detected cordova URI: http://meteor.local/plugins/cordova-plugin-contacts/www/ContactOrganization.js
D/meteor.cordova.updater( 8618): Remapping to file:///android_asset/www/plugins/cordova-plugin-contacts/www/ContactOrganization.js
V/meteor.cordova.updater( 8618): remapUri http://meteor.local/plugins/cordova-plugin-contacts/www/ContactFieldType.js
V/meteor.cordova.updater( 8618): Detected cordova URI: http://meteor.local/plugins/cordova-plugin-contacts/www/ContactFieldType.js
D/meteor.cordova.updater( 8618): Remapping to file:///android_asset/www/plugins/cordova-plugin-contacts/www/ContactFieldType.js
V/meteor.cordova.updater( 8618): remapUri http://meteor.local/plugins/nl.x-services.plugins.socialsharing/www/SocialSharing.js
V/meteor.cordova.updater( 8618): Detected cordova URI: http://meteor.local/plugins/nl.x-services.plugins.socialsharing/www/SocialSharing.js
D/meteor.cordova.updater( 8618): Remapping to file:///android_asset/www/plugins/nl.x-services.plugins.socialsharing/www/SocialSharing.js
V/meteor.cordova.updater( 8618): remapUri http://meteor.local/assets/fonts/G0XvmuebhPCfCq4YdUpRgALUuEpTyoUstqEm5AMlJo4.ttf
D/meteor.cordova.updater( 8618): Remapping to file:///data/data/com.sportsplusinc.ios.sportsplus/files/meteor/05197ad601223fabb72c17c5f7cbcfe18fd06a7b/assets/fonts/G0XvmuebhPCfCq4YdUpRgALUuEpTyoUstqEm5AMlJo4.ttf
V/meteor.cordova.updater( 8618): remapUri http://dev-sportsplus-main-03-46331.onmodulus.net/sockjs/info?cb=yn4ls_6e1h
D/meteor.cordova.updater( 8618): Host is not intercepted: dev-sportsplus-main-03-46331.onmodulus.net
V/StatusBar( 8618): Executing action: _ready
W/CordovaPlugin( 8618): Attempted to send a second callback for ID: StatusBar1187153884
W/CordovaPlugin( 8618): Result was: "Invalid action"
D/CordovaActivity( 8618): onMessage(spinner,stop)
E/cutils  (  256): Failed to mkdirat(/storage/extSdCard/Android): Read-only file system
W/ContextImpl( 8618): Failed to ensure directory: /storage/extSdCard/Android/data/com.sportsplusinc.ios.sportsplus/files
W/Vold    (  256): Returning OperationFailed - no handler for errno 30
E/cutils  (  256): Failed to mkdirat(/storage/extSdCard/Android): Read-only file system
W/ContextImpl( 8618): Failed to ensure directory: /storage/extSdCard/Android/data/com.sportsplusinc.ios.sportsplus/files
E/cutils  (  256): Failed to mkdirat(/storage/extSdCard/Android): Read-only file system
W/ContextImpl( 8618): Failed to ensure directory: /storage/extSdCard/Android/data/com.sportsplusinc.ios.sportsplus/cache
W/Vold    (  256): Returning OperationFailed - no handler for errno 30
W/Vold    (  256): Returning OperationFailed - no handler for errno 30
V/meteor.cordova.updater( 8618): remapUri http://ipinfo.io/?callback=jQuery1112034314877330325544_1434763237508&_=1434763237509
D/meteor.cordova.updater( 8618): Host is not intercepted: ipinfo.io
D/CordovaLog( 8618): http://meteor.local/13adf1330be3511983a868a9749c87b3565645a8.js: Line 154 : Logging event: Account | Open app | undefined | undefined
I/chromium( 8618): [INFO:CONSOLE(154)] "Logging event: Account | Open app | undefined | undefined", source: http://meteor.local/13adf1330be3511983a868a9749c87b3565645a8.js (154)
D/CordovaLog( 8618): http://meteor.local/13adf1330be3511983a868a9749c87b3565645a8.js: Line 154 : Tracking user_id: null
I/chromium( 8618): [INFO:CONSOLE(154)] "Tracking user_id: null", source: http://meteor.local/13adf1330be3511983a868a9749c87b3565645a8.js (154)
D/CordovaLog( 8618): http://meteor.local/13adf1330be3511983a868a9749c87b3565645a8.js: Line 515 : ---------- push last_url: /signin url: http://meteor.local/signin
I/chromium( 8618): [INFO:CONSOLE(515)] "---------- push last_url: /signin url: http://meteor.local/signin", source: http://meteor.local/13adf1330be3511983a868a9749c87b3565645a8.js (515)
D/CordovaActivity( 8618): onMessage(splashscreen,hide)
W/EDMNativeHelper(  266): EDMNativeHelperService is published
D/CordovaLog( 8618): http://meteor.local/13adf1330be3511983a868a9749c87b3565645a8.js: Line 515 : ---------- push last_url: http://meteor.local/signin url: http://meteor.local/signin
I/chromium( 8618): [INFO:CONSOLE(515)] "---------- push last_url: http://meteor.local/signin url: http://meteor.local/signin", source: http://meteor.local/13adf1330be3511983a868a9749c87b3565645a8.js (515)
V/meteor.cordova.updater( 8618): remapUri http://meteor.local/assets/fonts/glyphicons-halflings-regular.woff
D/meteor.cordova.updater( 8618): Remapping to file:///data/data/com.sportsplusinc.ios.sportsplus/files/meteor/05197ad601223fabb72c17c5f7cbcfe18fd06a7b/assets/fonts/glyphicons-halflings-regular.woff
E/MP-Decision( 1859): num online cores: 2 reqd : 1 available : 4 rq_depth:0.000000 hotplug_avg_load_dw: 29
E/MP-Decision( 1859): DOWN cpu:1 core_idx:1 Ns:1.100000 Ts:190 rq:0.000000 seq:206.000000
E/lights  (  805): write_int failed to open -1
D/InputReader(  805): Input event: value=1 when=63310208340000
I/InputReader(  805): Touch event's action is 0x0 (deviceType=0) [pCnt=1, s=0.3161 ] when=63310208737000
I/InputDispatcher(  805): Delivering touch to: action: 0x0
E/lights  (  805): write_int failed to open -1
D/InputReader(  805): Input event: value=0 when=63310299405000
I/InputReader(  805): Touch event's action is 0x1 (deviceType=0) [pCnt=1, s=] when=63310299405000
I/InputDispatcher(  805): Delivering touch to: action: 0x1
D/KeyguardViewMediator( 1190): setHidden false
D/KeyguardUpdateMonitor( 1190): sendKeyguardVisibilityChanged(true)
D/KeyguardUpdateMonitor( 1190): handleKeyguardVisibilityChanged(1)
D/SamsungIME( 3596): onStartInputView
W/ContextImpl( 3596): Calling a method in the system process without a qualified user: android.app.ContextImpl.sendBroadcast:1468 android.content.ContextWrapper.sendBroadcast:377 com.diotek.ime.framework.common.InputManagerImpl.sendInputLanguage:8873 com.diotek.ime.framework.common.InputManagerImpl.initDefaultLanguage:4584 com.diotek.ime.framework.common.InputManagerImpl.initSelectedLanguage:4815 
D/        (  805): TIMA: tima-pkm-check event req_len=9192,resp_len=4104!
D/        (  805): TIMA: tima-pkm-check event call to open backend shared_mem_len=9192!
D/        (  805): TAL: TIMA_backend_open--int8_t TIMA_backend_open(void**, appID, uint32_t, uint32_t)
D/        (  805): TIMA: QCOM_backend_open--int8_t QCOM_backend_open(void**, appID, uint32_t, uint32_t)
D/QSEECOMAPI: (  805): App is already loaded QSEE and app id = 3
D/        (  805): TIMA: tima-pkm--TZAPPS is already loaded!
D/        (  805): TAL: TIMA_PKM_measure_kernel--int8_t TIMA_PKM_measure_kernel(TIMA_handle_t, void*, uint32_t, void*, uint32_t, uint32_t)
D/        (  805): TIMA: QCOM_send_command--int8_t QCOM_send_command(TIMA_handle_t, void*, uint32_t, void*, uint32_t, uint32_t)
D/TimaService(  805): TIMA: TimaService scheduler is intialized. 
D/TimaService(  805): TimaServiceHandler.handleMessage what =1
D/TimaService(  805): TIMA: checkEvent, operation: 50000 subject: 10000
D/        (  805): rsp_len = 1008 rcvd_data_len = 1040, self_calculate_len=1040
D/        (  805): TIMA: QCOM_send_command result--0
D/        (  805): TIMA_PKM_measure_kernel returns with resp..ret=512!
D/        (  805): TAL: TIMA_PKM_measure_kernel--int8_t TIMA_PKM_measure_kernel(TIMA_handle_t, void*, uint32_t, void*, uint32_t, uint32_t)
D/        (  805): TIMA: QCOM_send_command--int8_t QCOM_send_command(TIMA_handle_t, void*, uint32_t, void*, uint32_t, uint32_t)
D/        (  805): rsp_len = 1008 rcvd_data_len = 1040, self_calculate_len=1040
D/        (  805): TIMA: QCOM_send_command result--0
D/        (  805): TIMA_PKM_measure_kernel returns with resp..ret=512!
D/        (  805): TAL: TIMA_PKM_measure_kernel--int8_t TIMA_PKM_measure_kernel(TIMA_handle_t, void*, uint32_t, void*, uint32_t, uint32_t)
D/        (  805): TIMA: QCOM_send_command--int8_t QCOM_send_command(TIMA_handle_t, void*, uint32_t, void*, uint32_t, uint32_t)
D/        (  805): rsp_len = 1008 rcvd_data_len = 1040, self_calculate_len=1040
D/        (  805): TIMA: QCOM_send_command result--0
D/        (  805): TIMA_PKM_measure_kernel returns with resp..ret=512!
D/        (  805): TAL: TIMA_PKM_measure_kernel--int8_t TIMA_PKM_measure_kernel(TIMA_handle_t, void*, uint32_t, void*, uint32_t, uint32_t)
D/        (  805): TIMA: QCOM_send_command--int8_t QCOM_send_command(TIMA_handle_t, void*, uint32_t, void*, uint32_t, uint32_t)
D/        (  805): rsp_len = 1008 rcvd_data_len = 1040, self_calculate_len=1040
D/        (  805): TIMA: QCOM_send_command result--0
D/        (  805): TIMA_PKM_measure_kernel returns with resp..ret=512!
D/        (  805): TAL: TIMA_PKM_measure_kernel--int8_t TIMA_PKM_measure_kernel(TIMA_handle_t, void*, uint32_t, void*, uint32_t, uint32_t)
D/        (  805): TIMA: QCOM_send_command--int8_t QCOM_send_command(TIMA_handle_t, void*, uint32_t, void*, uint32_t, uint32_t)
E/MP-Decision( 1859): num online cores: 1 reqd : 4 available : 4 rq_depth:3.700000 hotplug_avg_load_dw: 68
E/MP-Decision( 1859): UP cpu:1 core_idx:1 Nw:1.900000 Tw:140 rq:3.700000 seq:148.000000
D/        (  805): rsp_len = 1008 rcvd_data_len = 1040, self_calculate_len=1040
E/MP-Decision( 1859): UP cpu:2 core_idx:2 Nw:2.700000 Tw:90 rq:3.700000 seq:99.000000
E/MP-Decision( 1859): UP cpu:3 core_idx:3 Nw:3.500000 Tw:90 rq:3.700000 seq:99.000000
D/        (  805): TIMA: QCOM_send_command result--0
D/        (  805): TIMA_PKM_measure_kernel returns with resp..ret=512!
D/        (  805): TAL: TIMA_PKM_measure_kernel--int8_t TIMA_PKM_measure_kernel(TIMA_handle_t, void*, uint32_t, void*, uint32_t, uint32_t)
D/        (  805): TIMA: QCOM_send_command--int8_t QCOM_send_command(TIMA_handle_t, void*, uint32_t, void*, uint32_t, uint32_t)
D/        (  805): rsp_len = 1008 rcvd_data_len = 1040, self_calculate_len=1040
W/ContextImpl( 3596): Calling a method in the system process without a qualified user: android.app.ContextImpl.sendBroadcast:1468 android.content.ContextWrapper.sendBroadcast:377 com.diotek.ime.framework.common.InputManagerImpl.sendInputLanguage:8873 com.diotek.ime.framework.common.InputManagerImpl.setLanguage:5137 com.diotek.ime.framework.common.InputManagerImpl.startInputViewContinue:3139 
D/        (  805): TIMA: QCOM_send_command result--0
D/        (  805): TIMA_PKM_measure_kernel returns with resp..ret=512!
D/        (  805): TAL: TIMA_PKM_measure_kernel--int8_t TIMA_PKM_measure_kernel(TIMA_handle_t, void*, uint32_t, void*, uint32_t, uint32_t)
D/        (  805): TIMA: QCOM_send_command--int8_t QCOM_send_command(TIMA_handle_t, void*, uint32_t, void*, uint32_t, uint32_t)
D/        (  805): rsp_len = 1008 rcvd_data_len = 1040, self_calculate_len=1040
D/        (  805): TIMA: QCOM_send_command result--0
D/        (  805): TIMA_PKM_measure_kernel returns with resp..ret=512!
D/        (  805): TAL: TIMA_PKM_measure_kernel--int8_t TIMA_PKM_measure_kernel(TIMA_handle_t, void*, uint32_t, void*, uint32_t, uint32_t)
D/        (  805): TIMA: QCOM_send_command--int8_t QCOM_send_command(TIMA_handle_t, void*, uint32_t, void*, uint32_t, uint32_t)
D/        (  805): rsp_len = 1008 rcvd_data_len = 1040, self_calculate_len=1040
I/SamsungIME( 3596): [IMI] startInputView - caller pid : 8618, caller uid : 10342
W/EDMNativeHelper(  266): EDMNativeHelperService is published
D/SamsungIME( 3596): onWindowShown
D/GestureService( 1605): serviceOnOffReceiver: onReceive - ResponseAxT9Info
W/ContextImpl( 3596): Calling a method in the system process without a qualified user: android.app.ContextImpl.sendBroadcast:1468 android.content.ContextWrapper.sendBroadcast:377 android.inputmethodservice.InputMethodService.sendInputViewShownState:542 android.inputmethodservice.InputMethodService.showWindow:2193 android.inputmethodservice.InputMethodService$InputMethodImpl.showSoftInput:712 
D/SSRMv2:AirViewOnOff(  805): DeviceInfo:: 00000000000
D/SSRMv2:AirViewOnOff(  805): SettingsAirViewInfo:: 000100000
V/GestureService( 1605): disableService!!!!
D/        (  805): TIMA: QCOM_send_command result--0
D/        (  805): TIMA_PKM_measure_kernel returns with resp..ret=512!
D/        (  805): TAL: TIMA_PKM_measure_kernel--int8_t TIMA_PKM_measure_kernel(TIMA_handle_t, void*, uint32_t, void*, uint32_t, uint32_t)
D/        (  805): TIMA: QCOM_send_command--int8_t QCOM_send_command(TIMA_handle_t, void*, uint32_t, void*, uint32_t, uint32_t)
D/        (  805): rsp_len = 1008 rcvd_data_len = 1040, self_calculate_len=1040
W/ApplicationPackageManager(  805): getCSCPackageItemText()
I/SurfaceFlinger(  276): id=910 createSurf (1080x1137),1 flag=4, JnputMethod
D/KeyguardViewMediator( 1190): setHidden false
D/KeyguardUpdateMonitor( 1190): sendKeyguardVisibilityChanged(true)
W/ContextImpl(  805): Calling a method in the system process without a qualified user: android.app.ContextImpl.sendBroadcast:1482 com.android.server.StatusBarManagerService.sendNotification:965 com.android.server.StatusBarManagerService.addNotification:654 com.android.server.NotificationManagerService$7.run:2142 android.os.Handler.handleCallback:733 
D/STATUSBAR-StatusBarManagerService(  805): sendNotification(1) - 17041217
D/CordovaLog( 8618): http://meteor.local/13adf1330be3511983a868a9749c87b3565645a8.js: Line 154 : Logging usertime: category- data_subscribe, name - home, time - 1228, label - teams
I/chromium( 8618): [INFO:CONSOLE(154)] "Logging usertime: category- data_subscribe, name - home, time - 1228, label - teams", source: http://meteor.local/13adf1330be3511983a868a9749c87b3565645a8.js (154)
D/CordovaLog( 8618): http://meteor.local/13adf1330be3511983a868a9749c87b3565645a8.js: Line 154 : Tracking user_id: null
I/chromium( 8618): [INFO:CONSOLE(154)] "Tracking user_id: null", source: http://meteor.local/13adf1330be3511983a868a9749c87b3565645a8.js (154)
D/KeyguardViewMediator( 1190): setHidden false
D/KeyguardUpdateMonitor( 1190): sendKeyguardVisibilityChanged(true)
D/CordovaLog( 8618): http://meteor.local/13adf1330be3511983a868a9749c87b3565645a8.js: Line 154 : Logging usertime: category- data_subscribe, name - home, time - 1228, label - users
I/chromium( 8618): [INFO:CONSOLE(154)] "Logging usertime: category- data_subscribe, name - home, time - 1228, label - users", source: http://meteor.local/13adf1330be3511983a868a9749c87b3565645a8.js (154)
D/CordovaLog( 8618): http://meteor.local/13adf1330be3511983a868a9749c87b3565645a8.js: Line 154 : Tracking user_id: null
I/chromium( 8618): [INFO:CONSOLE(154)] "Tracking user_id: null", source: http://meteor.local/13adf1330be3511983a868a9749c87b3565645a8.js (154)
D/        (  805): TIMA: QCOM_send_command result--0
D/        (  805): TIMA_PKM_measure_kernel returns with resp..ret=512!
D/        (  805): TAL: TIMA_PKM_measure_kernel--int8_t TIMA_PKM_measure_kernel(TIMA_handle_t, void*, uint32_t, void*, uint32_t, uint32_t)
D/        (  805): TIMA: QCOM_send_command--int8_t QCOM_send_command(TIMA_handle_t, void*, uint32_t, void*, uint32_t, uint32_t)
D/        (  805): rsp_len = 1008 rcvd_data_len = 1040, self_calculate_len=1040
D/SoftKeyboardDetect( 8618): Ignore this event
D/        (  805): TIMA: QCOM_send_command result--0
D/        (  805): TIMA_PKM_measure_kernel returns with resp..ret=512!
D/        (  805): TAL: TIMA_PKM_measure_kernel--int8_t TIMA_PKM_measure_kernel(TIMA_handle_t, void*, uint32_t, void*, uint32_t, uint32_t)
D/        (  805): TIMA: QCOM_send_command--int8_t QCOM_send_command(TIMA_handle_t, void*, uint32_t, void*, uint32_t, uint32_t)
D/        (  805): rsp_len = 1008 rcvd_data_len = 1040, self_calculate_len=1040
D/ProgressBar( 1190): setProgressDrawable drawableHeight = 18
D/        (  805): TIMA: QCOM_send_command result--0
D/        (  805): TIMA_PKM_measure_kernel returns with resp..ret=512!
D/        (  805): TAL: TIMA_PKM_measure_kernel--int8_t TIMA_PKM_measure_kernel(TIMA_handle_t, void*, uint32_t, void*, uint32_t, uint32_t)
D/        (  805): TIMA: QCOM_send_command--int8_t QCOM_send_command(TIMA_handle_t, void*, uint32_t, void*, uint32_t, uint32_t)
D/        (  805): rsp_len = 1008 rcvd_data_len = 1040, self_calculate_len=1040
D/ContexualWidgetMonitor( 1190): action =com.android.server.NotificationManagerService.NotificationArrived
D/ContexualWidgetMonitor( 1190): pkg =null
D/ContexualWidgetMonitor( 1190): mCheckMissedEvent =false
D/KeyguardUpdateMonitor( 1190): handleKeyguardVisibilityChanged(1)
D/KeyguardUpdateMonitor( 1190): handleKeyguardVisibilityChanged(1)
D/        (  805): TIMA: QCOM_send_command result--0
D/        (  805): TIMA_PKM_measure_kernel returns with resp..ret=512!
D/        (  805): TAL: TIMA_PKM_measure_kernel--int8_t TIMA_PKM_measure_kernel(TIMA_handle_t, void*, uint32_t, void*, uint32_t, uint32_t)
D/        (  805): TIMA: QCOM_send_command--int8_t QCOM_send_command(TIMA_handle_t, void*, uint32_t, void*, uint32_t, uint32_t)
D/        (  805): rsp_len = 1008 rcvd_data_len = 1040, self_calculate_len=1040
D/dalvikvm( 3596): GC_CONCURRENT freed 4792K, 29% free 30531K/42856K, paused 4ms+15ms, total 81ms
D/        (  805): TIMA: QCOM_send_command result--0
D/        (  805): TIMA_PKM_measure_kernel returns with resp..ret=512!
D/        (  805): TAL: TIMA_PKM_measure_kernel--int8_t TIMA_PKM_measure_kernel(TIMA_handle_t, void*, uint32_t, void*, uint32_t, uint32_t)
D/        (  805): TIMA: QCOM_send_command--int8_t QCOM_send_command(TIMA_handle_t, void*, uint32_t, void*, uint32_t, uint32_t)
D/        (  805): rsp_len = 1008 rcvd_data_len = 1040, self_calculate_len=1040
D/STATUSBAR-IconMerger( 1190): checkOverflow(504), More:false, Req:false Child:2
D/        (  805): TIMA: QCOM_send_command result--0
D/        (  805): TIMA_PKM_measure_kernel returns with resp..ret=512!
D/        (  805): TAL: TIMA_PKM_measure_kernel--int8_t TIMA_PKM_measure_kernel(TIMA_handle_t, void*, uint32_t, void*, uint32_t, uint32_t)
D/        (  805): TIMA: QCOM_send_command--int8_t QCOM_send_command(TIMA_handle_t, void*, uint32_t, void*, uint32_t, uint32_t)
D/        (  805): rsp_len = 1008 rcvd_data_len = 1040, self_calculate_len=1040
D/        (  805): TIMA: QCOM_send_command result--0
D/        (  805): TIMA_PKM_measure_kernel returns with resp..ret=512!
D/        (  805): TAL: TIMA_PKM_measure_kernel--int8_t TIMA_PKM_measure_kernel(TIMA_handle_t, void*, uint32_t, void*, uint32_t, uint32_t)
D/        (  805): TIMA: QCOM_send_command--int8_t QCOM_send_command(TIMA_handle_t, void*, uint32_t, void*, uint32_t, uint32_t)
D/        (  805): rsp_len = 1008 rcvd_data_len = 1040, self_calculate_len=1040
D/        (  805): TIMA: QCOM_send_command result--0
D/        (  805): TIMA_PKM_measure_kernel returns with resp..ret=512!
D/        (  805): TAL: TIMA_PKM_measure_kernel--int8_t TIMA_PKM_measure_kernel(TIMA_handle_t, void*, uint32_t, void*, uint32_t, uint32_t)
D/        (  805): TIMA: QCOM_send_command--int8_t QCOM_send_command(TIMA_handle_t, void*, uint32_t, void*, uint32_t, uint32_t)
D/        (  805): rsp_len = 1008 rcvd_data_len = 1040, self_calculate_len=1040
D/        (  805): TIMA: QCOM_send_command result--0
D/        (  805): TIMA_PKM_measure_kernel returns with resp..ret=512!
D/        (  805): TAL: TIMA_PKM_measure_kernel--int8_t TIMA_PKM_measure_kernel(TIMA_handle_t, void*, uint32_t, void*, uint32_t, uint32_t)
D/        (  805): TIMA: QCOM_send_command--int8_t QCOM_send_command(TIMA_handle_t, void*, uint32_t, void*, uint32_t, uint32_t)
D/        (  805): rsp_len = 1008 rcvd_data_len = 1040, self_calculate_len=1040
D/        (  805): TIMA: QCOM_send_command result--0
D/        (  805): TIMA_PKM_measure_kernel returns with resp..ret=512!
D/        (  805): TAL: TIMA_PKM_measure_kernel--int8_t TIMA_PKM_measure_kernel(TIMA_handle_t, void*, uint32_t, void*, uint32_t, uint32_t)
D/        (  805): TIMA: QCOM_send_command--int8_t QCOM_send_command(TIMA_handle_t, void*, uint32_t, void*, uint32_t, uint32_t)
D/        (  805): rsp_len = 1008 rcvd_data_len = 1040, self_calculate_len=1040
D/        (  805): TIMA: QCOM_send_command result--0
D/        (  805): TIMA_PKM_measure_kernel returns with resp..ret=512!
D/        (  805): TAL: TIMA_PKM_measure_kernel--int8_t TIMA_PKM_measure_kernel(TIMA_handle_t, void*, uint32_t, void*, uint32_t, uint32_t)
D/        (  805): TIMA: QCOM_send_command--int8_t QCOM_send_command(TIMA_handle_t, void*, uint32_t, void*, uint32_t, uint32_t)
D/        (  805): rsp_len = 1008 rcvd_data_len = 1040, self_calculate_len=1040
D/        (  805): TIMA: QCOM_send_command result--0
D/        (  805): TIMA_PKM_measure_kernel returns with resp..ret=512!
D/        (  805): TAL: TIMA_PKM_measure_kernel--int8_t TIMA_PKM_measure_kernel(TIMA_handle_t, void*, uint32_t, void*, uint32_t, uint32_t)
D/        (  805): TIMA: QCOM_send_command--int8_t QCOM_send_command(TIMA_handle_t, void*, uint32_t, void*, uint32_t, uint32_t)
D/        (  805): rsp_len = 1008 rcvd_data_len = 1040, self_calculate_len=1040
D/        (  805): TIMA: QCOM_send_command result--0
D/        (  805): TIMA_PKM_measure_kernel returns with resp..ret=512!
D/        (  805): TAL: TIMA_PKM_measure_kernel--int8_t TIMA_PKM_measure_kernel(TIMA_handle_t, void*, uint32_t, void*, uint32_t, uint32_t)
D/        (  805): TIMA: QCOM_send_command--int8_t QCOM_send_command(TIMA_handle_t, void*, uint32_t, void*, uint32_t, uint32_t)
D/        (  805): rsp_len = 1008 rcvd_data_len = 1040, self_calculate_len=1040
D/KeyguardViewMediator( 1190): setHidden false
D/KeyguardUpdateMonitor( 1190): sendKeyguardVisibilityChanged(true)
D/KeyguardUpdateMonitor( 1190): handleKeyguardVisibilityChanged(1)
D/        (  805): TIMA: QCOM_send_command result--0
D/        (  805): TIMA_PKM_measure_kernel returns with resp..ret=512!
D/        (  805): TAL: TIMA_PKM_measure_kernel--int8_t TIMA_PKM_measure_kernel(TIMA_handle_t, void*, uint32_t, void*, uint32_t, uint32_t)
D/        (  805): TIMA: QCOM_send_command--int8_t QCOM_send_command(TIMA_handle_t, void*, uint32_t, void*, uint32_t, uint32_t)
D/        (  805): rsp_len = 1008 rcvd_data_len = 1040, self_calculate_len=1040
D/KeyguardViewMediator( 1190): setHidden false
D/KeyguardUpdateMonitor( 1190): sendKeyguardVisibilityChanged(true)
D/KeyguardUpdateMonitor( 1190): handleKeyguardVisibilityChanged(1)
D/        (  805): TIMA: QCOM_send_command result--0
D/        (  805): TIMA_PKM_measure_kernel returns with resp..ret=512!
D/        (  805): TAL: TIMA_PKM_measure_kernel--int8_t TIMA_PKM_measure_kernel(TIMA_handle_t, void*, uint32_t, void*, uint32_t, uint32_t)
D/        (  805): TIMA: QCOM_send_command--int8_t QCOM_send_command(TIMA_handle_t, void*, uint32_t, void*, uint32_t, uint32_t)
D/        (  805): rsp_len = 1008 rcvd_data_len = 1040, self_calculate_len=1040
D/SamsungIME( 3596): SwiftkeyWrapper-checkCurrentSequence : use IC
D/        (  805): TIMA: QCOM_send_command result--0
D/        (  805): TIMA_PKM_measure_kernel returns with resp..ret=512!
D/        (  805): TAL: TIMA_PKM_measure_kernel--int8_t TIMA_PKM_measure_kernel(TIMA_handle_t, void*, uint32_t, void*, uint32_t, uint32_t)
D/        (  805): TIMA: QCOM_send_command--int8_t QCOM_send_command(TIMA_handle_t, void*, uint32_t, void*, uint32_t, uint32_t)
D/        (  805): rsp_len = 1008 rcvd_data_len = 1040, self_calculate_len=1040
W/qdhwcomposer(  276): Excessive delay reading vsync: took 15012 ms
D/        (  805): TIMA: QCOM_send_command result--0
D/        (  805): TIMA_PKM_measure_kernel returns with resp..ret=512!
D/        (  805): TAL: TIMA_PKM_measure_kernel--int8_t TIMA_PKM_measure_kernel(TIMA_handle_t, void*, uint32_t, void*, uint32_t, uint32_t)
D/        (  805): TIMA: QCOM_send_command--int8_t QCOM_send_command(TIMA_handle_t, void*, uint32_t, void*, uint32_t, uint32_t)
D/        (  805): rsp_len = 1008 rcvd_data_len = 1040, self_calculate_len=1040
D/        (  805): TIMA: QCOM_send_command result--0
D/        (  805): TIMA_PKM_measure_kernel returns with resp..ret=512!
D/        (  805): TAL: TIMA_PKM_measure_kernel--int8_t TIMA_PKM_measure_kernel(TIMA_handle_t, void*, uint32_t, void*, uint32_t, uint32_t)
D/        (  805): TIMA: QCOM_send_command--int8_t QCOM_send_command(TIMA_handle_t, void*, uint32_t, void*, uint32_t, uint32_t)
D/        (  805): rsp_len = 1008 rcvd_data_len = 1040, self_calculate_len=1040
D/        (  805): TIMA: QCOM_send_command result--0
D/        (  805): TIMA_PKM_measure_kernel returns with resp..ret=512!
D/        (  805): TAL: TIMA_PKM_measure_kernel--int8_t TIMA_PKM_measure_kernel(TIMA_handle_t, void*, uint32_t, void*, uint32_t, uint32_t)
D/        (  805): TIMA: QCOM_send_command--int8_t QCOM_send_command(TIMA_handle_t, void*, uint32_t, void*, uint32_t, uint32_t)
D/        (  805): rsp_len = 1008 rcvd_data_len = 1040, self_calculate_len=1040
D/        (  805): TIMA: QCOM_send_command result--0
D/        (  805): TIMA_PKM_measure_kernel returns with resp..ret=512!
D/        (  805): TAL: TIMA_PKM_measure_kernel--int8_t TIMA_PKM_measure_kernel(TIMA_handle_t, void*, uint32_t, void*, uint32_t, uint32_t)
D/        (  805): TIMA: QCOM_send_command--int8_t QCOM_send_command(TIMA_handle_t, void*, uint32_t, void*, uint32_t, uint32_t)
D/        (  805): rsp_len = 1008 rcvd_data_len = 1040, self_calculate_len=1040
D/        (  805): TIMA: QCOM_send_command result--0
D/        (  805): TIMA_PKM_measure_kernel returns with resp..ret=512!
D/        (  805): TAL: TIMA_PKM_measure_kernel--int8_t TIMA_PKM_measure_kernel(TIMA_handle_t, void*, uint32_t, void*, uint32_t, uint32_t)
D/        (  805): TIMA: QCOM_send_command--int8_t QCOM_send_command(TIMA_handle_t, void*, uint32_t, void*, uint32_t, uint32_t)
D/        (  805): rsp_len = 1008 rcvd_data_len = 1040, self_calculate_len=1040
D/        (  805): TIMA: QCOM_send_command result--0
D/        (  805): TIMA_PKM_measure_kernel returns with resp..ret=512!
D/        (  805): TAL: TIMA_PKM_measure_kernel--int8_t TIMA_PKM_measure_kernel(TIMA_handle_t, void*, uint32_t, void*, uint32_t, uint32_t)
D/        (  805): TIMA: QCOM_send_command--int8_t QCOM_send_command(TIMA_handle_t, void*, uint32_t, void*, uint32_t, uint32_t)
D/        (  805): rsp_len = 1008 rcvd_data_len = 1040, self_calculate_len=1040
D/        (  805): TIMA: QCOM_send_command result--0
D/        (  805): TIMA_PKM_measure_kernel returns with resp..ret=512!
D/        (  805): TAL: TIMA_PKM_measure_kernel--int8_t TIMA_PKM_measure_kernel(TIMA_handle_t, void*, uint32_t, void*, uint32_t, uint32_t)
D/        (  805): TIMA: QCOM_send_command--int8_t QCOM_send_command(TIMA_handle_t, void*, uint32_t, void*, uint32_t, uint32_t)
D/        (  805): rsp_len = 1008 rcvd_data_len = 1040, self_calculate_len=1040
D/        (  805): TIMA: QCOM_send_command result--0
D/        (  805): TIMA_PKM_measure_kernel returns with resp..ret=512!
D/        (  805): TAL: TIMA_PKM_measure_kernel--int8_t TIMA_PKM_measure_kernel(TIMA_handle_t, void*, uint32_t, void*, uint32_t, uint32_t)
D/        (  805): TIMA: QCOM_send_command--int8_t QCOM_send_command(TIMA_handle_t, void*, uint32_t, void*, uint32_t, uint32_t)
D/        (  805): rsp_len = 1008 rcvd_data_len = 1040, self_calculate_len=1040
D/        (  805): TIMA: QCOM_send_command result--0
D/        (  805): TIMA_PKM_measure_kernel returns with resp..ret=512!
D/        (  805): TAL: TIMA_PKM_measure_kernel--int8_t TIMA_PKM_measure_kernel(TIMA_handle_t, void*, uint32_t, void*, uint32_t, uint32_t)
D/        (  805): TIMA: QCOM_send_command--int8_t QCOM_send_command(TIMA_handle_t, void*, uint32_t, void*, uint32_t, uint32_t)
D/        (  805): rsp_len = 1008 rcvd_data_len = 1040, self_calculate_len=1040
D/        (  805): TIMA: QCOM_send_command result--0
D/        (  805): TIMA_PKM_measure_kernel returns with resp..ret=512!
D/        (  805): TAL: TIMA_PKM_measure_kernel--int8_t TIMA_PKM_measure_kernel(TIMA_handle_t, void*, uint32_t, void*, uint32_t, uint32_t)
D/        (  805): TIMA: QCOM_send_command--int8_t QCOM_send_command(TIMA_handle_t, void*, uint32_t, void*, uint32_t, uint32_t)
D/        (  805): rsp_len = 1008 rcvd_data_len = 1040, self_calculate_len=1040
D/        (  805): TIMA: QCOM_send_command result--0
D/        (  805): TIMA_PKM_measure_kernel returns with resp..ret=512!
D/        (  805): TAL: TIMA_PKM_measure_kernel--int8_t TIMA_PKM_measure_kernel(TIMA_handle_t, void*, uint32_t, void*, uint32_t, uint32_t)
D/        (  805): TIMA: QCOM_send_command--int8_t QCOM_send_command(TIMA_handle_t, void*, uint32_t, void*, uint32_t, uint32_t)
D/        (  805): rsp_len = 1008 rcvd_data_len = 1040, self_calculate_len=1040
D/        (  805): TIMA: QCOM_send_command result--0
D/        (  805): TIMA_PKM_measure_kernel returns with resp..ret=512!
D/        (  805): TAL: TIMA_PKM_measure_kernel--int8_t TIMA_PKM_measure_kernel(TIMA_handle_t, void*, uint32_t, void*, uint32_t, uint32_t)
D/        (  805): TIMA: QCOM_send_command--int8_t QCOM_send_command(TIMA_handle_t, void*, uint32_t, void*, uint32_t, uint32_t)
D/        (  805): rsp_len = 1008 rcvd_data_len = 1040, self_calculate_len=1040
D/        (  805): TIMA: QCOM_send_command result--0
D/        (  805): TIMA_PKM_measure_kernel returns with resp..ret=512!
D/        (  805): TAL: TIMA_PKM_measure_kernel--int8_t TIMA_PKM_measure_kernel(TIMA_handle_t, void*, uint32_t, void*, uint32_t, uint32_t)
D/        (  805): TIMA: QCOM_send_command--int8_t QCOM_send_command(TIMA_handle_t, void*, uint32_t, void*, uint32_t, uint32_t)
D/        (  805): rsp_len = 1008 rcvd_data_len = 1040, self_calculate_len=1040
D/        (  805): TIMA: QCOM_send_command result--0
D/        (  805): TIMA_PKM_measure_kernel returns with resp..ret=512!
D/        (  805): TAL: TIMA_PKM_measure_kernel--int8_t TIMA_PKM_measure_kernel(TIMA_handle_t, void*, uint32_t, void*, uint32_t, uint32_t)
D/        (  805): TIMA: QCOM_send_command--int8_t QCOM_send_command(TIMA_handle_t, void*, uint32_t, void*, uint32_t, uint32_t)
D/        (  805): rsp_len = 1008 rcvd_data_len = 1040, self_calculate_len=1040
D/        (  805): TIMA: QCOM_send_command result--0
D/        (  805): TIMA_PKM_measure_kernel returns with resp..ret=512!
D/        (  805): TAL: TIMA_PKM_measure_kernel--int8_t TIMA_PKM_measure_kernel(TIMA_handle_t, void*, uint32_t, void*, uint32_t, uint32_t)
D/        (  805): TIMA: QCOM_send_command--int8_t QCOM_send_command(TIMA_handle_t, void*, uint32_t, void*, uint32_t, uint32_t)
D/        (  805): rsp_len = 1008 rcvd_data_len = 1040, self_calculate_len=1040
D/        (  805): TIMA: QCOM_send_command result--0
D/        (  805): TIMA_PKM_measure_kernel returns with resp..ret=512!
D/        (  805): TAL: TIMA_PKM_measure_kernel--int8_t TIMA_PKM_measure_kernel(TIMA_handle_t, void*, uint32_t, void*, uint32_t, uint32_t)
D/        (  805): TIMA: QCOM_send_command--int8_t QCOM_send_command(TIMA_handle_t, void*, uint32_t, void*, uint32_t, uint32_t)
D/        (  805): rsp_len = 1008 rcvd_data_len = 1040, self_calculate_len=1040
D/KeyguardViewMediator( 1190): setHidden false
D/KeyguardUpdateMonitor( 1190): sendKeyguardVisibilityChanged(true)
D/KeyguardUpdateMonitor( 1190): handleKeyguardVisibilityChanged(1)
D/        (  805): TIMA: QCOM_send_command result--0
D/        (  805): TIMA_PKM_measure_kernel returns with resp..ret=512!
D/        (  805): TAL: TIMA_PKM_measure_kernel--int8_t TIMA_PKM_measure_kernel(TIMA_handle_t, void*, uint32_t, void*, uint32_t, uint32_t)
D/        (  805): TIMA: QCOM_send_command--int8_t QCOM_send_command(TIMA_handle_t, void*, uint32_t, void*, uint32_t, uint32_t)
D/        (  805): rsp_len = 1008 rcvd_data_len = 1040, self_calculate_len=1040
D/        (  805): TIMA: QCOM_send_command result--0
D/        (  805): TIMA_PKM_measure_kernel returns with resp..ret=512!
D/        (  805): TAL: TIMA_PKM_measure_kernel--int8_t TIMA_PKM_measure_kernel(TIMA_handle_t, void*, uint32_t, void*, uint32_t, uint32_t)
D/        (  805): TIMA: QCOM_send_command--int8_t QCOM_send_command(TIMA_handle_t, void*, uint32_t, void*, uint32_t, uint32_t)
D/        (  805): rsp_len = 1008 rcvd_data_len = 1040, self_calculate_len=1040
D/        (  805): TIMA: QCOM_send_command result--0
D/        (  805): TIMA_PKM_measure_kernel returns with resp..ret=512!
D/        (  805): TAL: TIMA_PKM_measure_kernel--int8_t TIMA_PKM_measure_kernel(TIMA_handle_t, void*, uint32_t, void*, uint32_t, uint32_t)
D/        (  805): TIMA: QCOM_send_command--int8_t QCOM_send_command(TIMA_handle_t, void*, uint32_t, void*, uint32_t, uint32_t)
D/        (  805): rsp_len = 1008 rcvd_data_len = 1040, self_calculate_len=1040
D/        (  805): TIMA: QCOM_send_command result--0
D/        (  805): TIMA_PKM_measure_kernel returns with resp..ret=512!
D/        (  805): TAL: TIMA_PKM_measure_kernel--int8_t TIMA_PKM_measure_kernel(TIMA_handle_t, void*, uint32_t, void*, uint32_t, uint32_t)
D/        (  805): TIMA: QCOM_send_command--int8_t QCOM_send_command(TIMA_handle_t, void*, uint32_t, void*, uint32_t, uint32_t)
D/        (  805): rsp_len = 1008 rcvd_data_len = 1040, self_calculate_len=1040
D/        (  805): TIMA: QCOM_send_command result--0
D/        (  805): TIMA_PKM_measure_kernel returns with resp..ret=512!
D/        (  805): TAL: TIMA_PKM_measure_kernel--int8_t TIMA_PKM_measure_kernel(TIMA_handle_t, void*, uint32_t, void*, uint32_t, uint32_t)
D/        (  805): TIMA: QCOM_send_command--int8_t QCOM_send_command(TIMA_handle_t, void*, uint32_t, void*, uint32_t, uint32_t)
D/        (  805): rsp_len = 1008 rcvd_data_len = 1040, self_calculate_len=1040
D/        (  805): TIMA: QCOM_send_command result--0
D/        (  805): TIMA_PKM_measure_kernel returns with resp..ret=512!
D/        (  805): TAL: TIMA_PKM_measure_kernel--int8_t TIMA_PKM_measure_kernel(TIMA_handle_t, void*, uint32_t, void*, uint32_t, uint32_t)
D/        (  805): TIMA: QCOM_send_command--int8_t QCOM_send_command(TIMA_handle_t, void*, uint32_t, void*, uint32_t, uint32_t)
D/        (  805): rsp_len = 1008 rcvd_data_len = 1040, self_calculate_len=1040
D/        (  805): TIMA: QCOM_send_command result--0
D/        (  805): TIMA_PKM_measure_kernel returns with resp..ret=512!
D/        (  805): TAL: TIMA_PKM_measure_kernel--int8_t TIMA_PKM_measure_kernel(TIMA_handle_t, void*, uint32_t, void*, uint32_t, uint32_t)
D/        (  805): TIMA: QCOM_send_command--int8_t QCOM_send_command(TIMA_handle_t, void*, uint32_t, void*, uint32_t, uint32_t)
D/        (  805): rsp_len = 1008 rcvd_data_len = 1040, self_calculate_len=1040
E/MP-Decision( 1859): num online cores: 4 reqd : 2 available : 4 rq_depth:2.000000 hotplug_avg_load_dw: 100
E/MP-Decision( 1859): DOWN cpu:3 core_idx:3 Ns:3.100000 Ts:240 rq:2.000000 seq:245.000000
E/MP-Decision( 1859): DOWN cpu:2 core_idx:2 Ns:2.100000 Ts:240 rq:2.000000 seq:245.000000
D/        (  805): TIMA: QCOM_send_command result--0
D/        (  805): TIMA_PKM_measure_kernel returns with resp..ret=512!
D/        (  805): TAL: TIMA_PKM_measure_kernel--int8_t TIMA_PKM_measure_kernel(TIMA_handle_t, void*, uint32_t, void*, uint32_t, uint32_t)
D/        (  805): TIMA: QCOM_send_command--int8_t QCOM_send_command(TIMA_handle_t, void*, uint32_t, void*, uint32_t, uint32_t)
D/        (  805): rsp_len = 1008 rcvd_data_len = 1040, self_calculate_len=1040
D/        (  805): TIMA: QCOM_send_command result--0
D/        (  805): TIMA_PKM_measure_kernel returns with resp..ret=512!
D/        (  805): TAL: TIMA_PKM_measure_kernel--int8_t TIMA_PKM_measure_kernel(TIMA_handle_t, void*, uint32_t, void*, uint32_t, uint32_t)
D/        (  805): TIMA: QCOM_send_command--int8_t QCOM_send_command(TIMA_handle_t, void*, uint32_t, void*, uint32_t, uint32_t)
D/        (  805): rsp_len = 1008 rcvd_data_len = 1040, self_calculate_len=1040
D/        (  805): TIMA: QCOM_send_command result--0
D/        (  805): TIMA_PKM_measure_kernel returns with resp..ret=512!
D/        (  805): TAL: TIMA_PKM_measure_kernel--int8_t TIMA_PKM_measure_kernel(TIMA_handle_t, void*, uint32_t, void*, uint32_t, uint32_t)
D/        (  805): TIMA: QCOM_send_command--int8_t QCOM_send_command(TIMA_handle_t, void*, uint32_t, void*, uint32_t, uint32_t)
D/        (  805): rsp_len = 1008 rcvd_data_len = 1040, self_calculate_len=1040
D/        (  805): TIMA: QCOM_send_command result--0
D/        (  805): TIMA_PKM_measure_kernel returns with resp..ret=512!
D/        (  805): TAL: TIMA_PKM_measure_kernel--int8_t TIMA_PKM_measure_kernel(TIMA_handle_t, void*, uint32_t, void*, uint32_t, uint32_t)
D/        (  805): TIMA: QCOM_send_command--int8_t QCOM_send_command(TIMA_handle_t, void*, uint32_t, void*, uint32_t, uint32_t)
D/        (  805): rsp_len = 1008 rcvd_data_len = 1040, self_calculate_len=1040
D/        (  805): TIMA: QCOM_send_command result--0
D/        (  805): TIMA_PKM_measure_kernel returns with resp..ret=512!
D/        (  805): TAL: TIMA_PKM_measure_kernel--int8_t TIMA_PKM_measure_kernel(TIMA_handle_t, void*, uint32_t, void*, uint32_t, uint32_t)
D/        (  805): TIMA: QCOM_send_command--int8_t QCOM_send_command(TIMA_handle_t, void*, uint32_t, void*, uint32_t, uint32_t)
D/        (  805): rsp_len = 1008 rcvd_data_len = 1040, self_calculate_len=1040
D/        (  805): TIMA: QCOM_send_command result--0
D/        (  805): TIMA_PKM_measure_kernel returns with resp..ret=512!
D/        (  805): TAL: TIMA_PKM_measure_kernel--int8_t TIMA_PKM_measure_kernel(TIMA_handle_t, void*, uint32_t, void*, uint32_t, uint32_t)
D/        (  805): TIMA: QCOM_send_command--int8_t QCOM_send_command(TIMA_handle_t, void*, uint32_t, void*, uint32_t, uint32_t)
D/        (  805): rsp_len = 1008 rcvd_data_len = 1040, self_calculate_len=1040
D/        (  805): TIMA: QCOM_send_command result--0
D/        (  805): TIMA_PKM_measure_kernel returns with resp..ret=512!
D/        (  805): TAL: TIMA_PKM_measure_kernel--int8_t TIMA_PKM_measure_kernel(TIMA_handle_t, void*, uint32_t, void*, uint32_t, uint32_t)
D/        (  805): TIMA: QCOM_send_command--int8_t QCOM_send_command(TIMA_handle_t, void*, uint32_t, void*, uint32_t, uint32_t)
D/        (  805): rsp_len = 1008 rcvd_data_len = 1040, self_calculate_len=1040
D/        (  805): TIMA: QCOM_send_command result--0
D/        (  805): TIMA_PKM_measure_kernel returns with resp..ret=512!
D/        (  805): TAL: TIMA_PKM_measure_kernel--int8_t TIMA_PKM_measure_kernel(TIMA_handle_t, void*, uint32_t, void*, uint32_t, uint32_t)
D/        (  805): TIMA: QCOM_send_command--int8_t QCOM_send_command(TIMA_handle_t, void*, uint32_t, void*, uint32_t, uint32_t)
D/        (  805): rsp_len = 1008 rcvd_data_len = 1040, self_calculate_len=1040
D/        (  805): TIMA: QCOM_send_command result--0
D/        (  805): TIMA_PKM_measure_kernel returns with resp..ret=512!
D/        (  805): TAL: TIMA_PKM_measure_kernel--int8_t TIMA_PKM_measure_kernel(TIMA_handle_t, void*, uint32_t, void*, uint32_t, uint32_t)
D/        (  805): TIMA: QCOM_send_command--int8_t QCOM_send_command(TIMA_handle_t, void*, uint32_t, void*, uint32_t, uint32_t)
D/        (  805): rsp_len = 1008 rcvd_data_len = 1040, self_calculate_len=1040
D/        (  805): TIMA: QCOM_send_command result--0
D/        (  805): TIMA_PKM_measure_kernel returns with resp..ret=512!
D/        (  805): TAL: TIMA_PKM_measure_kernel--int8_t TIMA_PKM_measure_kernel(TIMA_handle_t, void*, uint32_t, void*, uint32_t, uint32_t)
D/        (  805): TIMA: QCOM_send_command--int8_t QCOM_send_command(TIMA_handle_t, void*, uint32_t, void*, uint32_t, uint32_t)
D/        (  805): rsp_len = 1008 rcvd_data_len = 1040, self_calculate_len=1040
D/        (  805): TIMA: QCOM_send_command result--0
D/        (  805): TIMA_PKM_measure_kernel returns with resp..ret=512!
D/        (  805): TAL: TIMA_PKM_measure_kernel--int8_t TIMA_PKM_measure_kernel(TIMA_handle_t, void*, uint32_t, void*, uint32_t, uint32_t)
D/        (  805): TIMA: QCOM_send_command--int8_t QCOM_send_command(TIMA_handle_t, void*, uint32_t, void*, uint32_t, uint32_t)
D/        (  805): rsp_len = 1008 rcvd_data_len = 1040, self_calculate_len=1040
D/        (  805): TIMA: QCOM_send_command result--0
D/        (  805): TIMA_PKM_measure_kernel returns with resp..ret=512!
D/        (  805): TAL: TIMA_PKM_measure_kernel--int8_t TIMA_PKM_measure_kernel(TIMA_handle_t, void*, uint32_t, void*, uint32_t, uint32_t)
D/        (  805): TIMA: QCOM_send_command--int8_t QCOM_send_command(TIMA_handle_t, void*, uint32_t, void*, uint32_t, uint32_t)
D/        (  805): rsp_len = 1008 rcvd_data_len = 1040, self_calculate_len=1040
D/        (  805): TIMA: QCOM_send_command result--0
D/        (  805): TIMA_PKM_measure_kernel returns with resp..ret=512!
D/        (  805): TAL: TIMA_PKM_measure_kernel--int8_t TIMA_PKM_measure_kernel(TIMA_handle_t, void*, uint32_t, void*, uint32_t, uint32_t)
D/        (  805): TIMA: QCOM_send_command--int8_t QCOM_send_command(TIMA_handle_t, void*, uint32_t, void*, uint32_t, uint32_t)
D/        (  805): rsp_len = 1008 rcvd_data_len = 1040, self_calculate_len=1040
D/        (  805): TIMA: QCOM_send_command result--0
D/        (  805): TIMA_PKM_measure_kernel returns with resp..ret=512!
