E/MP-Decision( 1859): num online cores: 3 reqd : 4 available : 4 rq_depth:4.300000 hotplug_avg_load_dw: 148
E/MP-Decision( 1859): UP cpu:1 core_idx:1 Nw:1.900000 Tw:140 rq:4.300000 seq:0.000000
E/MP-Decision( 1859): UP cpu:2 core_idx:2 Nw:2.700000 Tw:90 rq:4.300000 seq:0.000000
E/MP-Decision( 1859): UP cpu:3 core_idx:3 Nw:3.500000 Tw:90 rq:4.300000 seq:98.000000
V/meteor.cordova.updater( 8618): remapUri http://www.google-analytics.com/collect?v=1&_v=j37&a=166470535&t=timing&_s=6&dl=http%3A%2F%2Fmeteor.local%2Fsignin&ul=en-us&de=UTF-8&dt=SportsPlus%20-%20Real%20Cash%20Daily%20Fantasy%20Sports&sd=32-bit&sr=360x640&vp=360x640&je=1&utc=data_subscribe&utv=home&utl=lineupsHome&utt=935&_u=SEAAAAQAI~&jid=&cid=1154900642.1434763241&uid=Bork2nfQoqpDGqdcf&tid=UA-59831507-3&cd1=Bork2nfQoqpDGqdcf&z=817027218
D/meteor.cordova.updater( 8618): Host is not intercepted: www.google-analytics.com
D/CordovaLog( 8618): http://meteor.local/13adf1330be3511983a868a9749c87b3565645a8.js: Line 154 : Logging usertime: category- data_subscribe, name - home, time - 935, label - lineupsHome
I/chromium( 8618): [INFO:CONSOLE(154)] "Logging usertime: category- data_subscribe, name - home, time - 935, label - lineupsHome", source: http://meteor.local/13adf1330be3511983a868a9749c87b3565645a8.js (154)
D/CordovaLog( 8618): http://meteor.local/13adf1330be3511983a868a9749c87b3565645a8.js: Line 154 : Tracking user_id: Bork2nfQoqpDGqdcf
I/chromium( 8618): [INFO:CONSOLE(154)] "Tracking user_id: Bork2nfQoqpDGqdcf", source: http://meteor.local/13adf1330be3511983a868a9749c87b3565645a8.js (154)
W/qdhwcomposer(  276): Excessive delay reading vsync: took 1059 ms
W/EDMNativeHelper(  266): EDMNativeHelperService is published
V/GCMBroadcastReceiver( 8618): onReceive: com.google.android.c2dm.intent.REGISTRATION
V/GCMBroadcastReceiver( 8618): GCM IntentService class: com.plugin.gcm.GCMIntentService
V/GCMBaseIntentService( 8618): Acquiring wakelock
V/GCMBaseIntentService( 8618): Intent service name: GCMIntentService-GCMIntentService-2
V/GCMRegistrar( 8618): Registering receiver
D/GCMBaseIntentService( 8618): handleRegistration: registrationId = APA91bH0iN0c4D75CQsDSF8_LqiroAxIabQ7XqconUXtuqJutoTx2_21piEL_7jhmRcDpmBs_r7BmwPSAp5aWTc6wVs7UH7lZP6l9plahT47WhNEVQR84iALVu60fXKgsX3rKJcXcRoGWhXx-64kfmvfSE95493Yow, error = null, unregistered = null
D/GCMRegistrar( 8618): resetting backoff for com.sportsplusinc.ios.sportsplus
V/GCMRegistrar( 8618): Saving regId on app version 1
V/GCMIntentService( 8618): onRegistered: APA91bH0iN0c4D75CQsDSF8_LqiroAxIabQ7XqconUXtuqJutoTx2_21piEL_7jhmRcDpmBs_r7BmwPSAp5aWTc6wVs7UH7lZP6l9plahT47WhNEVQR84iALVu60fXKgsX3rKJcXcRoGWhXx-64kfmvfSE95493Yow
V/GCMIntentService( 8618): onRegistered: {"regid":"APA91bH0iN0c4D75CQsDSF8_LqiroAxIabQ7XqconUXtuqJutoTx2_21piEL_7jhmRcDpmBs_r7BmwPSAp5aWTc6wVs7UH7lZP6l9plahT47WhNEVQR84iALVu60fXKgsX3rKJcXcRoGWhXx-64kfmvfSE95493Yow","event":"registered"}
V/PushPlugin( 8618): sendJavascript: javascript:onNotificationGCM({"regid":"APA91bH0iN0c4D75CQsDSF8_LqiroAxIabQ7XqconUXtuqJutoTx2_21piEL_7jhmRcDpmBs_r7BmwPSAp5aWTc6wVs7UH7lZP6l9plahT47WhNEVQR84iALVu60fXKgsX3rKJcXcRoGWhXx-64kfmvfSE95493Yow","event":"registered"})
V/GCMBaseIntentService( 8618): Releasing wakelock
D/CordovaLog( 8618): http://meteor.local/13adf1330be3511983a868a9749c87b3565645a8.js: Line 413 : Push Notification register success... OS: Android , device token: APA91bH0iN0c4D75CQsDSF8_LqiroAxIabQ7XqconUXtuqJutoTx2_21piEL_7jhmRcDpmBs_r7BmwPSAp5aWTc6wVs7UH7lZP6l9plahT47WhNEVQR84iALVu60fXKgsX3rKJcXcRoGWhXx-64kfmvfSE95493Yow
I/chromium( 8618): [INFO:CONSOLE(413)] "Push Notification register success... OS: Android , device token: APA91bH0iN0c4D75CQsDSF8_LqiroAxIabQ7XqconUXtuqJutoTx2_21piEL_7jhmRcDpmBs_r7BmwPSAp5aWTc6wVs7UH7lZP6l9plahT47WhNEVQR84iALVu60fXKgsX3rKJcXcRoGWhXx-64kfmvfSE95493Yow", source: http://meteor.local/13adf1330be3511983a868a9749c87b3565645a8.js (413)
E/MP-Decision( 1859): num online cores: 4 reqd : 2 available : 4 rq_depth:1.900000 hotplug_avg_load_dw: 152
E/MP-Decision( 1859): DOWN cpu:3 core_idx:3 Ns:3.100000 Ts:240 rq:1.900000 seq:244.000000
E/MP-Decision( 1859): DOWN cpu:2 core_idx:2 Ns:2.100000 Ts:240 rq:1.900000 seq:244.000000
E/MP-Decision( 1859): num online cores: 2 reqd : 1 available : 4 rq_depth:0.000000 hotplug_avg_load_dw: 14
E/MP-Decision( 1859): DOWN cpu:1 core_idx:1 Ns:1.100000 Ts:190 rq:0.000000 seq:245.000000
W/EDMNativeHelper(  266): EDMNativeHelperService is published
D/ALSADevice(  279): standby: handle 0xb81feb08 h 0x0
V/ALSADevice(  279): standby handle h 0xb8277538
D/InputReader(  805): Input event: value=1 when=63328449337000
I/InputReader(  805): Touch event's action is 0x0 (deviceType=0) [pCnt=1, s=0.3181 ] when=63328449887000
I/InputDispatcher(  805): Delivering touch to: action: 0x0
E/lights  (  805): write_int failed to open -1
D/InputReader(  805): Input event: value=0 when=63328508694000
I/InputReader(  805): Touch event's action is 0x1 (deviceType=0) [pCnt=1, s=] when=63328508694000
I/InputDispatcher(  805): Delivering touch to: action: 0x1
D/alsa_ucm(  279): snd_use_case_set(): uc_mgr 0xb81cc338 identifier _verb value Inactive
D/alsa_ucm(  279): Set mixer controls for HiFi enable 0
D/alsa_ucm(  279): Setting mixer control: SLIMBUS_0_RX Audio Mixer MultiMedia1, value: 0
V/ALSADevice(  279): Number of modifiers 0
V/ALSADevice(  279): usecase_type is 0
D/alsa_ucm(  279): snd_use_case_set(): uc_mgr 0xb81cc338 identifier _disdev value VR Main Mic
D/alsa_ucm(  279): disdev: device VR Main Mic not enabled, no need to disable
D/alsa_ucm(  279): snd_use_case_set(): uc_mgr 0xb81cc338 identifier _disdev value Speaker
D/alsa_ucm(  279): Set mixer controls for Speaker enable 0
D/alsa_ucm(  279): Setting mixer control: RX5 MIX1 INP1, value: ZERO
D/alsa_ucm(  279): Setting mixer control: RX5 MIX1 INP2, value: ZERO
D/alsa_ucm(  279): Setting mixer control: LINEOUT2 Volume, value: 0
D/alsa_ucm(  279): Setting mixer control: LINEOUT4 Volume, value: 0
D/alsa_ucm(  279): Setting mixer control: RX5 Digital Volume, value: 0
W/EDMNativeHelper(  266): EDMNativeHelperService is published
D/CordovaLog( 8618): http://meteor.local/13adf1330be3511983a868a9749c87b3565645a8.js: Line 441 : -------- loading template is created
I/chromium( 8618): [INFO:CONSOLE(441)] "-------- loading template is created", source: http://meteor.local/13adf1330be3511983a868a9749c87b3565645a8.js (441)
V/meteor.cordova.updater( 8618): remapUri http://meteor.local/favicon.ico
D/meteor.cordova.updater( 8618): Unable to find http://meteor.local/favicon.ico, will try http://meteor.local/index.html
D/meteor.cordova.updater( 8618): Remapping to file:///data/data/com.sportsplusinc.ios.sportsplus/files/meteor/05197ad601223fabb72c17c5f7cbcfe18fd06a7b/index.html
D/CordovaLog( 8618): http://meteor.local/13adf1330be3511983a868a9749c87b3565645a8.js: Line 154 : Logging usertime: category- data_subscribe, name - lineupContestList, time - 212, label - contestsList
I/chromium( 8618): [INFO:CONSOLE(154)] "Logging usertime: category- data_subscribe, name - lineupContestList, time - 212, label - contestsList", source: http://meteor.local/13adf1330be3511983a868a9749c87b3565645a8.js (154)
D/CordovaLog( 8618): http://meteor.local/13adf1330be3511983a868a9749c87b3565645a8.js: Line 154 : Tracking user_id: Bork2nfQoqpDGqdcf
I/chromium( 8618): [INFO:CONSOLE(154)] "Tracking user_id: Bork2nfQoqpDGqdcf", source: http://meteor.local/13adf1330be3511983a868a9749c87b3565645a8.js (154)
V/meteor.cordova.updater( 8618): remapUri http://www.google-analytics.com/collect?v=1&_v=j37&a=166470535&t=timing&_s=7&dl=http%3A%2F%2Fmeteor.local%2Fsignin&ul=en-us&de=UTF-8&dt=SportsPlus%20-%20Real%20Cash%20Daily%20Fantasy%20Sports&sd=32-bit&sr=360x640&vp=360x640&je=1&utc=data_subscribe&utv=lineupContestList&utl=contestsList&utt=212&_u=SEAAAAQAI~&jid=&cid=1154900642.1434763241&uid=Bork2nfQoqpDGqdcf&tid=UA-59831507-3&cd1=Bork2nfQoqpDGqdcf&z=926074380
D/meteor.cordova.updater( 8618): Host is not intercepted: www.google-analytics.com
D/CordovaLog( 8618): http://meteor.local/13adf1330be3511983a868a9749c87b3565645a8.js: Line 515 : ---------- push last_url: /home url: /lineup/contestList
I/chromium( 8618): [INFO:CONSOLE(515)] "---------- push last_url: /home url: /lineup/contestList", source: http://meteor.local/13adf1330be3511983a868a9749c87b3565645a8.js (515)
D/CordovaLog( 8618): http://meteor.local/13adf1330be3511983a868a9749c87b3565645a8.js: Line 515 : ---------- push last_url: /lineup/contestList url: /lineup/contestList
I/chromium( 8618): [INFO:CONSOLE(515)] "---------- push last_url: /lineup/contestList url: /lineup/contestList", source: http://meteor.local/13adf1330be3511983a868a9749c87b3565645a8.js (515)
E/MP-Decision( 1859): num online cores: 1 reqd : 2 available : 4 rq_depth:2.500000 hotplug_avg_load_dw: 71
E/MP-Decision( 1859): UP cpu:1 core_idx:1 Nw:1.900000 Tw:140 rq:2.500000 seq:147.000000
V/meteor.cordova.updater( 8618): remapUri https://sportsplusdev.s3.amazonaws.com/assets/images/baseball_white.png
D/meteor.cordova.updater( 8618): Host is not intercepted: sportsplusdev.s3.amazonaws.com
D/CordovaLog( 8618): http://meteor.local/13adf1330be3511983a868a9749c87b3565645a8.js: Line 441 : -------- loading tempalte is destroyed
I/chromium( 8618): [INFO:CONSOLE(441)] "-------- loading tempalte is destroyed", source: http://meteor.local/13adf1330be3511983a868a9749c87b3565645a8.js (441)
W/EDMNativeHelper(  266): EDMNativeHelperService is published
E/MP-Decision( 1859): num online cores: 2 reqd : 1 available : 4 rq_depth:0.300000 hotplug_avg_load_dw: 23
E/MP-Decision( 1859): DOWN cpu:1 core_idx:1 Ns:1.100000 Ts:190 rq:0.300000 seq:244.000000
D/InputReader(  805): Input event: value=1 when=63330532895000
I/InputReader(  805): Touch event's action is 0x0 (deviceType=0) [pCnt=1, s=0.3182 ] when=63330533291000
I/InputDispatcher(  805): Delivering touch to: action: 0x0
D/InputReader(  805): Input event: value=0 when=63330591519000
I/InputReader(  805): Touch event's action is 0x1 (deviceType=0) [pCnt=1, s=] when=63330591519000
I/InputDispatcher(  805): Delivering touch to: action: 0x1
D/CordovaLog( 8618): http://meteor.local/13adf1330be3511983a868a9749c87b3565645a8.js: Line 154 : Logging event: Lineup | Create | undefined | undefined
I/chromium( 8618): [INFO:CONSOLE(154)] "Logging event: Lineup | Create | undefined | undefined", source: http://meteor.local/13adf1330be3511983a868a9749c87b3565645a8.js (154)
D/CordovaLog( 8618): http://meteor.local/13adf1330be3511983a868a9749c87b3565645a8.js: Line 154 : Tracking user_id: Bork2nfQoqpDGqdcf
I/chromium( 8618): [INFO:CONSOLE(154)] "Tracking user_id: Bork2nfQoqpDGqdcf", source: http://meteor.local/13adf1330be3511983a868a9749c87b3565645a8.js (154)
V/meteor.cordova.updater( 8618): remapUri http://www.google-analytics.com/collect?v=1&_v=j37&a=166470535&t=event&_s=8&dl=http%3A%2F%2Fmeteor.local%2Fsignin&ul=en-us&de=UTF-8&dt=SportsPlus%20-%20Real%20Cash%20Daily%20Fantasy%20Sports&sd=32-bit&sr=360x640&vp=360x640&je=1&ec=Lineup&ea=Create&_u=SEAAAAQAI~&jid=&cid=1154900642.1434763241&uid=Bork2nfQoqpDGqdcf&tid=UA-59831507-3&cd1=Bork2nfQoqpDGqdcf&z=1836403782
D/meteor.cordova.updater( 8618): Host is not intercepted: www.google-analytics.com
W/EDMNativeHelper(  266): EDMNativeHelperService is published
D/CordovaLog( 8618): http://meteor.local/13adf1330be3511983a868a9749c87b3565645a8.js: Line 441 : -------- loading template is created
I/chromium( 8618): [INFO:CONSOLE(441)] "-------- loading template is created", source: http://meteor.local/13adf1330be3511983a868a9749c87b3565645a8.js (441)
D/CordovaLog( 8618): http://meteor.local/13adf1330be3511983a868a9749c87b3565645a8.js: Line 457 : ------ show player cell: 9
I/chromium( 8618): [INFO:CONSOLE(457)] "------ show player cell: 9", source: http://meteor.local/13adf1330be3511983a868a9749c87b3565645a8.js (457)
D/CordovaLog( 8618): http://meteor.local/13adf1330be3511983a868a9749c87b3565645a8.js: Line 457 : ------ show player cell: 8
I/chromium( 8618): [INFO:CONSOLE(457)] "------ show player cell: 8", source: http://meteor.local/13adf1330be3511983a868a9749c87b3565645a8.js (457)
D/CordovaLog( 8618): http://meteor.local/13adf1330be3511983a868a9749c87b3565645a8.js: Line 457 : ------ show player cell: 8
I/chromium( 8618): [INFO:CONSOLE(457)] "------ show player cell: 8", source: http://meteor.local/13adf1330be3511983a868a9749c87b3565645a8.js (457)
V/meteor.cordova.updater( 8618): remapUri http://meteor.local/favicon.ico
D/meteor.cordova.updater( 8618): Unable to find http://meteor.local/favicon.ico, will try http://meteor.local/index.html
D/meteor.cordova.updater( 8618): Remapping to file:///data/data/com.sportsplusinc.ios.sportsplus/files/meteor/05197ad601223fabb72c17c5f7cbcfe18fd06a7b/index.html
E/MP-Decision( 1859): num online cores: 1 reqd : 3 available : 4 rq_depth:2.900000 hotplug_avg_load_dw: 71
E/MP-Decision( 1859): UP cpu:1 core_idx:1 Nw:1.900000 Tw:140 rq:2.900000 seq:98.000000
E/MP-Decision( 1859): UP cpu:2 core_idx:2 Nw:2.700000 Tw:90 rq:2.900000 seq:98.000000
D/CordovaLog( 8618): http://meteor.local/13adf1330be3511983a868a9749c87b3565645a8.js: Line 154 : Logging usertime: category- data_subscribe, name - createLineup, time - 574, label - contestForCreateLineup
I/chromium( 8618): [INFO:CONSOLE(154)] "Logging usertime: category- data_subscribe, name - createLineup, time - 574, label - contestForCreateLineup", source: http://meteor.local/13adf1330be3511983a868a9749c87b3565645a8.js (154)
D/CordovaLog( 8618): http://meteor.local/13adf1330be3511983a868a9749c87b3565645a8.js: Line 154 : Tracking user_id: Bork2nfQoqpDGqdcf
I/chromium( 8618): [INFO:CONSOLE(154)] "Tracking user_id: Bork2nfQoqpDGqdcf", source: http://meteor.local/13adf1330be3511983a868a9749c87b3565645a8.js (154)
V/AlarmManager(  805): waitForAlarm result :8
D/KeyguardClockWidgetService( 1799): onReceive action=android.intent.action.TIME_TICK
V/AlarmManager(  805): ClockReceiver onReceive() ACTION_TIME_TICK
V/AlarmManager(  805): ___SyncScheduler (v3) ACTIVATED___
V/AlarmManager(  805): <AppSync3 Whitelist>
V/AlarmManager(  805): (AppSync) com.google.android.gms : 1680(240)
V/AlarmManager(  805): (AppSync) ### 1 added ###
D/KeyguardUpdateMonitor( 1190): received broadcast android.intent.action.TIME_TICK
D/KeyguardUpdateMonitor( 1190): handleTimeUpdate
V/meteor.cordova.updater( 8618): remapUri http://www.google-analytics.com/collect?v=1&_v=j37&a=166470535&t=timing&_s=9&dl=http%3A%2F%2Fmeteor.local%2Fsignin&ul=en-us&de=UTF-8&dt=SportsPlus%20-%20Real%20Cash%20Daily%20Fantasy%20Sports&sd=32-bit&sr=360x640&vp=360x640&je=1&utc=data_subscribe&utv=createLineup&utl=contestForCreateLineup&utt=574&_u=SEAAAAQAI~&jid=&cid=1154900642.1434763241&uid=Bork2nfQoqpDGqdcf&tid=UA-59831507-3&cd1=Bork2nfQoqpDGqdcf&z=18017886
D/meteor.cordova.updater( 8618): Host is not intercepted: www.google-analytics.com
D/STATUSBAR-IconMerger( 1190): checkOverflow(504), More:false, Req:false Child:1
V/meteor.cordova.updater( 8618): remapUri http://www.google-analytics.com/collect?v=1&_v=j37&a=166470535&t=timing&_s=10&dl=http%3A%2F%2Fmeteor.local%2Fsignin&ul=en-us&de=UTF-8&dt=SportsPlus%20-%20Real%20Cash%20Daily%20Fantasy%20Sports&sd=32-bit&sr=360x640&vp=360x640&je=1&utc=data_subscribe&utv=createLineup&utl=games&utt=624&_u=SEAAAAQAI~&jid=&cid=1154900642.1434763241&uid=Bork2nfQoqpDGqdcf&tid=UA-59831507-3&cd1=Bork2nfQoqpDGqdcf&z=958900330
D/meteor.cordova.updater( 8618): Host is not intercepted: www.google-analytics.com
D/CordovaLog( 8618): http://meteor.local/13adf1330be3511983a868a9749c87b3565645a8.js: Line 154 : Logging usertime: category- data_subscribe, name - createLineup, time - 624, label - games
I/chromium( 8618): [INFO:CONSOLE(154)] "Logging usertime: category- data_subscribe, name - createLineup, time - 624, label - games", source: http://meteor.local/13adf1330be3511983a868a9749c87b3565645a8.js (154)
D/CordovaLog( 8618): http://meteor.local/13adf1330be3511983a868a9749c87b3565645a8.js: Line 154 : Tracking user_id: Bork2nfQoqpDGqdcf
I/chromium( 8618): [INFO:CONSOLE(154)] "Tracking user_id: Bork2nfQoqpDGqdcf", source: http://meteor.local/13adf1330be3511983a868a9749c87b3565645a8.js (154)
E/MP-Decision( 1859): num online cores: 3 reqd : 4 available : 4 rq_depth:6.300000 hotplug_avg_load_dw: 180
E/MP-Decision( 1859): UP cpu:1 core_idx:1 Nw:1.900000 Tw:140 rq:6.300000 seq:0.000000
E/MP-Decision( 1859): UP cpu:2 core_idx:2 Nw:2.700000 Tw:90 rq:6.300000 seq:0.000000
E/MP-Decision( 1859): UP cpu:3 core_idx:3 Nw:3.500000 Tw:90 rq:6.300000 seq:93.000000
D/CordovaLog( 8618): http://meteor.local/13adf1330be3511983a868a9749c87b3565645a8.js: Line 515 : ---------- push last_url: /lineup/contestList url: /lineup/213
I/chromium( 8618): [INFO:CONSOLE(515)] "---------- push last_url: /lineup/contestList url: /lineup/213", source: http://meteor.local/13adf1330be3511983a868a9749c87b3565645a8.js (515)
D/CordovaLog( 8618): http://meteor.local/13adf1330be3511983a868a9749c87b3565645a8.js: Line 515 : ---------- push last_url: /lineup/213 url: /lineup/213
I/chromium( 8618): [INFO:CONSOLE(515)] "---------- push last_url: /lineup/213 url: /lineup/213", source: http://meteor.local/13adf1330be3511983a868a9749c87b3565645a8.js (515)
D/CordovaLog( 8618): http://meteor.local/13adf1330be3511983a868a9749c87b3565645a8.js: Line 441 : -------- loading tempalte is destroyed
I/chromium( 8618): [INFO:CONSOLE(441)] "-------- loading tempalte is destroyed", source: http://meteor.local/13adf1330be3511983a868a9749c87b3565645a8.js (441)
V/meteor.cordova.updater( 8618): remapUri http://dev-sportsplus-main-03-46331.onmodulus.net/api/raw_data/contest/positions/209/p
D/meteor.cordova.updater( 8618): Host is not intercepted: dev-sportsplus-main-03-46331.onmodulus.net
V/meteor.cordova.updater( 8618): remapUri http://dev-sportsplus-main-03-46331.onmodulus.net/api/raw_data/contest/positions/209/c
D/meteor.cordova.updater( 8618): Host is not intercepted: dev-sportsplus-main-03-46331.onmodulus.net
V/meteor.cordova.updater( 8618): remapUri http://dev-sportsplus-main-03-46331.onmodulus.net/api/raw_data/contest/positions/209/h
D/meteor.cordova.updater( 8618): Host is not intercepted: dev-sportsplus-main-03-46331.onmodulus.net
V/meteor.cordova.updater( 8618): remapUri https://sportsplusdev.s3.amazonaws.com/assets/images/plus.png
D/meteor.cordova.updater( 8618): Host is not intercepted: sportsplusdev.s3.amazonaws.com
D/CordovaLog( 8618): http://meteor.local/13adf1330be3511983a868a9749c87b3565645a8.js: Line 457 : ------ show player cell: 8
I/chromium( 8618): [INFO:CONSOLE(457)] "------ show player cell: 8", source: http://meteor.local/13adf1330be3511983a868a9749c87b3565645a8.js (457)
E/MP-Decision( 1859): num online cores: 4 reqd : 3 available : 4 rq_depth:2.500000 hotplug_avg_load_dw: 158
E/MP-Decision( 1859): DOWN cpu:3 core_idx:3 Ns:3.100000 Ts:240 rq:2.500000 seq:241.000000
W/EDMNativeHelper(  266): EDMNativeHelperService is published
D/CordovaLog( 8618): http://meteor.local/lineup/213: Line 0 : XMLHttpRequest cannot load http://dev-sportsplus-main-03-46331.onmodulus.net/api/raw_data/contest/positions/209/p. Origin http://meteor.local is not allowed by Access-Control-Allow-Origin.
I/chromium( 8618): [INFO:CONSOLE(0)] "XMLHttpRequest cannot load http://dev-sportsplus-main-03-46331.onmodulus.net/api/raw_data/contest/positions/209/p. Origin http://meteor.local is not allowed by Access-Control-Allow-Origin.", source: http://meteor.local/lineup/213 (0)
D/CordovaLog( 8618): http://meteor.local/lineup/213: Line 0 : Uncaught SyntaxError: Unexpected end of input
I/chromium( 8618): [INFO:CONSOLE(0)] "Uncaught SyntaxError: Unexpected end of input", source: http://meteor.local/lineup/213 (0)
W/ProcessCpuTracker(  805): Skipping unknown process pid 9441
W/ProcessCpuTracker(  805): Skipping unknown process pid 9443
W/ProcessCpuTracker(  805): Skipping unknown process pid 9444
D/CordovaLog( 8618): http://meteor.local/lineup/213: Line 0 : XMLHttpRequest cannot load http://dev-sportsplus-main-03-46331.onmodulus.net/api/raw_data/contest/positions/209/c. Origin http://meteor.local is not allowed by Access-Control-Allow-Origin.
I/chromium( 8618): [INFO:CONSOLE(0)] "XMLHttpRequest cannot load http://dev-sportsplus-main-03-46331.onmodulus.net/api/raw_data/contest/positions/209/c. Origin http://meteor.local is not allowed by Access-Control-Allow-Origin.", source: http://meteor.local/lineup/213 (0)
D/CordovaLog( 8618): http://meteor.local/lineup/213: Line 0 : Uncaught SyntaxError: Unexpected end of input
I/chromium( 8618): [INFO:CONSOLE(0)] "Uncaught SyntaxError: Unexpected end of input", source: http://meteor.local/lineup/213 (0)
D/CordovaLog( 8618): http://meteor.local/lineup/213: Line 0 : XMLHttpRequest cannot load http://dev-sportsplus-main-03-46331.onmodulus.net/api/raw_data/contest/positions/209/h. Origin http://meteor.local is not allowed by Access-Control-Allow-Origin.
I/chromium( 8618): [INFO:CONSOLE(0)] "XMLHttpRequest cannot load http://dev-sportsplus-main-03-46331.onmodulus.net/api/raw_data/contest/positions/209/h. Origin http://meteor.local is not allowed by Access-Control-Allow-Origin.", source: http://meteor.local/lineup/213 (0)
D/CordovaLog( 8618): http://meteor.local/lineup/213: Line 0 : Uncaught SyntaxError: Unexpected end of input
I/chromium( 8618): [INFO:CONSOLE(0)] "Uncaught SyntaxError: Unexpected end of input", source: http://meteor.local/lineup/213 (0)
W/qdhwcomposer(  276): Excessive delay reading vsync: took 5412 ms
E/MP-Decision( 1859): num online cores: 3 reqd : 2 available : 4 rq_depth:0.600000 hotplug_avg_load_dw: 65
E/MP-Decision( 1859): DOWN cpu:2 core_idx:2 Ns:2.100000 Ts:240 rq:0.600000 seq:245.000000
E/MP-Decision( 1859): num online cores: 2 reqd : 1 available : 4 rq_depth:0.200000 hotplug_avg_load_dw: 28
E/MP-Decision( 1859): DOWN cpu:1 core_idx:1 Ns:1.100000 Ts:190 rq:0.200000 seq:436.000000
D/InputReader(  805): Input event: value=1 when=63332636868000
I/InputReader(  805): Touch event's action is 0x0 (deviceType=0) [pCnt=1, s=0.3183 ] when=63332637417000
W/EDMNativeHelper(  266): EDMNativeHelperService is published
I/InputDispatcher(  805): Delivering touch to: action: 0x0
D/InputReader(  805): Input event: value=0 when=63332706479000
I/InputReader(  805): Touch event's action is 0x1 (deviceType=0) [pCnt=1, s=] when=63332706509000
I/InputDispatcher(  805): Delivering touch to: action: 0x1
E/MP-Decision( 1859): num online cores: 1 reqd : 3 available : 4 rq_depth:3.900000 hotplug_avg_load_dw: 65
E/MP-Decision( 1859): UP cpu:1 core_idx:1 Nw:1.900000 Tw:140 rq:3.900000 seq:147.000000
E/MP-Decision( 1859): UP cpu:2 core_idx:2 Nw:2.700000 Tw:90 rq:3.900000 seq:98.000000
E/MP-Decision( 1859): num online cores: 3 reqd : 2 available : 4 rq_depth:1.900000 hotplug_avg_load_dw: 117
E/MP-Decision( 1859): DOWN cpu:2 core_idx:2 Ns:2.100000 Ts:240 rq:1.900000 seq:245.000000
W/EDMNativeHelper(  266): EDMNativeHelperService is published
W/qdhwcomposer(  276): Excessive delay reading vsync: took 1274 ms
W/EDMNativeHelper(  266): EDMNativeHelperService is published
D/SSRMv2:Monitor(  805): SIOP:: AP = 400, Prev AP = 380, Duration = 10054, PST = 374
E/MP-Decision( 1859): num online cores: 2 reqd : 1 available : 4 rq_depth:0.700000 hotplug_avg_load_dw: 29
E/MP-Decision( 1859): DOWN cpu:1 core_idx:1 Ns:1.100000 Ts:190 rq:0.700000 seq:343.000000
D/BatteryService(  805): level:94, scale:100, status:2, health:2, present:true, voltage: 4098, temperature: 284, technology: Li-ion, AC powered:false, USB powered:true, Wireless powered:false, icon:17303408, invalid charger:0, online:6, current avg:420, charge type:1
D/KeyguardUpdateMonitor( 1190): received broadcast android.intent.action.BATTERY_CHANGED
D/BatteryService(  805): Sending ACTION_BATTERY_CHANGED.
D/HeadsetStateMachine( 1625): Disconnected process message: 10
D/KeyguardUpdateMonitor( 1190): handleBatteryUpdate
D/CMASMessage( 1190): [update] mShowingCMASText is false
D/STATUSBAR-PhoneStatusBar( 1190):  mBrightnessEnablebySettings = true mBrightnessEnablebyBattery = true mBrightnessEnablebyDisableFlag = true mPmsBrightnessEnablebySettings = true
D/BatteryMeterView( 1190): ACTION_BATTERY_CHANGED : level:94 status:2 health:2
D/CMASMessage( 1190): CMASIcon was GONE : 
D/STATUSBAR-IconMerger( 1190): checkOverflow(504), More:false, Req:false Child:1
W/EDMNativeHelper(  266): EDMNativeHelperService is published
W/EDMNativeHelper(  266): EDMNativeHelperService is published
W/qdhwcomposer(  276): Excessive delay reading vsync: took 3177 ms
W/EDMNativeHelper(  266): EDMNativeHelperService is published
W/EDMNativeHelper(  266): EDMNativeHelperService is published
E/lights  (  805): write_int failed to open -1
W/EDMNativeHelper(  266): EDMNativeHelperService is published
W/qdhwcomposer(  276): Excessive delay reading vsync: took 3095 ms
W/EDMNativeHelper(  266): EDMNativeHelperService is published
E/Watchdog(  805): !@Sync 2110
W/EDMNativeHelper(  266): EDMNativeHelperService is published
W/qdhwcomposer(  276): Excessive delay reading vsync: took 1638 ms
W/EDMNativeHelper(  266): EDMNativeHelperService is published
D/STATUSBAR-NetworkController( 1190): refreshSignalCluster: data=0 bt=false
D/STATUSBAR-IconMerger( 1190): checkOverflow(504), More:false, Req:false Child:1
W/EDMNativeHelper(  266): EDMNativeHelperService is published
D/STATUSBAR-NetworkController( 1190): refreshSignalCluster: data=0 bt=false
D/STATUSBAR-IconMerger( 1190): checkOverflow(504), More:false, Req:false Child:1
W/EDMNativeHelper(  266): EDMNativeHelperService is published
D/SSRMv2:Monitor(  805): SIOP:: AP = 400, Prev AP = 400, Duration = 10059, PST = 380
D/STATUSBAR-NetworkController( 1190): refreshSignalCluster: data=0 bt=false
D/STATUSBAR-IconMerger( 1190): checkOverflow(504), More:false, Req:false Child:1
D/BatteryService(  805): level:93, scale:100, status:2, health:2, present:true, voltage: 4076, temperature: 284, technology: Li-ion, AC powered:false, USB powered:true, Wireless powered:false, icon:17303408, invalid charger:0, online:6, current avg:420, charge type:1
D/BatteryService(  805): Sending ACTION_BATTERY_CHANGED.
D/KeyguardUpdateMonitor( 1190): received broadcast android.intent.action.BATTERY_CHANGED
D/KeyguardUpdateMonitor( 1190): handleBatteryUpdate
D/CMASMessage( 1190): [update] mShowingCMASText is false
D/CMASMessage( 1190): CMASIcon was GONE : 
D/HeadsetStateMachine( 1625): Disconnected process message: 10
D/STATUSBAR-PhoneStatusBar( 1190):  mBrightnessEnablebySettings = true mBrightnessEnablebyBattery = true mBrightnessEnablebyDisableFlag = true mPmsBrightnessEnablebySettings = true
D/BatteryMeterView( 1190): ACTION_BATTERY_CHANGED : level:93 status:2 health:2
D/STATUSBAR-IconMerger( 1190): checkOverflow(504), More:false, Req:false Child:1
D/BatteryMeterView( 1190): onDraw batteryColor : -1
W/EDMNativeHelper(  266): EDMNativeHelperService is published
D/FactoryTest( 8587): Not factory mode
D/FactoryTest( 8587): Not factory mode. isFactoryMode() returend false
D/MTPRx   ( 8587): DRIVER_TIME_OUT 60s lapsed
D/MTPRx   ( 8587): still no open session command from host, so toast
W/ContextImpl( 8587): Calling a method in the system process without a qualified user: android.app.ContextImpl.startActivity:1365 android.content.ContextWrapper.startActivity:323 android.content.ContextWrapper.startActivity:323 com.samsung.android.MtpApplication.MtpReceiver$3.handleMessage:738 android.os.Handler.dispatchMessage:102 
W/ContextImpl( 8587): Calling a method in the system process without a qualified user: android.app.ContextImpl.startActivity:1377 android.app.ContextImpl.startActivity:1366 android.content.ContextWrapper.startActivity:323 android.content.ContextWrapper.startActivity:323 com.samsung.android.MtpApplication.MtpReceiver$3.handleMessage:738 
D/EnterpriseDeviceManager(  805): ContainerId: 0
V/ApplicationPolicy(  805): isApplicationStateBlocked userId 0 pkgname com.android.settings
W/ActivityManager(  805): mDVFSHelper.acquire()
W/ContextImpl(  805): Calling a method in the system process without a qualified user: android.app.ContextImpl.sendBroadcast:1482 com.android.server.am.ActivityStack.startPausingLocked:1006 com.android.server.am.ActivityStack.resumeTopActivityLocked:1945 com.android.server.am.ActivityStackSupervisor.resumeTopActivitiesLocked:3132 com.android.server.am.ActivityStackSupervisor.resumeTopActivitiesLocked:3104 
D/PointerIcon(  805): setMouseIconStyle1 pointerType: 1001iconType:101 flag:0
D/PointerIcon(  805): setMouseCustomIcon IconType is same.101
D/PointerIcon(  805): setHoveringSpenIconStyle1 pointerType: 10001iconType:1 flag:0
D/PointerIcon(  805): setHoveringSpenCustomIcon IconType is same.1
E/MTPRx   ( 8587): started activity for popup
V/SmartFaceService - 3rd party pause(  805): onReceive [android.intent.action.ACTIVITY_STATE/com.sportsplusinc.ios.sportsplus/pause]
D/CordovaActivity( 8618): Paused the application!
D/CordovaWebView( 8618): Handle the pause
W/ContextImpl(  805): Calling a method in the system process without a qualified user: android.app.ContextImpl.sendBroadcast:1482 com.android.server.am.ActivityStackSupervisor.realStartActivityLocked:1180 com.android.server.am.ActivityStackSupervisor.startSpecificActivityLocked:1331 com.android.server.am.ActivityStack.resumeTopActivityLocked:2269 com.android.server.am.ActivityStackSupervisor.resumeTopActivitiesLocked:3132 
E/MP-Decision( 1859): num online cores: 1 reqd : 4 available : 4 rq_depth:6.600000 hotplug_avg_load_dw: 71
E/MP-Decision( 1859): UP cpu:1 core_idx:1 Nw:1.900000 Tw:140 rq:6.600000 seq:147.000000
E/MP-Decision( 1859): UP cpu:2 core_idx:2 Nw:2.700000 Tw:90 rq:6.600000 seq:98.000000
E/MP-Decision( 1859): UP cpu:3 core_idx:3 Nw:3.500000 Tw:90 rq:6.600000 seq:98.000000
W/dalvikvm( 8587): Refusing to reopen boot DEX '/system/framework/commonimsinterface.jar'
D/KeyguardViewMediator( 1190): setHidden false
D/KeyguardUpdateMonitor( 1190): sendKeyguardVisibilityChanged(true)
D/KeyguardUpdateMonitor( 1190): handleKeyguardVisibilityChanged(1)
I/ProcessStatsService(  805): Prepared write state in 51ms
V/SmartFaceService - 3rd party pause(  805): onReceive [android.intent.action.ACTIVITY_STATE/com.android.settings/create]
W/qdhwcomposer(  276): Excessive delay reading vsync: took 3790 ms
W/ApplicationPackageManager( 8587): getCSCPackageItemText()
E/SettingsReceiverActivity( 8587): PREF_DONT_ASK_AGAIN : true
I/SpenGestureManager(  805): setFocusWindow21040
D/PointerIcon(  805): setMouseIconStyle1 pointerType: 1001iconType:101 flag:0
D/PointerIcon(  805): setMouseCustomIcon IconType is same.101
D/PointerIcon(  805): setHoveringSpenIconStyle1 pointerType: 10001iconType:1 flag:0
D/PointerIcon(  805): setHoveringSpenCustomIcon IconType is same.1
W/ContextImpl(  805): Calling a method in the system process without a qualified user: android.app.ContextImpl.sendBroadcast:1482 com.android.server.am.ActivityStack.startPausingLocked:1006 com.android.server.am.ActivityStack.finishActivityLocked:3164 com.android.server.am.ActivityStack.requestFinishActivityLocked:2977 com.android.server.am.ActivityManagerService.finishActivity:4378 
V/SmartFaceService - 3rd party pause(  805): onReceive [android.intent.action.ACTIVITY_STATE/com.android.settings/pause]
E/EnterpriseContainerManager(  805): ContainerPolicy Service is not yet ready!!!
D/EnterpriseDeviceManager(  805): ContainerId: 0
W/LicenseLogService(  805): log() failed
W/InputMethodManagerService(  805): Window already focused, ignoring focus gain of: com.android.internal.view.IInputMethodClient$Stub$Proxy@43dc30c0 attribute=null, token = android.os.BinderProxy@43ea7870
D/SettingsReceiverActivity( 8587): dev.kiessupport is : TRUE
I/ActivityManager(  805): Killing 7535:com.sec.android.widgetapp.activeapplicationwidget/u0a225 (adj 15): empty #30
I/ActivityManager(  805): Killing 7507:com.android.email/u0a135 (adj 15): empty #31
I/ActivityManager(  805): Killing 7481:com.sec.android.widgetapp.easyfavoritescontactswidget/u0a50 (adj 15): empty #32
W/ContextImpl(  805): Calling a method in the system process without a qualified user: android.app.ContextImpl.sendBroadcast:1482 com.android.server.am.ActivityStack.resumeTopActivityLocked:2183 com.android.server.am.ActivityStackSupervisor.resumeTopActivitiesLocked:3132 com.android.server.am.ActivityStack.completePauseLocked:1231 com.android.server.am.ActivityStack.activityPausedLocked:1092 
D/KeyguardViewMediator( 1190): setHidden false
D/KeyguardUpdateMonitor( 1190): sendKeyguardVisibilityChanged(true)
D/KeyguardUpdateMonitor( 1190): handleKeyguardVisibilityChanged(1)
D/KeyguardViewMediator( 1190): setHidden false
D/KeyguardUpdateMonitor( 1190): sendKeyguardVisibilityChanged(true)
D/KeyguardUpdateMonitor( 1190): handleKeyguardVisibilityChanged(1)
D/CordovaActivity( 8618): Resuming the App
V/SmartFaceService - 3rd party pause(  805): onReceive [android.intent.action.ACTIVITY_STATE/com.sportsplusinc.ios.sportsplus/resume]
D/KeyguardViewMediator( 1190): setHidden false
D/KeyguardUpdateMonitor( 1190): sendKeyguardVisibilityChanged(true)
D/KeyguardUpdateMonitor( 1190): handleKeyguardVisibilityChanged(1)
W/EDMNativeHelper(  266): EDMNativeHelperService is published
E/MP-Decision( 1859): num online cores: 4 reqd : 2 available : 4 rq_depth:0.700000 hotplug_avg_load_dw: 69
E/MP-Decision( 1859): DOWN cpu:3 core_idx:3 Ns:3.100000 Ts:240 rq:0.700000 seq:288.000000
E/MP-Decision( 1859): DOWN cpu:2 core_idx:2 Ns:2.100000 Ts:240 rq:0.700000 seq:288.000000
D/STATUSBAR-NetworkController( 1190): refreshSignalCluster: data=0 bt=false
D/STATUSBAR-IconMerger( 1190): checkOverflow(504), More:false, Req:false Child:1
W/EDMNativeHelper(  266): EDMNativeHelperService is published
W/EDMNativeHelper(  266): EDMNativeHelperService is published
D/STATUSBAR-NetworkController( 1190): refreshSignalCluster: data=0 bt=false
D/STATUSBAR-IconMerger( 1190): checkOverflow(504), More:false, Req:false Child:1
W/ActivityManager(  805): mDVFSHelper.release()
E/WifiWatchdogStateMachine.QualitySocketHandler(  805): No http request!
I/WifiWatchdogStateMachine(  805): 06-19 06:21:18 343,QualityCheckingState, [s]1, 1, [t]1, [e]5, 1, -46, 72, true, false, 8, 2241657269612e51412d322d4261736522, 412, -1
W/EDMNativeHelper(  266): EDMNativeHelperService is published
D/STATUSBAR-NetworkController( 1190): refreshSignalCluster: data=0 bt=false
D/STATUSBAR-IconMerger( 1190): checkOverflow(504), More:false, Req:false Child:1
W/EDMNativeHelper(  266): EDMNativeHelperService is published
W/qdhwcomposer(  276): Excessive delay reading vsync: took 4154 ms
D/STATUSBAR-NetworkController( 1190): refreshSignalCluster: data=0 bt=false
D/STATUSBAR-IconMerger( 1190): checkOverflow(504), More:false, Req:false Child:1
W/EDMNativeHelper(  266): EDMNativeHelperService is published
D/STATUSBAR-NetworkController( 1190): onSignalStrengthsChanged signalStrength=SignalStrength: 99 -1 -1 -1 -1 -1 -1 24 -101 -17 -38 -1 2147483647 gsm|lte 0x1 level=1
W/EDMNativeHelper(  266): EDMNativeHelperService is published
D/STATUSBAR-NetworkController( 1190): refreshSignalCluster: data=0 bt=false
D/STATUSBAR-IconMerger( 1190): checkOverflow(504), More:false, Req:false Child:1
W/EDMNativeHelper(  266): EDMNativeHelperService is published
D/STATUSBAR-NetworkController( 1190): refreshSignalCluster: data=0 bt=false
D/STATUSBAR-IconMerger( 1190): checkOverflow(504), More:false, Req:false Child:1
D/STATUSBAR-NetworkController( 1190): onSignalStrengthsChanged signalStrength=SignalStrength: 99 -1 -1 -1 -1 -1 -1 24 -101 -18 -48 -1 2147483647 gsm|lte 0x1 level=1
W/EDMNativeHelper(  266): EDMNativeHelperService is published
D/SSRMv2:Monitor(  805): SIOP:: AP = 410, Prev AP = 400, Duration = 10019, PST = 385
D/STATUSBAR-NetworkController( 1190): refreshSignalCluster: data=0 bt=false
D/STATUSBAR-IconMerger( 1190): checkOverflow(504), More:false, Req:false Child:1
W/qdhwcomposer(  276): Excessive delay reading vsync: took 4320 ms
D/BatteryService(  805): level:93, scale:100, status:2, health:2, present:true, voltage: 4050, temperature: 285, technology: Li-ion, AC powered:false, USB powered:true, Wireless powered:false, icon:17303408, invalid charger:0, online:6, current avg:420, charge type:1
D/BatteryService(  805): Sending ACTION_BATTERY_CHANGED.
D/KeyguardUpdateMonitor( 1190): received broadcast android.intent.action.BATTERY_CHANGED
D/KeyguardUpdateMonitor( 1190): handleBatteryUpdate
D/CMASMessage( 1190): [update] mShowingCMASText is false
D/HeadsetStateMachine( 1625): Disconnected process message: 10
D/STATUSBAR-PhoneStatusBar( 1190):  mBrightnessEnablebySettings = true mBrightnessEnablebyBattery = true mBrightnessEnablebyDisableFlag = true mPmsBrightnessEnablebySettings = true
D/BatteryMeterView( 1190): ACTION_BATTERY_CHANGED : level:93 status:2 health:2
D/CMASMessage( 1190): CMASIcon was GONE : 
D/STATUSBAR-IconMerger( 1190): checkOverflow(504), More:false, Req:false Child:1
W/EDMNativeHelper(  266): EDMNativeHelperService is published
W/ActivityManager(  805): Launch timeout has expired, giving up wake lock!
D/PowerManagerService(  805): [s] UserActivityState : 1 -> 2
D/DisplayPowerController(  805): animation target = 10 (PSM:true, AB limit:(-1 ~ -1) MB Limit:(-1 ~ -1) MAdj:(0, (0, 255)))
D/PowerManagerService(  805): [s] mDisplayPowerControllerCallbacks : onStateChanged()
D/lights  (  805): lcd : 205 +
W/EDMNativeHelper(  266): EDMNativeHelperService is published
D/lights  (  805): lcd : 205 -
D/lights  (  805): lcd : 172 +
D/lights  (  805): lcd : 172 -
D/lights  (  805): lcd : 139 +
D/lights  (  805): lcd : 139 -
D/lights  (  805): lcd : 105 +
D/lights  (  805): lcd : 105 -
D/lights  (  805): lcd : 72 +
D/lights  (  805): lcd : 72 -
D/lights  (  805): lcd : 39 +
D/lights  (  805): lcd : 39 -
D/lights  (  805): lcd : 10 +
D/RampAnimator(  805): Light Animator Finished currentValue=10
D/lights  (  805): lcd : 10 -
D/STATUSBAR-NetworkController( 1190): refreshSignalCluster: data=0 bt=false
D/STATUSBAR-IconMerger( 1190): checkOverflow(504), More:false, Req:false Child:1
W/EDMNativeHelper(  266): EDMNativeHelperService is published
D/STATUSBAR-NetworkController( 1190): refreshSignalCluster: data=0 bt=false
D/STATUSBAR-IconMerger( 1190): checkOverflow(504), More:false, Req:false Child:1
W/EDMNativeHelper(  266): EDMNativeHelperService is published
D/STATUSBAR-NetworkController( 1190): refreshSignalCluster: data=0 bt=false
D/STATUSBAR-IconMerger( 1190): checkOverflow(504), More:false, Req:false Child:1
W/EDMNativeHelper(  266): EDMNativeHelperService is published
W/qdhwcomposer(  276): Excessive delay reading vsync: took 4386 ms
W/EDMNativeHelper(  266): EDMNativeHelperService is published
W/EDMNativeHelper(  266): EDMNativeHelperService is published
D/STATUSBAR-NetworkController( 1190): refreshSignalCluster: data=0 bt=false
D/STATUSBAR-IconMerger( 1190): checkOverflow(504), More:false, Req:false Child:1
D/STATUSBAR-NetworkController( 1190): onSignalStrengthsChanged signalStrength=SignalStrength: 99 -1 -1 -1 -1 -1 -1 25 -99 -17 -46 -1 2147483647 gsm|lte 0x1 level=1
D/PowerManagerService(  805): [s] UserActivityState : 2 -> 0
I/PowerManagerService(  805): [PWL] On : 62990141 (372501 ms ago)
I/PowerManagerService(  805): [PWL]  mStayOn: true  mWakeLockSummary & WAKE_LOCK_STAY_AWAKE: 0  mUserActivitySummary: 0x0
W/EDMNativeHelper(  266): EDMNativeHelperService is published
D/STATUSBAR-NetworkController( 1190): refreshSignalCluster: data=0 bt=false
D/STATUSBAR-IconMerger( 1190): checkOverflow(504), More:false, Req:false Child:1
W/qdhwcomposer(  276): Excessive delay reading vsync: took 3012 ms
W/EDMNativeHelper(  266): EDMNativeHelperService is published
W/qdhwcomposer(  276): Excessive delay reading vsync: took 1026 ms
W/EDMNativeHelper(  266): EDMNativeHelperService is published
D/STATUSBAR-NetworkController( 1190): onSignalStrengthsChanged signalStrength=SignalStrength: 99 -1 -1 -1 -1 -1 -1 25 -98 -16 -54 -1 2147483647 gsm|lte 0x1 level=1
D/SSRMv2:Monitor(  805): SIOP:: AP = 410, Prev AP = 410, Duration = 10062, PST = 390
W/qdhwcomposer(  276): Excessive delay reading vsync: took 728 ms
D/KeyguardUpdateMonitor( 1190): received broadcast android.intent.action.BATTERY_CHANGED
D/KeyguardUpdateMonitor( 1190): handleBatteryUpdate
D/CMASMessage( 1190): [update] mShowingCMASText is false
D/CMASMessage( 1190): CMASIcon was GONE : 
D/BatteryService(  805): level:93, scale:100, status:2, health:2, present:true, voltage: 4100, temperature: 285, technology: Li-ion, AC powered:false, USB powered:true, Wireless powered:false, icon:17303408, invalid charger:0, online:6, current avg:420, charge type:1
D/BatteryService(  805): Sending ACTION_BATTERY_CHANGED.
D/HeadsetStateMachine( 1625): Disconnected process message: 10
D/STATUSBAR-PhoneStatusBar( 1190):  mBrightnessEnablebySettings = true mBrightnessEnablebyBattery = true mBrightnessEnablebyDisableFlag = true mPmsBrightnessEnablebySettings = true
D/BatteryMeterView( 1190): ACTION_BATTERY_CHANGED : level:93 status:2 health:2
D/STATUSBAR-IconMerger( 1190): checkOverflow(504), More:false, Req:false Child:1
W/EDMNativeHelper(  266): EDMNativeHelperService is published
W/EDMNativeHelper(  266): EDMNativeHelperService is published
D/STATUSBAR-NetworkController( 1190): refreshSignalCluster: data=0 bt=false
D/STATUSBAR-IconMerger( 1190): checkOverflow(504), More:false, Req:false Child:1
W/EDMNativeHelper(  266): EDMNativeHelperService is published
D/STATUSBAR-NetworkController( 1190): refreshSignalCluster: data=0 bt=false
D/STATUSBAR-IconMerger( 1190): checkOverflow(504), More:false, Req:false Child:1
D/InputReader(  805): Input event: value=1 when=63368337704000
I/InputReader(  805): Touch event's action is 0x0 (deviceType=0) [pCnt=1, s=0.3184 ] when=63368337826000
I/InputDispatcher(  805): Delivering touch to: action: 0x0
D/PowerManagerService(  805): [s] UserActivityState : 0 -> 1
E/lights  (  805): write_int failed to open -1
D/DisplayPowerController(  805): animation target = 235 (PSM:true, AB limit:(-1 ~ -1) MB Limit:(-1 ~ -1) MAdj:(0, (0, 255)))
D/PowerManagerService(  805): [s] mDisplayPowerControllerCallbacks : onStateChanged()
D/lights  (  805): lcd : 6 +
D/lights  (  805): lcd : 6 -
D/lights  (  805): lcd : 39 +
D/lights  (  805): lcd : 39 -
D/lights  (  805): lcd : 72 +
D/InputReader(  805): Input event: value=0 when=63368385769000
I/InputReader(  805): Touch event's action is 0x1 (deviceType=0) [pCnt=1, s=] when=63368385769000
I/InputDispatcher(  805): Delivering touch to: action: 0x1
D/lights  (  805): lcd : 72 -
D/lights  (  805): lcd : 105 +
D/lights  (  805): lcd : 105 -
D/lights  (  805): lcd : 139 +
D/lights  (  805): lcd : 139 -
D/lights  (  805): lcd : 172 +
D/lights  (  805): lcd : 172 -
D/lights  (  805): lcd : 205 +
D/lights  (  805): lcd : 205 -
D/lights  (  805): lcd : 235 +
D/RampAnimator(  805): Light Animator Finished currentValue=235
D/lights  (  805): lcd : 235 -
W/EDMNativeHelper(  266): EDMNativeHelperService is published
W/qdhwcomposer(  276): Excessive delay reading vsync: took 4104 ms
W/EDMNativeHelper(  266): EDMNativeHelperService is published
D/STATUSBAR-NetworkController( 1190): refreshSignalCluster: data=0 bt=false
D/STATUSBAR-IconMerger( 1190): checkOverflow(504), More:false, Req:false Child:1
W/EDMNativeHelper(  266): EDMNativeHelperService is published
D/STATUSBAR-NetworkController( 1190): onSignalStrengthsChanged signalStrength=SignalStrength: 99 -1 -1 -1 -1 -1 -1 24 -97 -19 -60 -1 2147483647 gsm|lte 0x1 level=1
E/Watchdog(  805): !@Sync 2111
W/EDMNativeHelper(  266): EDMNativeHelperService is published
W/qdhwcomposer(  276): Excessive delay reading vsync: took 1936 ms
D/STATUSBAR-NetworkController( 1190): refreshSignalCluster: data=0 bt=false
D/STATUSBAR-IconMerger( 1190): checkOverflow(504), More:false, Req:false Child:1
W/qdhwcomposer(  276): Excessive delay reading vsync: took 413 ms
W/EDMNativeHelper(  266): EDMNativeHelperService is published
D/STATUSBAR-NetworkController( 1190): onSignalStrengthsChanged signalStrength=SignalStrength: 99 -1 -1 -1 -1 -1 -1 25 -97 -16 -54 -1 2147483647 gsm|lte 0x1 level=1
W/EDMNativeHelper(  266): EDMNativeHelperService is published
E/lights  (  805): write_int failed to open -1
W/EDMNativeHelper(  266): EDMNativeHelperService is published
D/SSRMv2:Monitor(  805): SIOP:: AP = 430, Prev AP = 410, Duration = 10065, PST = 397
D/BatteryService(  805): level:93, scale:100, status:2, health:2, present:true, voltage: 4005, temperature: 286, technology: Li-ion, AC powered:false, USB powered:true, Wireless powered:false, icon:17303408, invalid charger:0, online:6, current avg:420, charge type:1
D/KeyguardUpdateMonitor( 1190): received broadcast android.intent.action.BATTERY_CHANGED
D/KeyguardUpdateMonitor( 1190): handleBatteryUpdate
D/CMASMessage( 1190): [update] mShowingCMASText is false
D/HeadsetStateMachine( 1625): Disconnected process message: 10
D/BatteryService(  805): Sending ACTION_BATTERY_CHANGED.
D/CMASMessage( 1190): CMASIcon was GONE : 
D/STATUSBAR-PhoneStatusBar( 1190):  mBrightnessEnablebySettings = true mBrightnessEnablebyBattery = true mBrightnessEnablebyDisableFlag = true mPmsBrightnessEnablebySettings = true
D/BatteryMeterView( 1190): ACTION_BATTERY_CHANGED : level:93 status:2 health:2
D/STATUSBAR-IconMerger( 1190): checkOverflow(504), More:false, Req:false Child:1
W/EDMNativeHelper(  266): EDMNativeHelperService is published
W/qdhwcomposer(  276): Excessive delay reading vsync: took 3144 ms
W/qdhwcomposer(  276): Excessive delay reading vsync: took 529 ms
W/EDMNativeHelper(  266): EDMNativeHelperService is published
D/STATUSBAR-NetworkController( 1190): refreshSignalCluster: data=0 bt=false
D/STATUSBAR-IconMerger( 1190): checkOverflow(504), More:false, Req:false Child:1
W/qdhwcomposer(  276): Excessive delay reading vsync: took 595 ms
W/EDMNativeHelper(  266): EDMNativeHelperService is published
W/qdhwcomposer(  276): Excessive delay reading vsync: took 413 ms
W/EDMNativeHelper(  266): EDMNativeHelperService is published
D/STATUSBAR-NetworkController( 1190): refreshSignalCluster: data=0 bt=false
D/STATUSBAR-IconMerger( 1190): checkOverflow(504), More:false, Req:false Child:1
W/EDMNativeHelper(  266): EDMNativeHelperService is published
W/EDMNativeHelper(  266): EDMNativeHelperService is published
W/EDMNativeHelper(  266): EDMNativeHelperService is published
W/EDMNativeHelper(  266): EDMNativeHelperService is published
D/STATUSBAR-NetworkController( 1190): onSignalStrengthsChanged signalStrength=SignalStrength: 99 -1 -1 -1 -1 -1 -1 25 -98 -19 -40 -1 2147483647 gsm|lte 0x1 level=1
W/qdhwcomposer(  276): Excessive delay reading vsync: took 4684 ms
W/qdhwcomposer(  276): Excessive delay reading vsync: took 761 ms
W/EDMNativeHelper(  266): EDMNativeHelperService is published
W/qdhwcomposer(  276): Excessive delay reading vsync: took 99 ms
W/EDMNativeHelper(  266): EDMNativeHelperService is published
D/SSRMv2:Monitor(  805): SIOP:: AP = 430, Prev AP = 430, Duration = 10043, PST = 402
D/STATUSBAR-NetworkController( 1190): onSignalStrengthsChanged signalStrength=SignalStrength: 99 -1 -1 -1 -1 -1 -1 25 -99 -18 -34 -1 2147483647 gsm|lte 0x1 level=1
D/HeadsetStateMachine( 1625): Disconnected process message: 10
D/BatteryService(  805): level:93, scale:100, status:2, health:2, present:true, voltage: 4016, temperature: 286, technology: Li-ion, AC powered:false, USB powered:true, Wireless powered:false, icon:17303408, invalid charger:0, online:6, current avg:420, charge type:1
D/BatteryService(  805): Sending ACTION_BATTERY_CHANGED.
D/KeyguardUpdateMonitor( 1190): received broadcast android.intent.action.BATTERY_CHANGED
D/KeyguardUpdateMonitor( 1190): handleBatteryUpdate
D/CMASMessage( 1190): [update] mShowingCMASText is false
D/CMASMessage( 1190): CMASIcon was GONE : 
D/STATUSBAR-PhoneStatusBar( 1190):  mBrightnessEnablebySettings = true mBrightnessEnablebyBattery = true mBrightnessEnablebyDisableFlag = true mPmsBrightnessEnablebySettings = true
D/BatteryMeterView( 1190): ACTION_BATTERY_CHANGED : level:93 status:2 health:2
D/STATUSBAR-IconMerger( 1190): checkOverflow(504), More:false, Req:false Child:1
E/MP-Decision( 1859): num online cores: 2 reqd : 3 available : 4 rq_depth:2.700000 hotplug_avg_load_dw: 78
E/MP-Decision( 1859): UP cpu:1 core_idx:1 Nw:1.900000 Tw:140 rq:2.700000 seq:0.000000
E/MP-Decision( 1859): UP cpu:2 core_idx:2 Nw:2.700000 Tw:90 rq:2.700000 seq:98.000000
W/EDMNativeHelper(  266): EDMNativeHelperService is published
W/qdhwcomposer(  276): Excessive delay reading vsync: took 1953 ms
E/MP-Decision( 1859): num online cores: 3 reqd : 2 available : 4 rq_depth:0.700000 hotplug_avg_load_dw: 85
E/MP-Decision( 1859): DOWN cpu:2 core_idx:2 Ns:2.100000 Ts:240 rq:0.700000 seq:243.000000
D/STATUSBAR-NetworkController( 1190): onSignalStrengthsChanged signalStrength=SignalStrength: 99 -1 -1 -1 -1 -1 -1 24 -99 -17 -26 -1 2147483647 gsm|lte 0x2 level=2
D/STATUSBAR-NetworkController( 1190): refreshSignalCluster: data=0 bt=false
D/STATUSBAR-IconMerger( 1190): checkOverflow(504), More:false, Req:false Child:1
W/EDMNativeHelper(  266): EDMNativeHelperService is published
W/EDMNativeHelper(  266): EDMNativeHelperService is published
D/STATUSBAR-NetworkController( 1190): refreshSignalCluster: data=0 bt=false
D/STATUSBAR-IconMerger( 1190): checkOverflow(504), More:false, Req:false Child:1
W/EDMNativeHelper(  266): EDMNativeHelperService is published
D/STATUSBAR-NetworkController( 1190): refreshSignalCluster: data=0 bt=false
D/STATUSBAR-IconMerger( 1190): checkOverflow(504), More:false, Req:false Child:1
W/EDMNativeHelper(  266): EDMNativeHelperService is published
W/qdhwcomposer(  276): Excessive delay reading vsync: took 3773 ms
W/EDMNativeHelper(  266): EDMNativeHelperService is published
V/AlarmManager(  805): waitForAlarm result :8
D/KeyguardClockWidgetService( 1799): onReceive action=android.intent.action.TIME_TICK
V/AlarmManager(  805): ClockReceiver onReceive() ACTION_TIME_TICK
D/KeyguardUpdateMonitor( 1190): received broadcast android.intent.action.TIME_TICK
D/KeyguardUpdateMonitor( 1190): handleTimeUpdate
D/STATUSBAR-IconMerger( 1190): checkOverflow(504), More:false, Req:false Child:1
W/EDMNativeHelper(  266): EDMNativeHelperService is published
D/PowerManagerService(  805): [s] UserActivityState : 1 -> 2
