W/PackageManager(  805): Unknown permission com.samsung.wmanager.ENABLE_NOTIFICATION in package com.android.email
W/PackageManager(  805): Unknown permission com.seven.Z7.permission.ACCESS_PROVIDER in package com.android.email
W/PackageManager(  805): Unknown permission com.seven.Z7.permission.ACCESS_EVENTS in package com.android.email
W/PackageManager(  805): Unknown permission android.permission.ACCESS_DEV_STORAGE in package com.android.email
W/PackageManager(  805): Unknown permission com.sec.android.app.twdvfs.DVFS_BOOSTER_PERMISSION in package com.android.email
W/PackageManager(  805): Unknown permission sstream.app.StoryProvider.WRITE.PERMISSION in package com.android.email
W/PackageManager(  805): Unknown permission android.permission.ACCES_MOCK_LOCATION in package com.android.email
W/PackageManager(  805): Unknown permission android.permission.ACCESS_GPS in package com.android.email
W/PackageManager(  805): Unknown permission com.sds.mobiledesk.permission.READ_PROVIDER in package com.android.email
W/PackageManager(  805): Unknown permission com.sds.mobiledesk.permission.WRITE_PROVIDER in package com.android.email
W/PackageManager(  805): Unknown permission android.permission.STORAGE in package com.tinder
W/PackageManager(  805): Unknown permission com.sec.android.app.gallery3d.READ in package com.sec.android.mimage.photoretouching
W/PackageManager(  805): Unknown permission com.sec.android.app.gallery3d.WRITE in package com.sec.android.mimage.photoretouching
W/PackageManager(  805): Unknown permission com.htc.permission.APP_DEFAULT in package com.nuance.swype.input
W/PackageManager(  805): Not granting permission android.permission.READ_LOGS to package crashLog.cutebabyTW (protectionLevel=50 flags=0xbe44)
W/PackageManager(  805): Not granting permission android.permission.READ_FRAME_BUFFER to package crashLog.cutebabyTW (protectionLevel=18 flags=0xbe44)
W/PackageManager(  805): Unknown permission android.permission.READ_OWNER_DATA in package com.lookout
W/PackageManager(  805): Not granting permission android.permission.WRITE_SECURE_SETTINGS to package com.lookout (protectionLevel=50 flags=0x883ec5)
W/PackageManager(  805): Not granting permission android.permission.MANAGE_DEVICE_ADMINS to package com.lookout (protectionLevel=18 flags=0x883ec5)
W/PackageManager(  805): Unknown permission com.sec.android.permission.READ_MEMO in package com.wssnps
W/PackageManager(  805): Unknown permission com.sec.android.permission.WRITE_MEMO in package com.wssnps
W/PackageManager(  805): Unknown permission com.sec.android.widgetapp.q1_penmemo.permission.READ in package com.wssnps
W/PackageManager(  805): Unknown permission com.sec.android.widgetapp.q1_penmemo.permission.WRITE in package com.wssnps
W/PackageManager(  805): Unknown permission android.permission.READ_MMS in package com.wssnps
W/PackageManager(  805): Unknown permission android.permission.WRITE_MMS in package com.wssnps
W/PackageManager(  805): Unknown permission android.permission.READ_TASKS in package com.wssnps
W/PackageManager(  805): Unknown permission android.permission.WRITE_TASKS in package com.wssnps
W/PackageManager(  805): Unknown permission com.sec.android.app.fm.BROADCAST_DETECT in package com.wssnps
W/PackageManager(  805): Unknown permission com.sec.mms.action.MMS_BNR in package com.wssnps
W/PackageManager(  805): Unknown permission com.sec.android.app.minidiary.service.BROADCAST_DETECT in package com.wssnps
W/PackageManager(  805): Unknown permission com.sec.permission.BACKUP_RESTORE_HOMESCREEN in package com.wssnps
W/PackageManager(  805): Unknown permission com.sec.permission.VZW_KIES_LOCATION_PERMISSION in package com.wssnps
W/PackageManager(  805): Unknown permission com.wss.android.spdagent.permission.C2D_MESSAGE in package com.policydm
W/PackageManager(  805): Unknown permission com.sec.android.permission.KNOX in package com.policydm
W/PackageManager(  805): Unknown permission com.samsung.spd.SBA_RELOAD in package com.policydm
W/PackageManager(  805): Unknown permission com.android.launcher.permission.PRELOAD_WORKSPACE in package com.google.android.partnersetup
W/PackageManager(  805): Unknown permission com.samsung.permission.wearable.CONNECT_ACCESS in package com.samsung.android.app.watchmanagerstub
W/PackageManager(  805): Unknown permission android.permission.ACCESS_DEV_STORAGE in package com.sec.android.app.camera
W/PackageManager(  805): Unknown permission com.sec.android.app.twdvfs.DVFS_BOOSTER_PERMISSION in package com.sec.android.app.camera
W/PackageManager(  805): Unknown permission com.sec.chaton.TOKEN_74e548bcd7dc013c8f8b585ba11ad16b271ceebb0acbe6c001c0aecdae65f37b366963990139710b4b5c3238053d25b7940d90c9f30e04a119c6c3dd94c276d32ec19cc4a4906ccbae88b80158ce08440ba5b1d7e14b864a076e31fa3e478f51ff186b2e995cc4d9503987cc3b80efdc331d7626ae145ce1810604514abd5fd9 in package com.sec.android.app.camera
W/PackageManager(  805): Unknown permission com.sec.android.daemonapp.cmaweather.CMAWEATHER_DAEMON_ACCESS_PROVIDER in package com.sec.android.app.camera
W/PackageManager(  805): Unknown permission com.sec.android.daemonapp.ap.kweather.KWEATHER_DAEMON_ACCESS_PROVIDER in package com.sec.android.app.camera
W/PackageManager(  805): Unknown permission com.sec.android.daemonapp.ap.weathernewsjp.WEATHERNEWS_DAEMON_ACCESS_PROVIDER in package com.sec.android.app.camera
W/PackageManager(  805): Not granting permission android.permission.MANAGE_USERS to package com.sec.android.sCloudRelayData (protectionLevel=18 flags=0x88be45)
W/PackageManager(  805): Unknown permission com.shazam.android.preloadinfo.provider.ACCESS_DATA in package com.shazam.android
W/PackageManager(  805): Unknown permission android.permission.REGISTER_CONNECTION_MANAGER in package com.google.android.talk
W/PackageManager(  805): Unknown permission android.permission.ACCESS_DEV_STORAGE in package com.sec.android.app.myfiles
W/PackageManager(  805): Unknown permission com.sec.android.app.twdvfs.DVFS_BOOSTER_PERMISSION in package com.sec.android.app.myfiles
W/PackageManager(  805): Unknown permission com.samsung.android.app.episodes.permission.IMPORT_STORYALBUM in package com.sec.android.app.myfiles
W/PackageManager(  805): Not granting permission android.permission.READ_LOGS to package com.sec.chaton (protectionLevel=50 flags=0x98be45)
W/PackageManager(  805): Unknown permission com.sec.android.app.gallery3d.READ in package com.sec.chaton
W/PackageManager(  805): Unknown permission sstream.app.StoryProvider.WRITE.PERMISSION in package com.sec.chaton
W/PackageManager(  805): Unknown permission com.sec.spp.permission.TOKEN_13b9cdc89f21278b87e0488ad5efb298532ad60905603d81a5145b0a03ce869cca937166ae9a01578767a15e8a36b9cc849a1de35bdc3facc1512f316ef9d09467c514442069ec167c16a8c8e67a4c641fc8d4b6394660a151f95a04e5c397de36c8df48dfbe0d12c45e76e6ca5a21f595994dd136023407173f9b983e2fa208 in package com.sec.chaton
W/PackageManager(  805): Unknown permission com.sec.spp.permission.TOKEN_b812511e2555d7a9d56c85891a0936d216e03c4b02b4a456ac5436ed7bace19bcf81ebd22f0e1219cadc119bffc06b494407603bcca0f3e05464d67fc08f39f7944efbcd5c2045e5ee2135da66f97c54096ebc37707f4f0a4c1ed78962b8c5e39d1079951648d807e7ea6049c58114e55e95386c9244fa9280a5a7a20e4a2931 in package com.sec.chaton
W/PackageManager(  805): Unknown permission com.android.launcher3.permission.READ_SETTINGS in package com.wildtangent.android
W/PackageManager(  805): Unknown permission com.sec.spp.permission.TOKEN_1615c4c6b2b6b90f8a03e8dc023198edb084b285bf55c4735a8d2a9f9e6e7f0145b274a074f55ec4be9583034a6563aba0b87ccf4c5b3d94673059303cba9ad1cedd43823fe2fcde3a4d86efcf2cb92d158df4bb17c92cf407e4ca07a4be1735a947cd53172034d174e0521d9a5e3e6dffdc22e8d9da8d402b23e08641ad9561 in package com.samsung.android.providers.context
W/PackageManager(  805): Unknown permission com.sec.android.permission.DSMLAWMO in package com.osp.app.signin
W/PackageManager(  805): Unknown permission com.sec.android.homesync.EXCLUSIVE_APP in package com.osp.app.signin
W/PackageManager(  805): Not granting permission android.permission.INTERACT_ACROSS_USERS_FULL to package com.osp.app.signin (protectionLevel=2 flags=0x4098be05)
W/PackageManager(  805): Unknown permission android.permission.READ_SETTINGS in package com.osp.app.signin
W/PackageManager(  805): Unknown permission com.sec.spp.permission.TOKEN_629e52d85fa91d200413707985ff2b21bb923206e41b8543e55c1d440a5edeb2e28d48d440dc7c7fb7f60eb39577517265b780609c8556eddbc673d21db4d7db6f17fe1b322387178eb0dc77b180f6154e4ad60bf64418c03ee0990b8783734fde37e5f82e089a04273b4650527a6b1335e2e99e94450386fd1c692106b58553 in package com.osp.app.signin
W/PackageManager(  805): Not granting permission android.permission.CHANGE_CONFIGURATION to package com.surpax.ledflashlight.panel (protectionLevel=50 flags=0x88be44)
W/PackageManager(  805): Unknown permission com.amazon.device.messaging.permission.RECEIVE in package com.skype.raider
W/PackageManager(  805): Unknown permission com.nokia.pushnotifications.permission.RECEIVE in package com.skype.raider
W/PackageManager(  805): Unknown permission com.qualcomm.permission.ACCESS_LOCATION_API in package com.qualcomm.location
W/PackageManager(  805): Not granting permission android.permission.READ_LOGS to package com.yahoo.mobile.client.android.im (protectionLevel=50 flags=0xbe44)
W/PackageManager(  805): Unknown permission android.permission.ADD_ACCOUNTS in package com.yahoo.mobile.client.android.im
W/PackageManager(  805): Unknown permission android.permission.ACCESS_DRM in package com.samsung.android.MtpApplication
W/PackageManager(  805): Unknown permission com.sec.android.app.twdvfs.DVFS_BOOSTER_PERMISSION in package com.samsung.android.MtpApplication
W/PackageManager(  805): Not granting permission android.permission.INTERACT_ACROSS_USERS to package com.android.dreams.basic (protectionLevel=50 flags=0x88be45)
W/PackageManager(  805): Unknown permission com.sec.android.dualclockanalog.permission.READ_DATA in package com.sec.android.app.clockpackage
W/PackageManager(  805): Unknown permission com.sec.android.dualclockanalog.permission.WRITE_DATA in package com.sec.android.app.clockpackage
W/PackageManager(  805): Unknown permission com.sec.android.daemonapp.ap.accuweather.permission.ACCU_DAEMON_ACCESS_INTENT in package com.sec.android.app.clockpackage
W/PackageManager(  805): Unknown permission com.sec.android.daemonapp.ap.yahoonews.permission.YAHOO_DAEMON_ACCESS_PROVIDER_U in package com.sec.android.app.clockpackage
W/PackageManager(  805): Unknown permission com.sec.android.daemonapp.ap.yahoostock.stockclock.permission.YAHOO_DAEMON_ACCESS_INTENT in package com.sec.android.app.clockpackage
W/PackageManager(  805): Unknown permission com.sec.android.daemonapp.ap.yahoonews.permission.YAHOO_DAEMON_ACCESS_INTENT in package com.sec.android.app.clockpackage
W/PackageManager(  805): Unknown permission com.sec.android.daemonapp.ap.kweather.permission.KW_DAEMON_ACCESS_INTENT in package com.sec.android.app.clockpackage
W/PackageManager(  805): Unknown permission com.sec.android.widgetapp.ap.edaily.stockclock.permission.EDAILY_DAEMON_ACCESS_PROVIDER in package com.sec.android.app.clockpackage
W/PackageManager(  805): Unknown permission com.sec.android.widgetapp.ap.edaily.stockclock.permission.EDAILY_DAEMON_ACCESS_INTENT in package com.sec.android.app.clockpackage
W/PackageManager(  805): Unknown permission com.sec.android.daemonapp.ap.yonhapnews.permission.YONHAP_DAEMON_ACCESS_PROVIDER in package com.sec.android.app.clockpackage
W/PackageManager(  805): Unknown permission com.sec.android.widgetapp.ap.yonhapnews.permission.YONHAP_DAEMON_ACCESS_INTENT in package com.sec.android.app.clockpackage
W/PackageManager(  805): Unknown permission com.sec.android.daemonapp.ap.sinaweather.permission.SINA_DAEMON_ACCESS_INTENT in package com.sec.android.app.clockpackage
W/PackageManager(  805): Unknown permission com.sec.android.widgetapp.ap.sinastock.stockclock.permission.SINA_DAEMON_ACCESS_PROVIDER in package com.sec.android.app.clockpackage
W/PackageManager(  805): Unknown permission com.sec.android.widgetapp.ap.sinastock.stockclock.permission.SINA_DAEMON_ACCESS_INTENT in package com.sec.android.app.clockpackage
W/PackageManager(  805): Unknown permission com.sec.android.daemonapp.ap.sinanews.permission.SINA_DAEMON_ACCESS_PROVIDER in package com.sec.android.app.clockpackage
W/PackageManager(  805): Unknown permission com.sec.android.widgetapp.ap.sinanews.permission.SINA_DAEMON_ACCESS_INTENT in package com.sec.android.app.clockpackage
W/PackageManager(  805): Unknown permission com.sec.android.daemonapp.ap.camobile.permission.CAMOBILE_DAEMON_ACCESS_PROVIDER in package com.sec.android.app.clockpackage
W/PackageManager(  805): Unknown permission com.sec.android.daemonapp.cmaweather.CMAWEATHER_DAEMON_ACCESS_PROVIDER in package com.sec.android.app.clockpackage
W/PackageManager(  805): Unknown permission com.sec.android.daemonapp.ap.kweather.KWEATHER_DAEMON_ACCESS_PROVIDER in package com.sec.android.app.clockpackage
W/PackageManager(  805): Unknown permission com.samsung.wmanager.ENABLE_NOTIFICATION in package com.sec.android.app.clockpackage
W/PackageManager(  805): Unknown permission com.sec.android.app.sbrowser.operatorbookmarks.permission.READ_OPERATOR_BOOKMARKS in package com.samsung.sec.android.application.csc
W/PackageManager(  805): Unknown permission com.sec.android.app.sbrowser.operatorbookmarks.permission.WRITE_OPERATOR_BOOKMARKS in package com.samsung.sec.android.application.csc
W/PackageManager(  805): Unknown permission com.sec.android.permission.READ_MEMO in package com.samsung.sec.android.application.csc
W/PackageManager(  805): Unknown permission com.sec.android.permission.WRITE_MEMO in package com.samsung.sec.android.application.csc
W/PackageManager(  805): Unknown permission com.sec.android.widgetapp.q1_penmemo.permission.READ in package com.samsung.sec.android.application.csc
W/PackageManager(  805): Unknown permission com.sec.android.widgetapp.q1_penmemo.permission.WRITE in package com.samsung.sec.android.application.csc
W/PackageManager(  805): Unknown permission android.permission.ACCESS_DRM in package com.sec.android.app.videoplayer
W/PackageManager(  805): Unknown permission com.sec.android.cloudagent.permission.WRITE in package com.sec.android.app.videoplayer
W/PackageManager(  805): Unknown permission com.sec.android.cloudagent.permission.READ in package com.sec.android.app.videoplayer
W/PackageManager(  805): Unknown permission com.sec.android.app.twdvfs.DVFS_BOOSTER_PERMISSION in package com.sec.android.app.videoplayer
W/PackageManager(  805): Unknown permission com.sec.android.permission.VIDEOHUB in package com.sec.android.app.videoplayer
W/PackageManager(  805): Unknown permission android.permission.SYSTEM_ALERT in package com.sec.android.app.videoplayer
W/PackageManager(  805): Unknown permission com.sec.pcw.provider.PCloudContentProvider.READ_CONTENT in package com.sec.android.app.videoplayer
W/PackageManager(  805): Unknown permission sstream.app.StoryProvider.WRITE.PERMISSION in package com.sec.android.app.videoplayer
D/BatteryService(  805): level:94, scale:100, status:3, health:2, present:true, voltage: 4338, temperature: 283, technology: Li-ion, AC powered:false, USB powered:false, Wireless powered:false, icon:17303394, invalid charger:0, online:1, current avg:460, charge type:0
D/BatteryService(  805): Sending ACTION_BATTERY_CHANGED.
W/PackageManager(  805): Not granting permission android.permission.READ_LOGS to package com.electricsheep.asi (protectionLevel=50 flags=0x88be44)
W/PackageManager(  805): Unknown permission com.sec.android.permission.READ_MEMO in package com.sec.android.app.DataCreate
W/PackageManager(  805): Unknown permission com.sec.android.permission.WRITE_MEMO in package com.sec.android.app.DataCreate
W/PackageManager(  805): Unknown permission com.sec.android.widgetapp.q1_penmemo.permission.READ in package com.sec.android.app.DataCreate
W/PackageManager(  805): Unknown permission com.sec.android.widgetapp.q1_penmemo.permission.WRITE in package com.sec.android.app.DataCreate
W/PackageManager(  805): Unknown permission com.samsung.android.memo.READ in package com.sec.android.app.DataCreate
W/PackageManager(  805): Unknown permission com.samsung.android.memo.WRITE in package com.sec.android.app.DataCreate
W/PackageManager(  805): Unknown permission android.permission.SMARTCARD in package com.isis.mclient.atnt.activity
W/PackageManager(  805): Not granting permission android.permission.WRITE_SECURE_SETTINGS to package com.sec.android.widgetapp.dualclockdigital (protectionLevel=50 flags=0x88be45)
W/PackageManager(  805): Not granting permission android.permission.MANAGE_DOCUMENTS to package com.google.android.youtube (protectionLevel=18 flags=0x983ec5)
W/PackageManager(  805): Not granting permission android.permission.INTERNAL_SYSTEM_WINDOW to package com.sec.android.widgetapp.activeapplicationwidget (protectionLevel=2 flags=0x88be45)
W/PackageManager(  805): Not granting permission android.permission.FORCE_STOP_PACKAGES to package com.sec.android.widgetapp.activeapplicationwidget (protectionLevel=2 flags=0x88be45)
W/PackageManager(  805): Not granting permission android.permission.PACKAGE_USAGE_STATS to package com.sec.android.widgetapp.activeapplicationwidget (protectionLevel=18 flags=0x88be45)
W/PackageManager(  805): Not granting permission android.permission.CLEAR_APP_USER_DATA to package com.sec.android.widgetapp.activeapplicationwidget (protectionLevel=2 flags=0x88be45)
W/PackageManager(  805): Not granting permission android.permission.READ_FRAME_BUFFER to package com.sec.android.widgetapp.activeapplicationwidget (protectionLevel=18 flags=0x88be45)
W/PackageManager(  805): Not granting permission com.sec.android.app.controlpanel.permission.GET_INTENT_ACTION_AFTER_FORCESTOP to package com.sec.android.widgetapp.activeapplicationwidget (protectionLevel=2 flags=0x88be45)
W/PackageManager(  805): Unknown permission com.chrome.permission.DEVICE_EXTRAS in package com.android.chrome
W/PackageManager(  805): Unknown permission com.sec.enterprise.knox.MDM_CONTENT_PROVIDER in package com.android.chrome
W/PackageManager(  805): Unknown permission com.sec.android.permission.KNOX in package com.sec.knox.seandroid
W/PackageManager(  805): Unknown permission sstream.app.StoryProvider.WRITE.PERMISSION in package com.samsung.android.app.episodes
W/PackageManager(  805): Unknown permission com.sec.android.cloudagent.permission.ACCESS in package com.samsung.android.app.episodes
W/PackageManager(  805): Unknown permission android.permission.ACCESS_DEV_STORAGE in package com.samsung.android.app.episodes
W/PackageManager(  805): Unknown permission com.sec.android.app.twdvfs.DVFS_BOOSTER_PERMISSION in package com.samsung.android.app.episodes
W/PackageManager(  805): Unknown permission com.diotek.penmemo.util.PenMemoProvider.permission.READ in package com.samsung.android.app.episodes
W/PackageManager(  805): Unknown permission com.diotek.penmemo.util.PenMemoProvider.permission.WRITE in package com.samsung.android.app.episodes
W/PackageManager(  805): Unknown permission com.samsung.android.app.episodes.permission.START_SERVICE in package com.samsung.android.app.episodes
W/PackageManager(  805): Unknown permission com.blurb.shadow.permission.START_ACTIVITY in package com.samsung.android.app.episodes
W/PackageManager(  805): Unknown permission com.blurb.shadow.permission.SEND_IMAGES in package com.samsung.android.app.episodes
D/BatteryService(  805): level:94, scale:100, status:2, health:2, present:true, voltage: 4078, temperature: 285, technology: Li-ion, AC powered:false, USB powered:true, Wireless powered:false, icon:17303408, invalid charger:0, online:6, current avg:420, charge type:1
V/UsbDeviceManager(  805): USB UEVENT: {USB_STATE=CONNECTED, SUBSYSTEM=android_usb, DEVPATH=/devices/virtual/android_usb/android0, SEQNUM=27058, ACTION=change}
D/UsbDeviceManager(  805): handleMessage -> MSG_UPDATE_STATE connected = 1,configured = 0
D/UsbDeviceManager(  805): updateUsbNotification : mConnected = true, mConfigured = false, mCurrentFunctions = mtp,adb
V/UsbDeviceManager(  805): USB UEVENT: {USB_STATE=DISCONNECTED, SUBSYSTEM=android_usb, DEVPATH=/devices/virtual/android_usb/android0, SEQNUM=27059, ACTION=change}
V/UsbDeviceManager(  805): USB UEVENT: {USB_STATE=CONNECTED, SUBSYSTEM=android_usb, DEVPATH=/devices/virtual/android_usb/android0, SEQNUM=27060, ACTION=change}
V/UsbDeviceManager(  805): USB UEVENT: {USB_STATE=CONFIGURED, SUBSYSTEM=android_usb, DEVPATH=/devices/virtual/android_usb/android0, SEQNUM=27061, ACTION=change}
D/PackageManager(  805): doPostInstall for uid{10342}
D/PackageManager(  805): + starting rerstore round-trip 2
D/PackageManager(  805): No resotre for backup - queue post-install for 2
D/STATUSBAR-NetworkController( 1190): onSignalStrengthsChanged signalStrength=SignalStrength: 99 -1 -1 -1 -1 -1 -1 25 -96 -13 -26 -1 2147483647 gsm|lte 0x2 level=2
D/PowerManagerService(  805): [api] updateIsPoweredLocked : mIsPowered: true mPlugType: 2
D/STATUSBAR-NetworkController( 1190): update carrier label
D/BatteryService(  805): Sending ACTION_BATTERY_CHANGED.
D/UsbDeviceManager(  805): updateUsbNotification : notify id = 17041159, title = Connected as a media device
D/STATUSBAR-IconMerger( 1190): checkOverflow(360), More:false, Req:false Child:0
D/UsbDeviceManager(  805): sending intent : ACTION_USB_STATE : connected = true, configured = false, functions = mtp,adb
D/UsbDeviceManager(  805): handleMessage -> MSG_UPDATE_STATE connected = 1,configured = 1
D/UsbDeviceManager(  805): updateUsbNotification : mConnected = true, mConfigured = true, mCurrentFunctions = mtp,adb
D/UsbDeviceManager(  805): sending intent : ACTION_USB_STATE : connected = true, configured = true, functions = mtp,adb
D/STATUSBAR-PhoneStatusBar( 1190):  mBrightnessEnablebySettings = true mBrightnessEnablebyBattery = true mBrightnessEnablebyDisableFlag = true mPmsBrightnessEnablebySettings = true
D/BatteryMeterView( 1190): ACTION_BATTERY_CHANGED : level:94 status:3 health:2
D/UsbDeviceManager(  805): received ACTION_POWER_DISCONNECTED = -1
D/STATUSBAR-IconMerger( 1190): checkOverflow(360), More:false, Req:false Child:0
W/ContextImpl(  805): Calling a method in the system process without a qualified user: android.app.ContextImpl.sendBroadcast:1482 com.android.server.StatusBarManagerService.sendNotification:965 com.android.server.StatusBarManagerService.addNotification:654 com.android.server.NotificationManagerService$7.run:2142 android.os.Handler.handleCallback:733 
D/STATUSBAR-StatusBarManagerService(  805): sendNotification(1) - 17041159
V/WindowManager(  805): rotationForOrientationLw(orient=-1, last=0); user=0  sensorRotation=2 mLidState=-1 mDockMode=0 mHdmiPlugged=false mAccelerometerDefault=false gripRotationLock=false
D/UsbDeviceManager(  805): handleMessage -> MSG_POWER_STATE = 1
D/PhoneStatusBar( 1190): setCarrierLabelVibibility : false
D/BatteryMeterView( 1190): onDraw batteryColor : -1
I/PackageManager(  805): Adding preferred activity ComponentInfo{com.android.mms/com.android.mms.ui.ConversationComposer} for user 0 :
I/EntropyMixer(  805): Writing entropy...
E/Watchdog(  805): !@Sync 2108
D/UsbDeviceManager(  805): sending intent : ACTION_USB_CABLE_STATE : connected = true
D/PowerUI ( 1190): playSound : 1
D/PowerUI ( 1190): RINGER_MODE_NORMAL
I/PackageManager(  805): Adding preferred activity ComponentInfo{com.android.mms/com.android.mms.ui.ConversationComposer} for user 0 :
D/STATUSBAR-PhoneStatusBar( 1190):  mBrightnessEnablebySettings = true mBrightnessEnablebyBattery = true mBrightnessEnablebyDisableFlag = true mPmsBrightnessEnablebySettings = true
D/BatteryMeterView( 1190): ACTION_BATTERY_CHANGED : level:94 status:2 health:2
D/BatteryMeterView( 1190): onDraw batteryColor : -1
I/PackageManager(  805): Adding preferred activity ComponentInfo{com.android.mms/com.android.mms.ui.ConversationComposer} for user 0 :
I/PackageManager(  805): Adding preferred activity ComponentInfo{com.android.mms/com.android.mms.ui.ConversationComposer} for user 0 :
D/PackageManager(  805): [MSG] MCS_UNBIND
I/PackageManager(  805): calling disconnectService()
D/PackageManager(  805): Trying to unbind to DefaultContainerService
I/ActivityManager(  805): Killing 7137:com.samsung.helphub/1000 (adj 15): empty #33
W/ContextImpl( 8499): Calling a method in the system process without a qualified user: android.app.ContextImpl.stopService:1830 android.content.ContextWrapper.stopService:511 android.content.ContextWrapper.stopService:511 com.sec.android.Kies.kies_receiver.onReceive:163 android.app.ActivityThread.handleReceiver:2552 
D/PackageManager(  805): [MSG] CHECK_PENDING_VERIFICATION
D/PackageManager(  805): [MSG] POST_INSTALL: observer{1166638256}
D/PackageManager(  805):           Handling post-install for 2
D/PackageManager(  805): Sending to user 0: act=android.intent.action.PACKAGE_ADDED dat=package:com.sportsplusinc.ios.sportsplus flg=0x4000000 Bundle[{android.intent.extra.UID=10342, android.intent.extra.user_handle=0}]
I/ActivityManager(  805): Killing 6845:com.sec.android.app.controlpanel/u0a74 (adj 15): empty #33
I/PackageManager(  805): Adding preferred activity ComponentInfo{com.android.mms/com.android.mms.ui.ConversationComposer} for user 0 :
D/PackageManager(  805): return install result to caller: 1166638256
D/PackageManager(  805): returnCode: 1
I/PackageManager(  805): Adding preferred activity ComponentInfo{com.android.mms/com.android.mms.ui.ConversationComposer} for user 0 :
I/PackageManager(  805): Adding preferred activity ComponentInfo{com.android.mms/com.android.mms.ui.ConversationComposer} for user 0 :
I/PackageManager(  805): Adding preferred activity ComponentInfo{com.android.mms/com.android.mms.ui.ConversationComposer} for user 0 :
I/ActivityManager(  805): Killing 7149:com.android.keychain/1000 (adj 15): empty #33
I/PackageManager(  805): Adding preferred activity ComponentInfo{com.android.mms/com.android.mms.ui.ConversationComposer} for user 0 :
I/PackageManager(  805): Adding preferred activity ComponentInfo{com.android.mms/com.android.mms.ui.ConversationComposer} for user 0 :
D/PhoneStatusBar( 1190): setCarrierLabelVibibility : false
D/STATUSBAR-IconMerger( 1190): checkOverflow(504), More:false, Req:false Child:1
D/BackupManagerService(  805): Received broadcast Intent { act=android.intent.action.PACKAGE_ADDED dat=package:com.sportsplusinc.ios.sportsplus flg=0x4000010 (has extras) }
I/PackageManager(  805): Adding preferred activity ComponentInfo{com.android.mms/com.android.mms.ui.ConversationComposer} for user 0 :
V/BackupManagerService(  805): addPackageParticipantsLocked: #1
I/PackageManager(  805): Adding preferred activity ComponentInfo{com.android.mms/com.android.mms.ui.ConversationComposer} for user 0 :
D/SSRMv2:Monitor(  805): SIOP:: AP = 380, Prev AP = 360, Duration = 13211, PST = 349
D/UsbManager(  805):  :::: isUsb30Enabled :: return = false from pid = 805
D/STATUSBAR-NetworkController( 1190): onSignalStrengthsChanged signalStrength=SignalStrength: 99 -1 -1 -1 -1 -1 -1 24 -96 -15 -26 -1 2147483647 gsm|lte 0x2 level=2
D/STATUSBAR-IconMerger( 1190): checkOverflow(504), More:false, Req:false Child:1
W/ContextImpl(18149): Calling a method in the system process without a qualified user: android.app.ContextImpl.startService:1824 android.content.ContextWrapper.startService:506 android.content.ContextWrapper.startService:506 com.sec.android.app.popupuireceiver.PopupuiReceiver.onReceive:266 android.app.ActivityThread.handleReceiver:2552 
D/STATUSBAR-StatusBarManagerService(  805): manageDisableList what=0x0 pkg=WindowManager.LayoutParams
W/ContextImpl(  805): Calling a method in the system process without a qualified user: android.app.ContextImpl.sendBroadcast:1468 com.android.server.InputMethodManagerService$4.run:2802 java.lang.Thread.run:841 <bottom of call stack> <bottom of call stack> 
W/InputMethodManagerService(  805): Starting input on non-focused client com.android.internal.view.IInputMethodClient$Stub$Proxy@45c8f8a0 (uid=10095 pid=6983)
D/STATUSBAR-StatusBarManagerService(  805): manageDisableList what=0x0 pkg=WindowManager.LayoutParams
W/ViewRootImpl(18149): Dropping event due to root view being removed: MotionEvent { action=ACTION_DOWN, id[0]=0, x[0]=709.0, y[0]=505.0, toolType[0]=TOOL_TYPE_FINGER, buttonState=0, metaState=0, flags=0x0, edgeFlags=0x0, pointerCount=1, historySize=0, eventTime=63285385, downTime=63285385, deviceId=8, source=0x1002 }
W/ContextImpl(  805): Calling a method in the system process without a qualified user: android.app.ContextImpl.sendBroadcast:1468 com.android.server.InputMethodManagerService$4.run:2802 java.lang.Thread.run:841 <bottom of call stack> <bottom of call stack> 
D/STATUSBAR-NetworkController( 1190): onSignalStrengthsChanged signalStrength=SignalStrength: 99 -1 -1 -1 -1 -1 -1 25 -96 -16 -30 -1 2147483647 gsm|lte 0x2 level=2
W/ContextImpl(18149): Calling a method in the system process without a qualified user: android.app.ContextImpl.startService:1824 android.content.ContextWrapper.startService:506 android.content.ContextWrapper.startService:506 com.sec.android.app.popupuireceiver.PopupuiReceiver.onReceive:261 android.app.ActivityThread.handleReceiver:2552 
W/ActivityManager(  805): Permission Denial: get/set setting for user asks to run as user -2 but is calling from user 0; this requires android.permission.INTERACT_ACROSS_USERS_FULL
W/ActivityManager(  805): mDVFSHelper.acquire()
W/ContextImpl(  805): Calling a method in the system process without a qualified user: android.app.ContextImpl.sendBroadcast:1482 com.android.server.am.ActivityStack.startPausingLocked:1006 com.android.server.am.ActivityStack.resumeTopActivityLocked:1945 com.android.server.am.ActivityStackSupervisor.resumeTopActivitiesLocked:3132 com.android.server.am.ActivityStackSupervisor.resumeTopActivitiesLocked:3104 
V/SmartFaceService - 3rd party pause(  805): onReceive [android.intent.action.ACTIVITY_STATE/com.android.packageinstaller/pause]
V/WindowManager(  805): rotationForOrientationLw(orient=1, last=0); user=0  sensorRotation=-1 mLidState=-1 mDockMode=0 mHdmiPlugged=false mAccelerometerDefault=false gripRotationLock=false
W/ContextImpl(  805): Calling a method in the system process without a qualified user: android.app.ContextImpl.sendBroadcast:1482 com.android.server.am.ActivityStackSupervisor.realStartActivityLocked:1180 com.android.server.am.ActivityStackSupervisor.attachApplicationLocked:614 com.android.server.am.ActivityManagerService.attachApplicationLocked:6020 com.android.server.am.ActivityManagerService.attachApplication:6080 
D/STATUSBAR-StatusBarManagerService(  805): manageDisableList what=0x0 pkg=WindowManager.LayoutParams
V/SmartFaceService - 3rd party pause(  805): onReceive [android.intent.action.ACTIVITY_STATE/com.sportsplusinc.ios.sportsplus/create]
D/MobileDataStateTracker(  805): fota: Broadcast received: android.intent.action.ANY_DATA_STATE apnType=fota
D/MobileDataStateTracker(  805): fota: Received state=DISCONNECTED, old=DISCONNECTED, reason=WeakSignal
D/MobileDataStateTracker(  805): dun: Broadcast received: android.intent.action.ANY_DATA_STATE apnType=dun
D/MobileDataStateTracker(  805): dun: Received state=DISCONNECTED, old=DISCONNECTED, reason=WeakSignal
D/MobileDataStateTracker(  805): supl: Broadcast received: android.intent.action.ANY_DATA_STATE apnType=supl
D/MobileDataStateTracker(  805): supl: Received state=DISCONNECTED, old=DISCONNECTED, reason=WeakSignal
D/MobileDataStateTracker(  805): hipri: Broadcast received: android.intent.action.ANY_DATA_STATE apnType=hipri
D/MobileDataStateTracker(  805): hipri: Received state=DISCONNECTED, old=DISCONNECTED, reason=WeakSignal
D/MobileDataStateTracker(  805): ims: Broadcast received: android.intent.action.ANY_DATA_STATE apnType=ims
D/MobileDataStateTracker(  805): ims: Received state=DISCONNECTED, old=DISCONNECTED, reason=WeakSignal
D/MobileDataStateTracker(  805): default: Broadcast received: android.intent.action.ANY_DATA_STATE apnType=default
D/MobileDataStateTracker(  805): default: Received state=DISCONNECTED, old=DISCONNECTED, reason=WeakSignal
D/MobileDataStateTracker(  805): mms: Broadcast received: android.intent.action.ANY_DATA_STATE apnType=mms
D/MobileDataStateTracker(  805): mms: Received state=DISCONNECTED, old=DISCONNECTED, reason=WeakSignal
D/MobileDataStateTracker(  805): cbs: Broadcast received: android.intent.action.ANY_DATA_STATE apnType=cbs
D/STATUSBAR-NetworkController( 1190): onSignalStrengthsChanged signalStrength=SignalStrength: 99 -1 -1 -1 -1 -1 -1 23 -96 -15 -32 -1 2147483647 gsm|lte 0x1 level=1
D/STATUSBAR-NetworkController( 1190): refreshSignalCluster: data=0 bt=false
D/MobileDataStateTracker(  805): cbs: Received state=DISCONNECTED, old=DISCONNECTED, reason=WeakSignal
D/STATUSBAR-IconMerger( 1190): checkOverflow(504), More:false, Req:false Child:1
I/ActivityManager(  805): Killing 7176:com.samsung.android.app.watchmanagerstub/u0a210 (adj 15): empty #33
W/Vold    (  256): Returning OperationFailed - no handler for errno 30
W/Vold    (  256): Returning OperationFailed - no handler for errno 30
D/STATUSBAR-NetworkController( 1190): refreshSignalCluster: data=0 bt=false
D/STATUSBAR-IconMerger( 1190): checkOverflow(504), More:false, Req:false Child:1
I/ActivityManager(  805): Killing 7188:com.samsung.android.provider.filterprovider/u0a209 (adj 15): empty #33
W/ContextImpl(  805): Calling a method in the system process without a qualified user: android.app.ContextImpl.sendBroadcast:1468 com.android.server.InputMethodManagerService$4.run:2802 java.lang.Thread.run:841 <bottom of call stack> <bottom of call stack> 
I/ActivityManager(  805): Killing 7200:com.sec.everglades/u0a124 (adj 15): empty #33
I/ActivityManager(  805): Killing 7217:com.nuance.swype.input/u0a157 (adj 15): empty #33
W/ActivityManager(  805): mDVFSHelper.release()
W/ContextImpl(  805): Calling a method in the system process without a qualified user: android.app.ContextImpl.sendBroadcast:1468 com.android.internal.policy.impl.PhoneWindowManager.notifyToSSRM:5478 com.android.internal.policy.impl.PhoneWindowManager.access$200:168 com.android.internal.policy.impl.PhoneWindowManager$PolicyHandler.handleMessage:696 android.os.Handler.dispatchMessage:102 
I/ActivityManager(  805): Killing 7229:com.sec.spp.push/u0a117 (adj 15): empty #33
D/SSRMv2:AirViewOnOff(  805): DeviceInfo:: 00000000000
D/SSRMv2:AirViewOnOff(  805): SettingsAirViewInfo:: 000100000
D/STATUSBAR-NetworkController( 1190): refreshSignalCluster: data=0 bt=false
D/STATUSBAR-IconMerger( 1190): checkOverflow(504), More:false, Req:false Child:1
W/ActivityManager(  805): Unable to start service Intent { act=com.sec.chaton.push.PUSH_CLIENT_SERVICE_ACTION } U=0: not found
I/ActivityManager(  805): Killing 7243:com.sec.spp.push:RemoteNotiProcess/u0a117 (adj 15): empty #33
I/ActivityManager(  805): Killing 6971:com.google.android.apps.docs/u0a211 (adj 15): empty #33
I/ActivityManager(  805): Killing 7354:com.emoji.coolkeyboard/u0a338 (adj 15): empty #33
W/ContextImpl( 8829): Calling a method in the system process without a qualified user: android.app.ContextImpl.startService:1824 android.content.ContextWrapper.startService:506 android.content.ContextWrapper.startService:506 com.samsung.android.app.filterinstaller.PackageIntentReceiver.onReceive:53 android.app.ActivityThread.handleReceiver:2552 
I/ActivityManager(  805): Killing 6929:com.android.documentsui/u0a249 (adj 15): empty #33
W/Vold    (  256): Returning OperationFailed - no handler for errno 30
W/Vold    (  256): Returning OperationFailed - no handler for errno 30
W/Vold    (  256): Returning OperationFailed - no handler for errno 30
D/STATUSBAR-NetworkController( 1190): refreshSignalCluster: data=0 bt=false
D/STATUSBAR-IconMerger( 1190): checkOverflow(504), More:false, Req:false Child:1
I/ActivityManager(  805): Killing 7540:com.sec.android.provider.badge/u0a14 (adj 15): empty #33
I/ActivityManager(  805): Killing 32397:com.google.android.googlequicksearchbox:search/u0a169 (adj 15): empty #33
I/ActivityManager(  805): Killing 7301:com.google.android.gms.wearable/u0a63 (adj 15): empty #33
I/ActivityManager(  805): Killing 8025:com.google.android.gm/u0a62 (adj 15): empty #33
I/ActivityManager(  805): Killing 7392:com.sec.android.widgetapp.SPlannerAppWidget/u0a50 (adj 15): empty #33
D/BatteryService(  805): level:94, scale:100, status:2, health:2, present:true, voltage: 4046, temperature: 282, technology: Li-ion, AC powered:false, USB powered:true, Wireless powered:false, icon:17303408, invalid charger:0, online:6, current avg:420, charge type:1
D/BatteryService(  805): Sending ACTION_BATTERY_CHANGED.
D/STATUSBAR-PhoneStatusBar( 1190):  mBrightnessEnablebySettings = true mBrightnessEnablebyBattery = true mBrightnessEnablebyDisableFlag = true mPmsBrightnessEnablebySettings = true
D/BatteryMeterView( 1190): ACTION_BATTERY_CHANGED : level:94 status:2 health:2
D/STATUSBAR-IconMerger( 1190): checkOverflow(504), More:false, Req:false Child:1
D/STATUSBAR-NetworkController( 1190): onSignalStrengthsChanged signalStrength=SignalStrength: 99 -1 -1 -1 -1 -1 -1 23 -96 -16 -30 -1 2147483647 gsm|lte 0x2 level=2
D/STATUSBAR-NetworkController( 1190): refreshSignalCluster: data=0 bt=false
D/STATUSBAR-IconMerger( 1190): checkOverflow(504), More:false, Req:false Child:1
V/AlarmManager(  805): waitForAlarm result :4
D/STATUSBAR-NetworkController( 1190): refreshSignalCluster: data=0 bt=false
D/STATUSBAR-IconMerger( 1190): checkOverflow(504), More:false, Req:false Child:1
V/AlarmManager(  805): waitForAlarm result :4
V/AlarmManager(  805): waitForAlarm result :4
I/ActivityManager(  805): Killing 7405:com.android.mms/u0a141 (adj 15): empty #33
V/AlarmManager(  805): waitForAlarm result :4
D/STATUSBAR-NetworkController( 1190): refreshSignalCluster: data=0 bt=false
D/STATUSBAR-IconMerger( 1190): checkOverflow(504), More:false, Req:false Child:1
W/Vold    (  256): Returning OperationFailed - no handler for errno 30
W/Vold    (  256): Returning OperationFailed - no handler for errno 30
W/Vold    (  256): Returning OperationFailed - no handler for errno 30
D/MobileDataStateTracker(  805): fota: Broadcast received: android.intent.action.ANY_DATA_STATE apnType=fota
D/MobileDataStateTracker(  805): fota: Received state=DISCONNECTED, old=DISCONNECTED, reason=WeakSignal
D/MobileDataStateTracker(  805): dun: Broadcast received: android.intent.action.ANY_DATA_STATE apnType=dun
D/MobileDataStateTracker(  805): dun: Received state=DISCONNECTED, old=DISCONNECTED, reason=WeakSignal
D/MobileDataStateTracker(  805): supl: Broadcast received: android.intent.action.ANY_DATA_STATE apnType=supl
D/MobileDataStateTracker(  805): supl: Received state=DISCONNECTED, old=DISCONNECTED, reason=WeakSignal
D/MobileDataStateTracker(  805): hipri: Broadcast received: android.intent.action.ANY_DATA_STATE apnType=hipri
D/MobileDataStateTracker(  805): hipri: Received state=DISCONNECTED, old=DISCONNECTED, reason=WeakSignal
D/MobileDataStateTracker(  805): ims: Broadcast received: android.intent.action.ANY_DATA_STATE apnType=ims
D/MobileDataStateTracker(  805): ims: Received state=DISCONNECTED, old=DISCONNECTED, reason=WeakSignal
D/MobileDataStateTracker(  805): default: Broadcast received: android.intent.action.ANY_DATA_STATE apnType=default
D/STATUSBAR-NetworkController( 1190): onSignalStrengthsChanged signalStrength=SignalStrength: 99 -1 -1 -1 -1 -1 -1 23 -97 -17 -36 -1 2147483647 gsm|lte 0x1 level=1
D/STATUSBAR-NetworkController( 1190): refreshSignalCluster: data=0 bt=false
D/MobileDataStateTracker(  805): default: Received state=DISCONNECTED, old=DISCONNECTED, reason=WeakSignal
D/MobileDataStateTracker(  805): mms: Broadcast received: android.intent.action.ANY_DATA_STATE apnType=mms
D/MobileDataStateTracker(  805): mms: Received state=DISCONNECTED, old=DISCONNECTED, reason=WeakSignal
D/MobileDataStateTracker(  805): cbs: Broadcast received: android.intent.action.ANY_DATA_STATE apnType=cbs
D/MobileDataStateTracker(  805): cbs: Received state=DISCONNECTED, old=DISCONNECTED, reason=WeakSignal
D/STATUSBAR-IconMerger( 1190): checkOverflow(504), More:false, Req:false Child:1
W/ContextImpl(  805): Calling a method in the system process without a qualified user: android.app.ContextImpl.sendBroadcast:1468 com.android.server.InputMethodManagerService$4.run:2802 java.lang.Thread.run:841 <bottom of call stack> <bottom of call stack> 
D/STATUSBAR-NetworkController( 1190): refreshSignalCluster: data=0 bt=false
D/SSRMv2:Monitor(  805): SIOP:: AP = 400, Prev AP = 380, Duration = 10029, PST = 356
D/STATUSBAR-IconMerger( 1190): checkOverflow(504), More:false, Req:false Child:1
D/STATUSBAR-NetworkController( 1190): onSignalStrengthsChanged signalStrength=SignalStrength: 99 -1 -1 -1 -1 -1 -1 23 -99 -17 -44 -1 2147483647 gsm|lte 0x1 level=1
D/PackageManager(  805): [MSG] WRITE_PACKAGE_RESTRICTIONS
D/STATUSBAR-NetworkController( 1190): refreshSignalCluster: data=0 bt=false
D/STATUSBAR-IconMerger( 1190): checkOverflow(504), More:false, Req:false Child:1
I/ActivityManager(  805): Killing 7431:com.sec.android.widgetapp.alarmwidget/u0a3 (adj 15): empty #33
I/ActivityManager(  805): Killing 7444:com.sec.android.widgetapp.digitalclock/u0a36 (adj 15): empty #33
--------- beginning of /dev/log/main
E/MP-Decision( 1859): UP cpu:1 core_idx:1 Nw:1.900000 Tw:140 rq:3.400000 seq:147.000000
E/MP-Decision( 1859): UP cpu:2 core_idx:2 Nw:2.700000 Tw:90 rq:3.400000 seq:147.000000
D/FileTransfer( 8618): download http://dev-sportsplus-main-03-46331.onmodulus.net/__cordova/assets/fonts/g46X4VH_KHOWAAa-HpnGPgsYbbCjybiHxArTLjt7FRU.woff2?f8Pi7TJeg6ayMDkB2 to file:///data/data/com.sportsplusinc.ios.sportsplus/files/meteor/05197ad601223fabb72c17c5f7cbcfe18fd06a7b/assets/fonts/g46X4VH_KHOWAAa-HpnGPgsYbbCjybiHxArTLjt7FRU.woff2
V/meteor.cordova.updater( 8618): remapUri http://dev-sportsplus-main-03-46331.onmodulus.net/__cordova/assets/fonts/g46X4VH_KHOWAAa-HpnGPgsYbbCjybiHxArTLjt7FRU.woff2?f8Pi7TJeg6ayMDkB2
D/meteor.cordova.updater( 8618): Host is not intercepted: dev-sportsplus-main-03-46331.onmodulus.net
V/meteor.cordova.updater( 8618): remapUri file:///data/data/com.sportsplusinc.ios.sportsplus/files/meteor/05197ad601223fabb72c17c5f7cbcfe18fd06a7b/assets/fonts/g46X4VH_KHOWAAa-HpnGPgsYbbCjybiHxArTLjt7FRU.woff2
D/meteor.cordova.updater( 8618): Scheme is not intercepted: file
D/FileTransfer( 8618): Download file:http://dev-sportsplus-main-03-46331.onmodulus.net/__cordova/assets/fonts/g46X4VH_KHOWAAa-HpnGPgsYbbCjybiHxArTLjt7FRU.woff2?f8Pi7TJeg6ayMDkB2
D/CordovaLog( 8618): http://meteor.local/13adf1330be3511983a868a9749c87b3565645a8.js: Line 42 : METEOR CORDOVA DEBUG (autoupdate_cordova.js) start downloading /assets/fonts/glyphicons-halflings-regular.eot
I/chromium( 8618): [INFO:CONSOLE(42)] "METEOR CORDOVA DEBUG (autoupdate_cordova.js) start downloading /assets/fonts/glyphicons-halflings-regular.eot", source: http://meteor.local/13adf1330be3511983a868a9749c87b3565645a8.js (42)
D/FileTransfer( 8618): download http://dev-sportsplus-main-03-46331.onmodulus.net/__cordova/assets/fonts/glyphicons-halflings-regular.eot?vj2QSrX2tMkkBSDdR to file:///data/data/com.sportsplusinc.ios.sportsplus/files/meteor/05197ad601223fabb72c17c5f7cbcfe18fd06a7b/assets/fonts/glyphicons-halflings-regular.eot
V/meteor.cordova.updater( 8618): remapUri http://dev-sportsplus-main-03-46331.onmodulus.net/__cordova/assets/fonts/glyphicons-halflings-regular.eot?vj2QSrX2tMkkBSDdR
D/meteor.cordova.updater( 8618): Host is not intercepted: dev-sportsplus-main-03-46331.onmodulus.net
V/meteor.cordova.updater( 8618): remapUri file:///data/data/com.sportsplusinc.ios.sportsplus/files/meteor/05197ad601223fabb72c17c5f7cbcfe18fd06a7b/assets/fonts/glyphicons-halflings-regular.eot
D/meteor.cordova.updater( 8618): Scheme is not intercepted: file
D/FileTransfer( 8618): Download file:http://dev-sportsplus-main-03-46331.onmodulus.net/__cordova/assets/fonts/glyphicons-halflings-regular.eot?vj2QSrX2tMkkBSDdR
D/CordovaLog( 8618): http://meteor.local/13adf1330be3511983a868a9749c87b3565645a8.js: Line 42 : METEOR CORDOVA DEBUG (autoupdate_cordova.js) start downloading /assets/fonts/glyphicons-halflings-regular.svg
I/chromium( 8618): [INFO:CONSOLE(42)] "METEOR CORDOVA DEBUG (autoupdate_cordova.js) start downloading /assets/fonts/glyphicons-halflings-regular.svg", source: http://meteor.local/13adf1330be3511983a868a9749c87b3565645a8.js (42)
D/FileTransfer( 8618): download http://dev-sportsplus-main-03-46331.onmodulus.net/__cordova/assets/fonts/glyphicons-halflings-regular.svg?NkxaCxom7hnjktz7x to file:///data/data/com.sportsplusinc.ios.sportsplus/files/meteor/05197ad601223fabb72c17c5f7cbcfe18fd06a7b/assets/fonts/glyphicons-halflings-regular.svg
V/meteor.cordova.updater( 8618): remapUri http://dev-sportsplus-main-03-46331.onmodulus.net/__cordova/assets/fonts/glyphicons-halflings-regular.svg?NkxaCxom7hnjktz7x
D/meteor.cordova.updater( 8618): Host is not intercepted: dev-sportsplus-main-03-46331.onmodulus.net
V/meteor.cordova.updater( 8618): remapUri file:///data/data/com.sportsplusinc.ios.sportsplus/files/meteor/05197ad601223fabb72c17c5f7cbcfe18fd06a7b/assets/fonts/glyphicons-halflings-regular.svg
D/meteor.cordova.updater( 8618): Scheme is not intercepted: file
D/FileTransfer( 8618): Download file:http://dev-sportsplus-main-03-46331.onmodulus.net/__cordova/assets/fonts/glyphicons-halflings-regular.svg?NkxaCxom7hnjktz7x
D/CordovaLog( 8618): http://meteor.local/13adf1330be3511983a868a9749c87b3565645a8.js: Line 42 : METEOR CORDOVA DEBUG (autoupdate_cordova.js) start downloading /assets/fonts/glyphicons-halflings-regular.ttf
I/chromium( 8618): [INFO:CONSOLE(42)] "METEOR CORDOVA DEBUG (autoupdate_cordova.js) start downloading /assets/fonts/glyphicons-halflings-regular.ttf", source: http://meteor.local/13adf1330be3511983a868a9749c87b3565645a8.js (42)
D/FileTransfer( 8618): download http://dev-sportsplus-main-03-46331.onmodulus.net/__cordova/assets/fonts/glyphicons-halflings-regular.ttf?wEywW4MAPAxz6Zg3r to file:///data/data/com.sportsplusinc.ios.sportsplus/files/meteor/05197ad601223fabb72c17c5f7cbcfe18fd06a7b/assets/fonts/glyphicons-halflings-regular.ttf
V/meteor.cordova.updater( 8618): remapUri http://dev-sportsplus-main-03-46331.onmodulus.net/__cordova/assets/fonts/glyphicons-halflings-regular.ttf?wEywW4MAPAxz6Zg3r
D/meteor.cordova.updater( 8618): Host is not intercepted: dev-sportsplus-main-03-46331.onmodulus.net
V/meteor.cordova.updater( 8618): remapUri file:///data/data/com.sportsplusinc.ios.sportsplus/files/meteor/05197ad601223fabb72c17c5f7cbcfe18fd06a7b/assets/fonts/glyphicons-halflings-regular.ttf
D/meteor.cordova.updater( 8618): Scheme is not intercepted: file
D/FileTransfer( 8618): Download file:http://dev-sportsplus-main-03-46331.onmodulus.net/__cordova/assets/fonts/glyphicons-halflings-regular.ttf?wEywW4MAPAxz6Zg3r
D/CordovaLog( 8618): http://meteor.local/13adf1330be3511983a868a9749c87b3565645a8.js: Line 42 : METEOR CORDOVA DEBUG (autoupdate_cordova.js) start downloading /assets/fonts/glyphicons-halflings-regular.woff
I/chromium( 8618): [INFO:CONSOLE(42)] "METEOR CORDOVA DEBUG (autoupdate_cordova.js) start downloading /assets/fonts/glyphicons-halflings-regular.woff", source: http://meteor.local/13adf1330be3511983a868a9749c87b3565645a8.js (42)
D/FileTransfer( 8618): download http://dev-sportsplus-main-03-46331.onmodulus.net/__cordova/assets/fonts/glyphicons-halflings-regular.woff?xo3a476u54QJmk5n5 to file:///data/data/com.sportsplusinc.ios.sportsplus/files/meteor/05197ad601223fabb72c17c5f7cbcfe18fd06a7b/assets/fonts/glyphicons-halflings-regular.woff
V/meteor.cordova.updater( 8618): remapUri http://dev-sportsplus-main-03-46331.onmodulus.net/__cordova/assets/fonts/glyphicons-halflings-regular.woff?xo3a476u54QJmk5n5
D/meteor.cordova.updater( 8618): Host is not intercepted: dev-sportsplus-main-03-46331.onmodulus.net
V/meteor.cordova.updater( 8618): remapUri file:///data/data/com.sportsplusinc.ios.sportsplus/files/meteor/05197ad601223fabb72c17c5f7cbcfe18fd06a7b/assets/fonts/glyphicons-halflings-regular.woff
D/meteor.cordova.updater( 8618): Scheme is not intercepted: file
D/CordovaLog( 8618): http://meteor.local/13adf1330be3511983a868a9749c87b3565645a8.js: Line 42 : METEOR CORDOVA DEBUG (autoupdate_cordova.js) start downloading /assets/fonts/glyphicons-halflings-regular.woff2
I/chromium( 8618): [INFO:CONSOLE(42)] "METEOR CORDOVA DEBUG (autoupdate_cordova.js) start downloading /assets/fonts/glyphicons-halflings-regular.woff2", source: http://meteor.local/13adf1330be3511983a868a9749c87b3565645a8.js (42)
D/FileTransfer( 8618): Download file:http://dev-sportsplus-main-03-46331.onmodulus.net/__cordova/assets/fonts/glyphicons-halflings-regular.woff?xo3a476u54QJmk5n5
D/FileTransfer( 8618): download http://dev-sportsplus-main-03-46331.onmodulus.net/__cordova/assets/fonts/glyphicons-halflings-regular.woff2?wG7u8b7BseviQDLcj to file:///data/data/com.sportsplusinc.ios.sportsplus/files/meteor/05197ad601223fabb72c17c5f7cbcfe18fd06a7b/assets/fonts/glyphicons-halflings-regular.woff2
V/meteor.cordova.updater( 8618): remapUri http://dev-sportsplus-main-03-46331.onmodulus.net/__cordova/assets/fonts/glyphicons-halflings-regular.woff2?wG7u8b7BseviQDLcj
D/meteor.cordova.updater( 8618): Host is not intercepted: dev-sportsplus-main-03-46331.onmodulus.net
V/meteor.cordova.updater( 8618): remapUri file:///data/data/com.sportsplusinc.ios.sportsplus/files/meteor/05197ad601223fabb72c17c5f7cbcfe18fd06a7b/assets/fonts/glyphicons-halflings-regular.woff2
D/meteor.cordova.updater( 8618): Scheme is not intercepted: file
D/FileTransfer( 8618): Download file:http://dev-sportsplus-main-03-46331.onmodulus.net/__cordova/assets/fonts/glyphicons-halflings-regular.woff2?wG7u8b7BseviQDLcj
D/CordovaLog( 8618): http://meteor.local/13adf1330be3511983a868a9749c87b3565645a8.js: Line 42 : METEOR CORDOVA DEBUG (autoupdate_cordova.js) start downloading /assets/fonts/hpORcvLZtemlH8gI-1S-7gsYbbCjybiHxArTLjt7FRU.woff2
